16/5/2026, 6:03:19 pm | [2026-05-16T12:33:20.450Z] [LOG] {
  "screen": "AdminDashboard",
  "event": "ADMIN_API_STARTED",
  "empNo": "1009",
  "timestamp": "2026-05-16T12:33:20.450Z"
}
16/5/2026, 6:03:19 pm | [2026-05-16T12:33:20.449Z] [LOG] {
  "screen": "AdminDashboard",
  "event": "LOGGED_USER_FETCHED",
  "hasUser": true,
  "timestamp": "2026-05-16T12:33:20.449Z"
}
16/5/2026, 6:03:19 pm | [2026-05-16T12:33:20.365Z] [LOG] {
  "screen": "AdminDashboard",
  "event": "LOAD_ADMIN_STARTED",
  "timestamp": "2026-05-16T12:33:20.365Z"
}
16/5/2026, 6:03:19 pm | [2026-05-16T12:33:20.363Z] [LOG] {
  "screen": "AdminDashboard",
  "event": "REFRESH_STARTED",
  "timestamp": "2026-05-16T12:33:20.363Z"
}
16/5/2026, 6:03:19 pm | [2026-05-16T12:33:20.752Z] [LOG] {
  "screen": "AdminDashboard",
  "event": "DASHBOARD_API_STARTED",
  "empNo": "1009",
  "timestamp": "2026-05-16T12:33:20.752Z"
}
16/5/2026, 6:03:19 pm | [2026-05-16T12:33:20.752Z] [LOG] {
  "screen": "AdminDashboard",
  "event": "ADMIN_DATA_LOADED",
  "empNo": "1009",
  "employeeName": "PATHAN AMREEN",
  "branch": "Corporate Office",
  "timestamp": "2026-05-16T12:33:20.752Z"
}
16/5/2026, 6:03:19 pm | [2026-05-16T12:33:20.825Z] [LOG] {
  "screen": "AdminDashboard",
  "event": "DASHBOARD_DATA_LOADED",
  "submitted": 0,
  "pending": 56,
  "totalAmount": 0,
  "average": 0,
  "refreshedAt": "6:03 pm",
  "timestamp": "2026-05-16T12:33:20.825Z"
}
16/5/2026, 6:03:19 pm | [2026-05-16T12:33:20.828Z] [LOG] {
  "screen": "AdminDashboard",
  "event": "REFRESH_COMPLETED",
  "refreshedAt": "6:03 pm",
  "timestamp": "2026-05-16T12:33:20.828Z"
}
16/5/2026, 6:03:19 pm | [2026-05-16T12:33:20.826Z] [LOG] {
  "screen": "AdminDashboard",
  "event": "LOADING_COMPLETED",
  "timestamp": "2026-05-16T12:33:20.826Z"
}
16/5/2026, 6:03:25 pm | [2026-05-16T12:33:26.773Z] [LOG] {
  "screen": "AdminDashboard",
  "event": "SUBMITTED_COLLAPSED",
  "submittedCount": 0,
  "timestamp": "2026-05-16T12:33:26.773Z"
}
16/5/2026, 6:03:26 pm | [2026-05-16T12:33:27.692Z] [LOG] {
  "screen": "AdminDashboard",
  "event": "PENDING_EXPANDED",
  "pendingCount": 56,
  "timestamp": "2026-05-16T12:33:27.692Z"
}
16/5/2026, 6:03:27 pm | [2026-05-16T12:33:28.680Z] [LOG] {
  "screen": "AdminDashboard",
  "event": "SUBMITTED_EXPANDED",
  "submittedCount": 0,
  "timestamp": "2026-05-16T12:33:28.680Z"
}
16/5/2026, 6:03:29 pm | [2026-05-16T12:33:31.196Z] [LOG] {
  "screen": "AdminDashboard",
  "event": "SUBMITTED_COLLAPSED",
  "submittedCount": 0,
  "timestamp": "2026-05-16T12:33:31.196Z"
}
16/5/2026, 6:03:31 pm | [2026-05-16T12:33:33.193Z] [LOG] {
  "screen": "AdminDashboard",
  "event": "REFRESH_STARTED",
  "timestamp": "2026-05-16T12:33:33.193Z"
}
16/5/2026, 6:03:31 pm | [2026-05-16T12:33:33.197Z] [LOG] {
  "screen": "AdminDashboard",
  "event": "LOAD_ADMIN_STARTED",
  "timestamp": "2026-05-16T12:33:33.197Z"
}
16/5/2026, 6:03:31 pm | [2026-05-16T12:33:33.250Z] [LOG] {
  "screen": "AdminDashboard",
  "event": "LOGGED_USER_FETCHED",
  "hasUser": true,
  "timestamp": "2026-05-16T12:33:33.250Z"
}
16/5/2026, 6:03:31 pm | [2026-05-16T12:33:33.251Z] [LOG] {
  "screen": "AdminDashboard",
  "event": "ADMIN_API_STARTED",
  "empNo": "1009",
  "timestamp": "2026-05-16T12:33:33.251Z"
}
16/5/2026, 6:03:32 pm | [2026-05-16T12:33:33.544Z] [LOG] {
  "screen": "AdminDashboard",
  "event": "DASHBOARD_API_STARTED",
  "empNo": "1009",
  "timestamp": "2026-05-16T12:33:33.544Z"
}
16/5/2026, 6:03:32 pm | [2026-05-16T12:33:33.543Z] [LOG] {
  "screen": "AdminDashboard",
  "event": "ADMIN_DATA_LOADED",
  "empNo": "1009",
  "employeeName": "PATHAN AMREEN",
  "branch": "Corporate Office",
  "timestamp": "2026-05-16T12:33:33.543Z"
}
16/5/2026, 6:03:32 pm | [2026-05-16T12:33:33.664Z] [LOG] {
  "screen": "AdminDashboard",
  "event": "REFRESH_COMPLETED",
  "refreshedAt": "6:03 pm",
  "timestamp": "2026-05-16T12:33:33.664Z"
}
16/5/2026, 6:03:32 pm | [2026-05-16T12:33:33.661Z] [LOG] {
  "screen": "AdminDashboard",
  "event": "LOADING_COMPLETED",
  "timestamp": "2026-05-16T12:33:33.661Z"
}
16/5/2026, 6:03:32 pm | [2026-05-16T12:33:33.659Z] [LOG] {
  "screen": "AdminDashboard",
  "event": "DASHBOARD_DATA_LOADED",
  "submitted": 0,
  "pending": 56,
  "totalAmount": 0,
  "average": 0,
  "refreshedAt": "6:03 pm",
  "timestamp": "2026-05-16T12:33:33.659Z"
}
16/5/2026, 6:03:33 pm | [2026-05-16T12:33:34.869Z] [LOG] {
  "screen": "AdminDashboard",
  "event": "REFRESH_STARTED",
  "timestamp": "2026-05-16T12:33:34.868Z"
}
16/5/2026, 6:03:33 pm | [2026-05-16T12:33:34.872Z] [LOG] {
  "screen": "AdminDashboard",
  "event": "LOAD_ADMIN_STARTED",
  "timestamp": "2026-05-16T12:33:34.871Z"
}
16/5/2026, 6:03:33 pm | [2026-05-16T12:33:34.942Z] [LOG] {
  "screen": "AdminDashboard",
  "event": "ADMIN_API_STARTED",
  "empNo": "1009",
  "timestamp": "2026-05-16T12:33:34.942Z"
}
16/5/2026, 6:03:33 pm | [2026-05-16T12:33:34.941Z] [LOG] {
  "screen": "AdminDashboard",
  "event": "LOGGED_USER_FETCHED",
  "hasUser": true,
  "timestamp": "2026-05-16T12:33:34.941Z"
}
16/5/2026, 6:03:33 pm | [2026-05-16T12:33:35.013Z] [LOG] {
  "screen": "AdminDashboard",
  "event": "ADMIN_DATA_LOADED",
  "empNo": "1009",
  "employeeName": "PATHAN AMREEN",
  "branch": "Corporate Office",
  "timestamp": "2026-05-16T12:33:35.012Z"
}
16/5/2026, 6:03:33 pm | [2026-05-16T12:33:35.013Z] [LOG] {
  "screen": "AdminDashboard",
  "event": "DASHBOARD_API_STARTED",
  "empNo": "1009",
  "timestamp": "2026-05-16T12:33:35.013Z"
}
16/5/2026, 6:03:33 pm | [2026-05-16T12:33:35.123Z] [LOG] {
  "screen": "AdminDashboard",
  "event": "LOADING_COMPLETED",
  "timestamp": "2026-05-16T12:33:35.123Z"
}
16/5/2026, 6:03:33 pm | [2026-05-16T12:33:35.126Z] [LOG] {
  "screen": "AdminDashboard",
  "event": "REFRESH_COMPLETED",
  "refreshedAt": "6:03 pm",
  "timestamp": "2026-05-16T12:33:35.126Z"
}
16/5/2026, 6:03:33 pm | [2026-05-16T12:33:35.122Z] [LOG] {
  "screen": "AdminDashboard",
  "event": "DASHBOARD_DATA_LOADED",
  "submitted": 0,
  "pending": 56,
  "totalAmount": 0,
  "average": 0,
  "refreshedAt": "6:03 pm",
  "timestamp": "2026-05-16T12:33:35.122Z"
}
16/5/2026, 6:03:38 pm | [2026-05-16T12:33:40.441Z] [LOG] {
  "screen": "AdminDashboard",
  "event": "BRANCH_CONTACT_API_STARTED",
  "branch": "Nidadavolu",
  "branchCode": "54",
  "timestamp": "2026-05-16T12:33:40.441Z"
}
16/5/2026, 6:03:39 pm | [2026-05-16T12:33:40.530Z] [LOG] {
  "screen": "AdminDashboard",
  "event": "BRANCH_CONTACTS_LOADED",
  "branch": "Nidadavolu",
  "contactsCount": 4,
  "timestamp": "2026-05-16T12:33:40.530Z"
}
16/5/2026, 6:04:04 pm | [2026-05-16T12:34:05.474Z] [LOG] {
  "screen": "AdminDashboard",
  "event": "BRANCH_CONTACT_API_STARTED",
  "branch": "Akividu",
  "branchCode": "48",
  "timestamp": "2026-05-16T12:34:05.474Z"
}
16/5/2026, 6:04:04 pm | [2026-05-16T12:34:05.717Z] [LOG] {
  "screen": "AdminDashboard",
  "event": "BRANCH_CONTACTS_LOADED",
  "branch": "Akividu",
  "contactsCount": 5,
  "timestamp": "2026-05-16T12:34:05.717Z"
}
16/5/2026, 6:04:11 pm | [2026-05-16T12:34:13.003Z] [LOG] {
  "screen": "AdminDashboard",
  "event": "BRANCH_CONTACT_API_STARTED",
  "branch": "Chilakaluripet",
  "branchCode": "20",
  "timestamp": "2026-05-16T12:34:13.003Z"
}
16/5/2026, 6:04:11 pm | [2026-05-16T12:34:13.422Z] [LOG] {
  "screen": "AdminDashboard",
  "event": "BRANCH_CONTACTS_LOADED",
  "branch": "Chilakaluripet",
  "contactsCount": 5,
  "timestamp": "2026-05-16T12:34:13.422Z"
}
16/5/2026, 6:04:16 pm | [2026-05-16T12:34:18.369Z] [LOG] {
  "screen": "AdminDashboard",
  "event": "BRANCH_CONTACT_API_STARTED",
  "branch": "CO",
  "branchCode": "3",
  "timestamp": "2026-05-16T12:34:18.369Z"
}
16/5/2026, 6:04:17 pm | [2026-05-16T12:34:18.541Z] [LOG] {
  "screen": "AdminDashboard",
  "event": "BRANCH_CONTACTS_LOADED",
  "branch": "CO",
  "contactsCount": 13,
  "timestamp": "2026-05-16T12:34:18.541Z"
}
16/5/2026, 6:04:51 pm | [2026-05-16T12:34:53.134Z] [LOG] {
  "screen": "AdminDashboard",
  "event": "BRANCH_CONTACT_API_STARTED",
  "branch": "CO",
  "branchCode": "3",
  "timestamp": "2026-05-16T12:34:53.134Z"
}
16/5/2026, 6:04:51 pm | [2026-05-16T12:34:53.430Z] [LOG] {
  "screen": "AdminDashboard",
  "event": "BRANCH_CONTACTS_LOADED",
  "branch": "CO",
  "contactsCount": 13,
  "timestamp": "2026-05-16T12:34:53.430Z"
}
16/5/2026, 6:05:05 pm | [2026-05-16T12:35:06.483Z] [LOG] {
  "screen": "AdminDashboard",
  "event": "BRANCH_CONTACT_API_STARTED",
  "branch": "CO",
  "branchCode": "3",
  "timestamp": "2026-05-16T12:35:06.483Z"
}
16/5/2026, 6:05:05 pm | [2026-05-16T12:35:06.841Z] [LOG] {
  "screen": "AdminDashboard",
  "event": "BRANCH_CONTACTS_LOADED",
  "branch": "CO",
  "contactsCount": 13,
  "timestamp": "2026-05-16T12:35:06.841Z"
}
16/5/2026, 6:05:07 pm | [2026-05-16T12:35:09.433Z] [LOG] {
  "screen": "AdminDashboard",
  "event": "BRANCH_CONTACT_API_STARTED",
  "branch": "Bhimavaram",
  "branchCode": "15",
  "timestamp": "2026-05-16T12:35:09.433Z"
}
16/5/2026, 6:05:08 pm | [2026-05-16T12:35:09.565Z] [LOG] {
  "screen": "AdminDashboard",
  "event": "BRANCH_CONTACTS_LOADED",
  "branch": "Bhimavaram",
  "contactsCount": 7,
  "timestamp": "2026-05-16T12:35:09.565Z"
}
16/5/2026, 6:05:10 pm | [2026-05-16T12:35:12.049Z] [LOG] {
  "screen": "AdminDashboard",
  "event": "BRANCH_CONTACT_API_STARTED",
  "branch": "Gajuwaka",
  "branchCode": "38",
  "timestamp": "2026-05-16T12:35:12.049Z"
}
16/5/2026, 6:05:10 pm | [2026-05-16T12:35:12.293Z] [LOG] {
  "screen": "AdminDashboard",
  "event": "BRANCH_CONTACTS_LOADED",
  "branch": "Gajuwaka",
  "contactsCount": 7,
  "timestamp": "2026-05-16T12:35:12.293Z"
}
16/5/2026, 6:05:14 pm | [2026-05-16T12:35:15.570Z] [LOG] {
  "screen": "AdminDashboard",
  "event": "BRANCH_CONTACT_API_STARTED",
  "branch": "CO",
  "branchCode": "3",
  "timestamp": "2026-05-16T12:35:15.570Z"
}
16/5/2026, 6:05:14 pm | [2026-05-16T12:35:16.002Z] [LOG] {
  "screen": "AdminDashboard",
  "event": "BRANCH_CONTACTS_LOADED",
  "branch": "CO",
  "contactsCount": 13,
  "timestamp": "2026-05-16T12:35:16.002Z"
}
16/5/2026, 6:05:38 pm | [2026-05-16T12:35:39.450Z] [LOG] {
  "screen": "AdminDashboard",
  "event": "BRANCH_CONTACT_API_STARTED",
  "branch": "CO",
  "branchCode": "3",
  "timestamp": "2026-05-16T12:35:39.450Z"
}
16/5/2026, 6:05:38 pm | [2026-05-16T12:35:39.764Z] [LOG] {
  "screen": "AdminDashboard",
  "event": "BRANCH_CONTACTS_LOADED",
  "branch": "CO",
  "contactsCount": 13,
  "timestamp": "2026-05-16T12:35:39.763Z"
}
16/5/2026, 6:05:55 pm | [2026-05-16T12:35:56.761Z] [LOG] {
  "screen": "AdminDashboard",
  "event": "PENDING_COLLAPSED",
  "pendingCount": 56,
  "timestamp": "2026-05-16T12:35:56.761Z"
}
16/5/2026, 6:05:56 pm | [2026-05-16T12:35:57.998Z] [LOG] {
  "screen": "AdminDashboard",
  "event": "PENDING_EXPANDED",
  "pendingCount": 56,
  "timestamp": "2026-05-16T12:35:57.997Z"
}
16/5/2026, 6:06:01 pm | [2026-05-16T12:36:03.196Z] [LOG] {
  "screen": "AdminDashboard",
  "event": "BRANCH_CONTACT_API_STARTED",
  "branch": "Devarapalli",
  "branchCode": "19",
  "timestamp": "2026-05-16T12:36:03.196Z"
}
16/5/2026, 6:06:02 pm | [2026-05-16T12:36:03.490Z] [LOG] {
  "screen": "AdminDashboard",
  "event": "BRANCH_CONTACTS_LOADED",
  "branch": "Devarapalli",
  "contactsCount": 6,
  "timestamp": "2026-05-16T12:36:03.490Z"
}
16/5/2026, 6:06:09 pm | [2026-05-16T12:36:10.573Z] [LOG] {
  "screen": "AdminDashboard",
  "event": "BRANCH_CONTACT_API_STARTED",
  "branch": "Gollapudi",
  "branchCode": "18",
  "timestamp": "2026-05-16T12:36:10.573Z"
}
16/5/2026, 6:06:09 pm | [2026-05-16T12:36:10.948Z] [LOG] {
  "screen": "AdminDashboard",
  "event": "BRANCH_CONTACTS_LOADED",
  "branch": "Gollapudi",
  "contactsCount": 5,
  "timestamp": "2026-05-16T12:36:10.948Z"
}
16/5/2026, 6:06:12 pm | [2026-05-16T12:36:14.044Z] [LOG] {
  "screen": "AdminDashboard",
  "event": "BRANCH_CONTACT_API_STARTED",
  "branch": "Jaggaiahpet",
  "branchCode": "22",
  "timestamp": "2026-05-16T12:36:14.044Z"
}
16/5/2026, 6:06:12 pm | [2026-05-16T12:36:14.187Z] [LOG] {
  "screen": "AdminDashboard",
  "event": "BRANCH_CONTACTS_LOADED",
  "branch": "Jaggaiahpet",
  "contactsCount": 6,
  "timestamp": "2026-05-16T12:36:14.187Z"
}
16/5/2026, 6:06:15 pm | [2026-05-16T12:36:17.131Z] [LOG] {
  "screen": "AdminDashboard",
  "event": "BRANCH_CONTACT_API_STARTED",
  "branch": "Kothapet",
  "branchCode": "21",
  "timestamp": "2026-05-16T12:36:17.131Z"
}
16/5/2026, 6:06:15 pm | [2026-05-16T12:36:17.221Z] [LOG] {
  "screen": "AdminDashboard",
  "event": "BRANCH_CONTACTS_LOADED",
  "branch": "Kothapet",
  "contactsCount": 8,
  "timestamp": "2026-05-16T12:36:17.221Z"
}
16/5/2026, 6:06:19 pm | [2026-05-16T12:36:21.053Z] [LOG] {
  "screen": "AdminDashboard",
  "event": "BRANCH_CONTACT_API_STARTED",
  "branch": "Nuzvid",
  "branchCode": "4",
  "timestamp": "2026-05-16T12:36:21.053Z"
}
16/5/2026, 6:06:19 pm | [2026-05-16T12:36:21.239Z] [LOG] {
  "screen": "AdminDashboard",
  "event": "BRANCH_CONTACTS_LOADED",
  "branch": "Nuzvid",
  "contactsCount": 7,
  "timestamp": "2026-05-16T12:36:21.239Z"
}
16/5/2026, 6:07:05 pm | [2026-05-16T12:37:06.765Z] [LOG] {
  "screen": "AdminDashboard",
  "event": "BRANCH_CONTACT_API_STARTED",
  "branch": "CO",
  "branchCode": "3",
  "timestamp": "2026-05-16T12:37:06.764Z"
}
16/5/2026, 6:07:05 pm | [2026-05-16T12:37:07.314Z] [LOG] {
  "screen": "AdminDashboard",
  "event": "BRANCH_CONTACTS_LOADED",
  "branch": "CO",
  "contactsCount": 13,
  "timestamp": "2026-05-16T12:37:07.314Z"
}
16/5/2026, 6:07:40 pm | [2026-05-16T12:37:41.416Z] [LOG] {
  "screen": "AdminDashboard",
  "event": "BRANCH_CONTACT_API_STARTED",
  "branch": "Prajasakthi Nagar",
  "branchCode": "43",
  "timestamp": "2026-05-16T12:37:41.416Z"
}
16/5/2026, 6:07:40 pm | [2026-05-16T12:37:42.097Z] [LOG] {
  "screen": "AdminDashboard",
  "event": "BRANCH_CONTACTS_LOADED",
  "branch": "Prajasakthi Nagar",
  "contactsCount": 6,
  "timestamp": "2026-05-16T12:37:42.097Z"
}
16/5/2026, 6:07:45 pm | [2026-05-16T12:37:46.919Z] [LOG] {
  "screen": "AdminDashboard",
  "event": "BRANCH_CONTACT_API_STARTED",
  "branch": "Ramachandrapuram",
  "branchCode": "42",
  "timestamp": "2026-05-16T12:37:46.918Z"
}
16/5/2026, 6:07:45 pm | [2026-05-16T12:37:47.154Z] [LOG] {
  "screen": "AdminDashboard",
  "event": "BRANCH_CONTACTS_LOADED",
  "branch": "Ramachandrapuram",
  "contactsCount": 7,
  "timestamp": "2026-05-16T12:37:47.154Z"
}
16/5/2026, 6:07:48 pm | [2026-05-16T12:37:50.337Z] [LOG] {
  "screen": "AdminDashboard",
  "event": "BRANCH_CONTACT_API_STARTED",
  "branch": "Seetharampuram",
  "branchCode": "47",
  "timestamp": "2026-05-16T12:37:50.337Z"
}
16/5/2026, 6:07:48 pm | [2026-05-16T12:37:50.424Z] [LOG] {
  "screen": "AdminDashboard",
  "event": "BRANCH_CONTACTS_LOADED",
  "branch": "Seetharampuram",
  "contactsCount": 7,
  "timestamp": "2026-05-16T12:37:50.424Z"
}
16/5/2026, 6:08:03 pm | [2026-05-16T12:38:04.841Z] [LOG] {
  "screen": "AdminDashboard",
  "event": "BRANCH_CONTACTS_LOADED",
  "branch": "Vijayawada",
  "contactsCount": 10,
  "timestamp": "2026-05-16T12:38:04.841Z"
}
16/5/2026, 6:08:03 pm | [2026-05-16T12:38:04.550Z] [LOG] {
  "screen": "AdminDashboard",
  "event": "BRANCH_CONTACT_API_STARTED",
  "branch": "Vijayawada",
  "branchCode": "1",
  "timestamp": "2026-05-16T12:38:04.550Z"
}
16/5/2026, 6:08:07 pm | [2026-05-16T12:38:08.375Z] [LOG] {
  "screen": "AdminDashboard",
  "event": "BRANCH_CONTACT_API_STARTED",
  "branch": "Vuyyuru",
  "branchCode": "34",
  "timestamp": "2026-05-16T12:38:08.375Z"
}
16/5/2026, 6:08:07 pm | [2026-05-16T12:38:08.590Z] [LOG] {
  "screen": "AdminDashboard",
  "event": "BRANCH_CONTACTS_LOADED",
  "branch": "Vuyyuru",
  "contactsCount": 6,
  "timestamp": "2026-05-16T12:38:08.590Z"
}
16/5/2026, 6:08:18 pm | [2026-05-16T12:38:19.976Z] [LOG] {
  "screen": "AdminDashboard",
  "event": "BRANCH_CONTACTS_LOADED",
  "branch": "CO",
  "contactsCount": 13,
  "timestamp": "2026-05-16T12:38:19.976Z"
}
16/5/2026, 6:08:18 pm | [2026-05-16T12:38:19.694Z] [LOG] {
  "screen": "AdminDashboard",
  "event": "BRANCH_CONTACT_API_STARTED",
  "branch": "CO",
  "branchCode": "3",
  "timestamp": "2026-05-16T12:38:19.694Z"
}
16/5/2026, 6:08:28 pm | [2026-05-16T12:38:29.816Z] [LOG] {
  "screen": "AdminDashboard",
  "event": "PENDING_COLLAPSED",
  "pendingCount": 56,
  "timestamp": "2026-05-16T12:38:29.816Z"
}
16/5/2026, 6:08:29 pm | [2026-05-16T12:38:30.589Z] [LOG] {
  "screen": "AdminDashboard",
  "event": "REFRESH_STARTED",
  "timestamp": "2026-05-16T12:38:30.588Z"
}
16/5/2026, 6:08:29 pm | [2026-05-16T12:38:30.617Z] [LOG] {
  "screen": "AdminDashboard",
  "event": "LOGGED_USER_FETCHED",
  "hasUser": true,
  "timestamp": "2026-05-16T12:38:30.617Z"
}
16/5/2026, 6:08:29 pm | [2026-05-16T12:38:30.618Z] [LOG] {
  "screen": "AdminDashboard",
  "event": "ADMIN_API_STARTED",
  "empNo": "1009",
  "timestamp": "2026-05-16T12:38:30.618Z"
}
16/5/2026, 6:08:29 pm | [2026-05-16T12:38:30.592Z] [LOG] {
  "screen": "AdminDashboard",
  "event": "LOAD_ADMIN_STARTED",
  "timestamp": "2026-05-16T12:38:30.592Z"
}
16/5/2026, 6:08:29 pm | [2026-05-16T12:38:30.952Z] [LOG] {
  "screen": "AdminDashboard",
  "event": "ADMIN_DATA_LOADED",
  "empNo": "1009",
  "employeeName": "PATHAN AMREEN",
  "branch": "Corporate Office",
  "timestamp": "2026-05-16T12:38:30.951Z"
}
16/5/2026, 6:08:29 pm | [2026-05-16T12:38:30.952Z] [LOG] {
  "screen": "AdminDashboard",
  "event": "DASHBOARD_API_STARTED",
  "empNo": "1009",
  "timestamp": "2026-05-16T12:38:30.952Z"
}
16/5/2026, 6:08:29 pm | [2026-05-16T12:38:31.096Z] [LOG] {
  "screen": "AdminDashboard",
  "event": "DASHBOARD_DATA_LOADED",
  "submitted": 0,
  "pending": 56,
  "totalAmount": 0,
  "average": 0,
  "refreshedAt": "6:08 pm",
  "timestamp": "2026-05-16T12:38:31.096Z"
}
16/5/2026, 6:08:29 pm | [2026-05-16T12:38:31.101Z] [LOG] {
  "screen": "AdminDashboard",
  "event": "REFRESH_COMPLETED",
  "refreshedAt": "6:08 pm",
  "timestamp": "2026-05-16T12:38:31.101Z"
}
16/5/2026, 6:08:29 pm | [2026-05-16T12:38:31.097Z] [LOG] {
  "screen": "AdminDashboard",
  "event": "LOADING_COMPLETED",
  "timestamp": "2026-05-16T12:38:31.097Z"
}
16/5/2026, 6:08:30 pm | [2026-05-16T12:38:31.851Z] [LOG] {
  "screen": "AdminDashboard",
  "event": "LOGGED_USER_FETCHED",
  "hasUser": true,
  "timestamp": "2026-05-16T12:38:31.851Z"
}
16/5/2026, 6:08:30 pm | [2026-05-16T12:38:31.852Z] [LOG] {
  "screen": "AdminDashboard",
  "event": "ADMIN_API_STARTED",
  "empNo": "1009",
  "timestamp": "2026-05-16T12:38:31.852Z"
}
16/5/2026, 6:08:30 pm | [2026-05-16T12:38:31.831Z] [LOG] {
  "screen": "AdminDashboard",
  "event": "REFRESH_STARTED",
  "timestamp": "2026-05-16T12:38:31.831Z"
}
16/5/2026, 6:08:30 pm | [2026-05-16T12:38:31.832Z] [LOG] {
  "screen": "AdminDashboard",
  "event": "LOAD_ADMIN_STARTED",
  "timestamp": "2026-05-16T12:38:31.832Z"
}
16/5/2026, 6:08:30 pm | [2026-05-16T12:38:31.950Z] [LOG] {
  "screen": "AdminDashboard",
  "event": "DASHBOARD_API_STARTED",
  "empNo": "1009",
  "timestamp": "2026-05-16T12:38:31.950Z"
}
16/5/2026, 6:08:30 pm | [2026-05-16T12:38:31.949Z] [LOG] {
  "screen": "AdminDashboard",
  "event": "ADMIN_DATA_LOADED",
  "empNo": "1009",
  "employeeName": "PATHAN AMREEN",
  "branch": "Corporate Office",
  "timestamp": "2026-05-16T12:38:31.949Z"
}
16/5/2026, 6:08:30 pm | [2026-05-16T12:38:32.041Z] [LOG] {
  "screen": "AdminDashboard",
  "event": "DASHBOARD_DATA_LOADED",
  "submitted": 0,
  "pending": 56,
  "totalAmount": 0,
  "average": 0,
  "refreshedAt": "6:08 pm",
  "timestamp": "2026-05-16T12:38:32.041Z"
}
16/5/2026, 6:08:30 pm | [2026-05-16T12:38:32.042Z] [LOG] {
  "screen": "AdminDashboard",
  "event": "LOADING_COMPLETED",
  "timestamp": "2026-05-16T12:38:32.042Z"
}
16/5/2026, 6:08:30 pm | [2026-05-16T12:38:32.044Z] [LOG] {
  "screen": "AdminDashboard",
  "event": "REFRESH_COMPLETED",
  "refreshedAt": "6:08 pm",
  "timestamp": "2026-05-16T12:38:32.044Z"
}
16/5/2026, 6:08:32 pm | [2026-05-16T12:38:33.640Z] [LOG] {
  "screen": "AdminDashboard",
  "event": "PENDING_EXPANDED",
  "pendingCount": 56,
  "timestamp": "2026-05-16T12:38:33.640Z"
}
16/5/2026, 6:08:36 pm | [2026-05-16T12:38:37.479Z] [LOG] {
  "screen": "AdminDashboard",
  "event": "BRANCH_CONTACT_API_STARTED",
  "branch": "Corporate Office",
  "branchCode": "3",
  "timestamp": "2026-05-16T12:38:37.479Z"
}
16/5/2026, 6:08:36 pm | [2026-05-16T12:38:37.703Z] [LOG] {
  "screen": "AdminDashboard",
  "event": "BRANCH_CONTACTS_LOADED",
  "branch": "Corporate Office",
  "contactsCount": 13,
  "timestamp": "2026-05-16T12:38:37.703Z"
}
16/5/2026, 6:10:21 pm | [2026-05-16T12:40:23.162Z] [LOG] {
  "screen": "AdminDashboard",
  "event": "ADMIN_API_STARTED",
  "empNo": "1009",
  "timestamp": "2026-05-16T12:40:23.162Z"
}
16/5/2026, 6:10:21 pm | [2026-05-16T12:40:23.113Z] [LOG] {
  "screen": "AdminDashboard",
  "event": "REFRESH_STARTED",
  "timestamp": "2026-05-16T12:40:23.113Z"
}
16/5/2026, 6:10:21 pm | [2026-05-16T12:40:23.161Z] [LOG] {
  "screen": "AdminDashboard",
  "event": "LOGGED_USER_FETCHED",
  "hasUser": true,
  "timestamp": "2026-05-16T12:40:23.161Z"
}
16/5/2026, 6:10:21 pm | [2026-05-16T12:40:23.114Z] [LOG] {
  "screen": "AdminDashboard",
  "event": "LOAD_ADMIN_STARTED",
  "timestamp": "2026-05-16T12:40:23.114Z"
}
16/5/2026, 6:10:21 pm | [2026-05-16T12:40:23.455Z] [LOG] {
  "screen": "AdminDashboard",
  "event": "ADMIN_DATA_LOADED",
  "empNo": "1009",
  "employeeName": "PATHAN AMREEN",
  "branch": "Corporate Office",
  "timestamp": "2026-05-16T12:40:23.455Z"
}
16/5/2026, 6:10:21 pm | [2026-05-16T12:40:23.456Z] [LOG] {
  "screen": "AdminDashboard",
  "event": "DASHBOARD_API_STARTED",
  "empNo": "1009",
  "timestamp": "2026-05-16T12:40:23.456Z"
}
16/5/2026, 6:10:22 pm | [2026-05-16T12:40:23.558Z] [LOG] {
  "screen": "AdminDashboard",
  "event": "LOADING_COMPLETED",
  "timestamp": "2026-05-16T12:40:23.558Z"
}
16/5/2026, 6:10:22 pm | [2026-05-16T12:40:23.557Z] [LOG] {
  "screen": "AdminDashboard",
  "event": "DASHBOARD_DATA_LOADED",
  "submitted": 0,
  "pending": 56,
  "totalAmount": 0,
  "average": 0,
  "refreshedAt": "6:10 pm",
  "timestamp": "2026-05-16T12:40:23.557Z"
}
16/5/2026, 6:10:22 pm | [2026-05-16T12:40:23.561Z] [LOG] {
  "screen": "AdminDashboard",
  "event": "REFRESH_COMPLETED",
  "refreshedAt": "6:10 pm",
  "timestamp": "2026-05-16T12:40:23.560Z"
}
16/5/2026, 6:10:28 pm | [2026-05-16T12:40:30.019Z] [LOG] {
  "screen": "AdminDashboard",
  "event": "BRANCH_CONTACT_API_STARTED",
  "branch": "Eluru",
  "branchCode": "3",
  "timestamp": "2026-05-16T12:40:30.019Z"
}
16/5/2026, 6:10:28 pm | [2026-05-16T12:40:30.279Z] [LOG] {
  "screen": "AdminDashboard",
  "event": "BRANCH_CONTACTS_LOADED",
  "branch": "Eluru",
  "contactsCount": 12,
  "timestamp": "2026-05-16T12:40:30.279Z"
}
16/5/2026, 6:11:36 pm | [2026-05-16T12:41:38.222Z] [LOG] {
  "screen": "AdminDashboard",
  "event": "BRANCH_CONTACT_API_STARTED",
  "branch": "Eluru",
  "branchCode": "3",
  "timestamp": "2026-05-16T12:41:38.222Z"
}
16/5/2026, 6:11:37 pm | [2026-05-16T12:41:38.538Z] [LOG] {
  "screen": "AdminDashboard",
  "event": "BRANCH_CONTACTS_LOADED",
  "branch": "Eluru",
  "contactsCount": 12,
  "timestamp": "2026-05-16T12:41:38.538Z"
}
16/5/2026, 6:11:50 pm | [2026-05-16T12:41:51.718Z] [LOG] {
  "screen": "AdminDashboard",
  "event": "PENDING_COLLAPSED",
  "pendingCount": 56,
  "timestamp": "2026-05-16T12:41:51.718Z"
}
16/5/2026, 6:11:52 pm | [2026-05-16T12:41:53.797Z] [LOG] {
  "screen": "AdminDashboard",
  "event": "REFRESH_STARTED",
  "timestamp": "2026-05-16T12:41:53.797Z"
}
16/5/2026, 6:11:52 pm | [2026-05-16T12:41:53.799Z] [LOG] {
  "screen": "AdminDashboard",
  "event": "LOAD_ADMIN_STARTED",
  "timestamp": "2026-05-16T12:41:53.799Z"
}
16/5/2026, 6:11:52 pm | [2026-05-16T12:41:53.822Z] [LOG] {
  "screen": "AdminDashboard",
  "event": "LOGGED_USER_FETCHED",
  "hasUser": true,
  "timestamp": "2026-05-16T12:41:53.822Z"
}
16/5/2026, 6:11:52 pm | [2026-05-16T12:41:53.823Z] [LOG] {
  "screen": "AdminDashboard",
  "event": "ADMIN_API_STARTED",
  "empNo": "1009",
  "timestamp": "2026-05-16T12:41:53.823Z"
}
16/5/2026, 6:11:52 pm | [2026-05-16T12:41:54.095Z] [LOG] {
  "screen": "AdminDashboard",
  "event": "ADMIN_DATA_LOADED",
  "empNo": "1009",
  "employeeName": "PATHAN AMREEN",
  "branch": "Corporate Office",
  "timestamp": "2026-05-16T12:41:54.095Z"
}
16/5/2026, 6:11:52 pm | [2026-05-16T12:41:54.097Z] [LOG] {
  "screen": "AdminDashboard",
  "event": "DASHBOARD_API_STARTED",
  "empNo": "1009",
  "timestamp": "2026-05-16T12:41:54.097Z"
}
16/5/2026, 6:11:52 pm | [2026-05-16T12:41:54.175Z] [LOG] {
  "screen": "AdminDashboard",
  "event": "LOADING_COMPLETED",
  "timestamp": "2026-05-16T12:41:54.175Z"
}
16/5/2026, 6:11:52 pm | [2026-05-16T12:41:54.174Z] [LOG] {
  "screen": "AdminDashboard",
  "event": "DASHBOARD_DATA_LOADED",
  "submitted": 0,
  "pending": 56,
  "totalAmount": 0,
  "average": 0,
  "refreshedAt": "6:11 pm",
  "timestamp": "2026-05-16T12:41:54.174Z"
}
16/5/2026, 6:11:52 pm | [2026-05-16T12:41:54.178Z] [LOG] {
  "screen": "AdminDashboard",
  "event": "REFRESH_COMPLETED",
  "refreshedAt": "6:11 pm",
  "timestamp": "2026-05-16T12:41:54.177Z"
}
16/5/2026, 6:12:12 pm | [2026-05-16T12:42:13.606Z] [LOG] {
  "screen": "AdminDashboard",
  "event": "LOGGED_USER_FETCHED",
  "hasUser": true,
  "timestamp": "2026-05-16T12:42:13.606Z"
}
16/5/2026, 6:12:12 pm | [2026-05-16T12:42:13.606Z] [LOG] {
  "screen": "AdminDashboard",
  "event": "ADMIN_API_STARTED",
  "empNo": "1009",
  "timestamp": "2026-05-16T12:42:13.606Z"
}
16/5/2026, 6:12:12 pm | [2026-05-16T12:42:13.565Z] [LOG] {
  "screen": "AdminDashboard",
  "event": "REFRESH_STARTED",
  "timestamp": "2026-05-16T12:42:13.565Z"
}
16/5/2026, 6:12:12 pm | [2026-05-16T12:42:13.568Z] [LOG] {
  "screen": "AdminDashboard",
  "event": "LOAD_ADMIN_STARTED",
  "timestamp": "2026-05-16T12:42:13.568Z"
}
16/5/2026, 6:12:12 pm | [2026-05-16T12:42:13.877Z] [LOG] {
  "screen": "AdminDashboard",
  "event": "ADMIN_DATA_LOADED",
  "empNo": "1009",
  "employeeName": "PATHAN AMREEN",
  "branch": "Corporate Office",
  "timestamp": "2026-05-16T12:42:13.876Z"
}
16/5/2026, 6:12:12 pm | [2026-05-16T12:42:13.878Z] [LOG] {
  "screen": "AdminDashboard",
  "event": "DASHBOARD_API_STARTED",
  "empNo": "1009",
  "timestamp": "2026-05-16T12:42:13.878Z"
}
16/5/2026, 6:12:12 pm | [2026-05-16T12:42:13.961Z] [LOG] {
  "screen": "AdminDashboard",
  "event": "LOADING_COMPLETED",
  "timestamp": "2026-05-16T12:42:13.961Z"
}
16/5/2026, 6:12:12 pm | [2026-05-16T12:42:13.964Z] [LOG] {
  "screen": "AdminDashboard",
  "event": "REFRESH_COMPLETED",
  "refreshedAt": "6:12 pm",
  "timestamp": "2026-05-16T12:42:13.964Z"
}
16/5/2026, 6:12:12 pm | [2026-05-16T12:42:13.959Z] [LOG] {
  "screen": "AdminDashboard",
  "event": "DASHBOARD_DATA_LOADED",
  "submitted": 0,
  "pending": 56,
  "totalAmount": 0,
  "average": 0,
  "refreshedAt": "6:12 pm",
  "timestamp": "2026-05-16T12:42:13.959Z"
}
16/5/2026, 6:12:13 pm | [2026-05-16T12:42:14.741Z] [LOG] {
  "screen": "AdminDashboard",
  "event": "LOGGED_USER_FETCHED",
  "hasUser": true,
  "timestamp": "2026-05-16T12:42:14.741Z"
}
16/5/2026, 6:12:13 pm | [2026-05-16T12:42:14.723Z] [LOG] {
  "screen": "AdminDashboard",
  "event": "LOAD_ADMIN_STARTED",
  "timestamp": "2026-05-16T12:42:14.723Z"
}
16/5/2026, 6:12:13 pm | [2026-05-16T12:42:14.720Z] [LOG] {
  "screen": "AdminDashboard",
  "event": "REFRESH_STARTED",
  "timestamp": "2026-05-16T12:42:14.720Z"
}
16/5/2026, 6:12:13 pm | [2026-05-16T12:42:14.741Z] [LOG] {
  "screen": "AdminDashboard",
  "event": "ADMIN_API_STARTED",
  "empNo": "1009",
  "timestamp": "2026-05-16T12:42:14.741Z"
}
16/5/2026, 6:12:13 pm | [2026-05-16T12:42:14.814Z] [LOG] {
  "screen": "AdminDashboard",
  "event": "DASHBOARD_API_STARTED",
  "empNo": "1009",
  "timestamp": "2026-05-16T12:42:14.814Z"
}
16/5/2026, 6:12:13 pm | [2026-05-16T12:42:14.813Z] [LOG] {
  "screen": "AdminDashboard",
  "event": "ADMIN_DATA_LOADED",
  "empNo": "1009",
  "employeeName": "PATHAN AMREEN",
  "branch": "Corporate Office",
  "timestamp": "2026-05-16T12:42:14.813Z"
}
16/5/2026, 6:12:13 pm | [2026-05-16T12:42:14.925Z] [LOG] {
  "screen": "AdminDashboard",
  "event": "REFRESH_COMPLETED",
  "refreshedAt": "6:12 pm",
  "timestamp": "2026-05-16T12:42:14.924Z"
}
16/5/2026, 6:12:13 pm | [2026-05-16T12:42:14.921Z] [LOG] {
  "screen": "AdminDashboard",
  "event": "DASHBOARD_DATA_LOADED",
  "submitted": 0,
  "pending": 56,
  "totalAmount": 0,
  "average": 0,
  "refreshedAt": "6:12 pm",
  "timestamp": "2026-05-16T12:42:14.920Z"
}
16/5/2026, 6:12:13 pm | [2026-05-16T12:42:14.922Z] [LOG] {
  "screen": "AdminDashboard",
  "event": "LOADING_COMPLETED",
  "timestamp": "2026-05-16T12:42:14.922Z"
}
16/5/2026, 6:12:21 pm | [2026-05-16T12:42:23.121Z] [LOG] {
  "screen": "RegisterScreen",
  "event": "SCREEN_OPENED",
  "timestamp": "2026-05-16T12:42:23.121Z"
}
16/5/2026, 6:12:21 pm | [2026-05-16T12:42:23.102Z] [LOG] {
  "screen": "WelcomeScreen",
  "event": "REGISTER_BUTTON_CLICKED",
  "timestamp": "2026-05-16T12:42:23.102Z"
}
16/5/2026, 6:12:57 pm | [2026-05-16T12:42:59.062Z] [LOG] {
  "screen": "WelcomeScreen",
  "event": "LOGIN_BUTTON_CLICKED",
  "timestamp": "2026-05-16T12:42:59.062Z"
}
16/5/2026, 6:12:57 pm | [2026-05-16T12:42:59.077Z] [LOG] {
  "screen": "LoginScreen",
  "event": "SCREEN_OPENED",
  "timestamp": "2026-05-16T12:42:59.077Z"
}
16/5/2026, 6:13:00 pm | [2026-05-16T12:43:02.246Z] [LOG] {
  "screen": "LoginScreen",
  "event": "LOADING_STARTED",
  "timestamp": "2026-05-16T12:43:02.246Z"
}
16/5/2026, 6:13:00 pm | [2026-05-16T12:43:02.246Z] [LOG] {
  "screen": "LoginScreen",
  "event": "LOGIN_BUTTON_CLICKED",
  "timestamp": "2026-05-16T12:43:02.246Z"
}
16/5/2026, 6:13:00 pm | [2026-05-16T12:43:02.406Z] [LOG] {
  "screen": "LoginScreen",
  "event": "LOGIN_SUCCESS",
  "user": {
    "empNo": "1009",
    "employeeName": "PATHAN AMREEN",
    "branchCode": "9999",
    "branchName": "Corporate Office",
    "designation": "Asstt. Manager (IT)"
  },
  "timestamp": "2026-05-16T12:43:02.406Z"
}
16/5/2026, 6:13:00 pm | [2026-05-16T12:43:02.411Z] [LOG] {
  "screen": "LoginScreen",
  "event": "USER_DATA_SAVED",
  "timestamp": "2026-05-16T12:43:02.411Z"
}
16/5/2026, 6:13:00 pm | [2026-05-16T12:43:02.255Z] [LOG] {
  "screen": "LoginScreen",
  "event": "LOGIN_API_STARTED",
  "deviceId": "cc30d55445a55532",
  "timestamp": "2026-05-16T12:43:02.255Z"
}
16/5/2026, 6:13:00 pm | [2026-05-16T12:43:02.254Z] [LOG] {
  "empNo": "",
  "deviceId": "cc30d55445a55532"
}
16/5/2026, 6:13:00 pm | [2026-05-16T12:43:02.254Z] [LOG] {
  "screen": "LoginScreen",
  "event": "DEVICE_ID_FETCHED",
  "deviceId": "cc30d55445a55532",
  "timestamp": "2026-05-16T12:43:02.254Z"
}
16/5/2026, 6:13:00 pm | [2026-05-16T12:43:02.412Z] [LOG] {
  "event": "NAVIGATING_TO_ADMIN"
}
16/5/2026, 6:13:00 pm | [2026-05-16T12:43:02.413Z] [LOG] {
  "screen": "LoginScreen",
  "event": "LOADING_COMPLETED",
  "timestamp": "2026-05-16T12:43:02.413Z"
}
16/5/2026, 6:13:00 pm | [2026-05-16T12:43:02.426Z] [LOG] {
  "screen": "AdminDashboard",
  "event": "LOGGED_USER_FETCHED",
  "hasUser": true,
  "timestamp": "2026-05-16T12:43:02.426Z"
}
16/5/2026, 6:13:01 pm | [2026-05-16T12:43:02.422Z] [LOG] {
  "screen": "AdminDashboard",
  "event": "LOAD_ADMIN_STARTED",
  "timestamp": "2026-05-16T12:43:02.422Z"
}
16/5/2026, 6:13:01 pm | [2026-05-16T12:43:02.421Z] [LOG] {
  "screen": "AdminDashboard",
  "event": "SCREEN_OPENED",
  "timestamp": "2026-05-16T12:43:02.421Z"
}
16/5/2026, 6:13:01 pm | [2026-05-16T12:43:02.426Z] [LOG] {
  "screen": "AdminDashboard",
  "event": "ADMIN_API_STARTED",
  "empNo": "1009",
  "timestamp": "2026-05-16T12:43:02.426Z"
}
16/5/2026, 6:13:01 pm | [2026-05-16T12:43:02.592Z] [LOG] {
  "screen": "AdminDashboard",
  "event": "ADMIN_DATA_LOADED",
  "empNo": "1009",
  "employeeName": "PATHAN AMREEN",
  "branch": "Corporate Office",
  "timestamp": "2026-05-16T12:43:02.592Z"
}
16/5/2026, 6:13:01 pm | [2026-05-16T12:43:02.592Z] [LOG] {
  "screen": "AdminDashboard",
  "event": "DASHBOARD_API_STARTED",
  "empNo": "1009",
  "timestamp": "2026-05-16T12:43:02.592Z"
}
16/5/2026, 6:13:01 pm | [2026-05-16T12:43:02.691Z] [LOG] {
  "screen": "AdminDashboard",
  "event": "LOADING_COMPLETED",
  "timestamp": "2026-05-16T12:43:02.691Z"
}
16/5/2026, 6:13:01 pm | [2026-05-16T12:43:02.690Z] [LOG] {
  "screen": "AdminDashboard",
  "event": "DASHBOARD_DATA_LOADED",
  "submitted": 0,
  "pending": 56,
  "totalAmount": 0,
  "average": 0,
  "refreshedAt": "6:13 pm",
  "timestamp": "2026-05-16T12:43:02.690Z"
}
16/5/2026, 6:13:04 pm | [2026-05-16T12:43:05.733Z] [LOG] {
  "screen": "AdminDashboard",
  "event": "PENDING_EXPANDED",
  "pendingCount": 56,
  "timestamp": "2026-05-16T12:43:05.733Z"
}
16/5/2026, 6:13:21 pm | [2026-05-16T12:43:22.982Z] [LOG] {
  "screen": "AdminDashboard",
  "event": "BRANCH_CONTACT_API_STARTED",
  "branch": "Nidadavolu",
  "branchCode": "54",
  "timestamp": "2026-05-16T12:43:22.982Z"
}
16/5/2026, 6:13:21 pm | [2026-05-16T12:43:23.242Z] [LOG] {
  "screen": "AdminDashboard",
  "event": "BRANCH_CONTACTS_LOADED",
  "branch": "Nidadavolu",
  "contactsCount": 4,
  "timestamp": "2026-05-16T12:43:23.242Z"
}
16/5/2026, 6:13:35 pm | [2026-05-16T12:43:36.478Z] [LOG] {
  "screen": "AdminDashboard",
  "event": "BRANCH_CONTACT_API_STARTED",
  "branch": "One Town",
  "branchCode": "52",
  "timestamp": "2026-05-16T12:43:36.478Z"
}
16/5/2026, 6:13:35 pm | [2026-05-16T12:43:36.738Z] [LOG] {
  "screen": "AdminDashboard",
  "event": "BRANCH_CONTACTS_LOADED",
  "branch": "One Town",
  "contactsCount": 5,
  "timestamp": "2026-05-16T12:43:36.738Z"
}
16/5/2026, 6:13:38 pm | [2026-05-16T12:43:39.967Z] [LOG] {
  "screen": "AdminDashboard",
  "event": "REFRESH_STARTED",
  "timestamp": "2026-05-16T12:43:39.967Z"
}
16/5/2026, 6:13:38 pm | [2026-05-16T12:43:39.973Z] [LOG] {
  "screen": "AdminDashboard",
  "event": "LOAD_ADMIN_STARTED",
  "timestamp": "2026-05-16T12:43:39.973Z"
}
16/5/2026, 6:13:38 pm | [2026-05-16T12:43:40.019Z] [LOG] {
  "screen": "AdminDashboard",
  "event": "ADMIN_API_STARTED",
  "empNo": "1009",
  "timestamp": "2026-05-16T12:43:40.019Z"
}
16/5/2026, 6:13:38 pm | [2026-05-16T12:43:40.019Z] [LOG] {
  "screen": "AdminDashboard",
  "event": "LOGGED_USER_FETCHED",
  "hasUser": true,
  "timestamp": "2026-05-16T12:43:40.019Z"
}
16/5/2026, 6:13:38 pm | [2026-05-16T12:43:40.309Z] [LOG] {
  "screen": "AdminDashboard",
  "event": "ADMIN_DATA_LOADED",
  "empNo": "1009",
  "employeeName": "PATHAN AMREEN",
  "branch": "Corporate Office",
  "timestamp": "2026-05-16T12:43:40.309Z"
}
16/5/2026, 6:13:38 pm | [2026-05-16T12:43:40.309Z] [LOG] {
  "screen": "AdminDashboard",
  "event": "DASHBOARD_API_STARTED",
  "empNo": "1009",
  "timestamp": "2026-05-16T12:43:40.309Z"
}
16/5/2026, 6:13:38 pm | [2026-05-16T12:43:40.444Z] [LOG] {
  "screen": "AdminDashboard",
  "event": "REFRESH_COMPLETED",
  "refreshedAt": "6:13 pm",
  "timestamp": "2026-05-16T12:43:40.444Z"
}
16/5/2026, 6:13:38 pm | [2026-05-16T12:43:40.442Z] [LOG] {
  "screen": "AdminDashboard",
  "event": "LOADING_COMPLETED",
  "timestamp": "2026-05-16T12:43:40.442Z"
}
16/5/2026, 6:13:38 pm | [2026-05-16T12:43:40.441Z] [LOG] {
  "screen": "AdminDashboard",
  "event": "DASHBOARD_DATA_LOADED",
  "submitted": 0,
  "pending": 56,
  "totalAmount": 0,
  "average": 0,
  "refreshedAt": "6:13 pm",
  "timestamp": "2026-05-16T12:43:40.441Z"
}
16/5/2026, 6:13:39 pm | [2026-05-16T12:43:41.087Z] [LOG] {
  "screen": "AdminDashboard",
  "event": "LOGGED_USER_FETCHED",
  "hasUser": true,
  "timestamp": "2026-05-16T12:43:41.087Z"
}
16/5/2026, 6:13:39 pm | [2026-05-16T12:43:41.041Z] [LOG] {
  "screen": "AdminDashboard",
  "event": "LOAD_ADMIN_STARTED",
  "timestamp": "2026-05-16T12:43:41.041Z"
}
16/5/2026, 6:13:39 pm | [2026-05-16T12:43:41.040Z] [LOG] {
  "screen": "AdminDashboard",
  "event": "REFRESH_STARTED",
  "timestamp": "2026-05-16T12:43:41.040Z"
}
16/5/2026, 6:13:39 pm | [2026-05-16T12:43:41.088Z] [LOG] {
  "screen": "AdminDashboard",
  "event": "ADMIN_API_STARTED",
  "empNo": "1009",
  "timestamp": "2026-05-16T12:43:41.088Z"
}
16/5/2026, 6:13:39 pm | [2026-05-16T12:43:41.237Z] [LOG] {
  "screen": "AdminDashboard",
  "event": "DASHBOARD_API_STARTED",
  "empNo": "1009",
  "timestamp": "2026-05-16T12:43:41.237Z"
}
16/5/2026, 6:13:39 pm | [2026-05-16T12:43:41.234Z] [LOG] {
  "screen": "AdminDashboard",
  "event": "ADMIN_DATA_LOADED",
  "empNo": "1009",
  "employeeName": "PATHAN AMREEN",
  "branch": "Corporate Office",
  "timestamp": "2026-05-16T12:43:41.234Z"
}
16/5/2026, 6:13:39 pm | [2026-05-16T12:43:41.318Z] [LOG] {
  "screen": "AdminDashboard",
  "event": "REFRESH_COMPLETED",
  "refreshedAt": "6:13 pm",
  "timestamp": "2026-05-16T12:43:41.318Z"
}
16/5/2026, 6:13:39 pm | [2026-05-16T12:43:41.316Z] [LOG] {
  "screen": "AdminDashboard",
  "event": "DASHBOARD_DATA_LOADED",
  "submitted": 0,
  "pending": 56,
  "totalAmount": 0,
  "average": 0,
  "refreshedAt": "6:13 pm",
  "timestamp": "2026-05-16T12:43:41.316Z"
}
16/5/2026, 6:13:39 pm | [2026-05-16T12:43:41.316Z] [LOG] {
  "screen": "AdminDashboard",
  "event": "LOADING_COMPLETED",
  "timestamp": "2026-05-16T12:43:41.316Z"
}
16/5/2026, 6:14:04 pm | [2026-05-16T12:44:04.847Z] [LOG] Running "CashClosingApp"
16/5/2026, 6:14:04 pm | [2026-05-16T12:44:05.033Z] [LOG] {
  "screen": "WelcomeScreen",
  "event": "SCREEN_OPENED",
  "timestamp": "2026-05-16T12:44:05.033Z"
}
16/5/2026, 6:14:04 pm | [2026-05-16T12:44:05.711Z] [LOG] {
  "screen": "WelcomeScreen",
  "event": "LOGIN_BUTTON_CLICKED",
  "timestamp": "2026-05-16T12:44:05.711Z"
}
16/5/2026, 6:14:04 pm | [2026-05-16T12:44:05.757Z] [LOG] {
  "screen": "LoginScreen",
  "event": "SCREEN_OPENED",
  "timestamp": "2026-05-16T12:44:05.757Z"
}
16/5/2026, 6:14:07 pm | [2026-05-16T12:44:08.964Z] [LOG] {
  "screen": "LoginScreen",
  "event": "LOGIN_BUTTON_CLICKED",
  "timestamp": "2026-05-16T12:44:08.964Z"
}
16/5/2026, 6:14:07 pm | [2026-05-16T12:44:08.966Z] [LOG] {
  "screen": "LoginScreen",
  "event": "LOADING_STARTED",
  "timestamp": "2026-05-16T12:44:08.966Z"
}
16/5/2026, 6:14:07 pm | [2026-05-16T12:44:09.088Z] [LOG] {
  "screen": "LoginScreen",
  "event": "LOGIN_SUCCESS",
  "user": {
    "empNo": "1011",
    "employeeName": "Sathi Sri Kalyan Reddy",
    "branchCode": "9999",
    "branchName": "Corporate Office",
    "designation": "Asstt. Manager (IT)"
  },
  "timestamp": "2026-05-16T12:44:09.088Z"
}
16/5/2026, 6:14:07 pm | [2026-05-16T12:44:09.107Z] [LOG] {
  "screen": "LoginScreen",
  "event": "USER_DATA_SAVED",
  "timestamp": "2026-05-16T12:44:09.107Z"
}
16/5/2026, 6:14:07 pm | [2026-05-16T12:44:09.109Z] [LOG] {
  "event": "NAVIGATING_TO_ADMIN"
}
16/5/2026, 6:14:08 pm | [2026-05-16T12:44:09.111Z] [LOG] {
  "screen": "LoginScreen",
  "event": "LOADING_COMPLETED",
  "timestamp": "2026-05-16T12:44:09.111Z"
}
16/5/2026, 6:14:08 pm | [2026-05-16T12:44:09.136Z] [LOG] {
  "screen": "AdminDashboard",
  "event": "SCREEN_OPENED",
  "timestamp": "2026-05-16T12:44:09.136Z"
}
16/5/2026, 6:14:08 pm | [2026-05-16T12:44:08.980Z] [LOG] {
  "screen": "LoginScreen",
  "event": "LOGIN_API_STARTED",
  "deviceId": "9b069c4d515098f8",
  "timestamp": "2026-05-16T12:44:08.980Z"
}
16/5/2026, 6:14:08 pm | [2026-05-16T12:44:08.980Z] [LOG] {
  "empNo": "",
  "deviceId": "9b069c4d515098f8"
}
16/5/2026, 6:14:08 pm | [2026-05-16T12:44:08.980Z] [LOG] {
  "screen": "LoginScreen",
  "event": "DEVICE_ID_FETCHED",
  "deviceId": "9b069c4d515098f8",
  "timestamp": "2026-05-16T12:44:08.980Z"
}
16/5/2026, 6:14:08 pm | [2026-05-16T12:44:09.137Z] [LOG] {
  "screen": "AdminDashboard",
  "event": "LOAD_ADMIN_STARTED",
  "timestamp": "2026-05-16T12:44:09.137Z"
}
16/5/2026, 6:14:08 pm | [2026-05-16T12:44:09.141Z] [LOG] {
  "screen": "AdminDashboard",
  "event": "LOGGED_USER_FETCHED",
  "hasUser": true,
  "timestamp": "2026-05-16T12:44:09.141Z"
}
16/5/2026, 6:14:08 pm | [2026-05-16T12:44:09.141Z] [LOG] {
  "screen": "AdminDashboard",
  "event": "ADMIN_API_STARTED",
  "empNo": "1011",
  "timestamp": "2026-05-16T12:44:09.141Z"
}
16/5/2026, 6:14:08 pm | [2026-05-16T12:44:09.485Z] [LOG] {
  "screen": "AdminDashboard",
  "event": "DASHBOARD_API_STARTED",
  "empNo": "1011",
  "timestamp": "2026-05-16T12:44:09.485Z"
}
16/5/2026, 6:14:08 pm | [2026-05-16T12:44:09.484Z] [LOG] {
  "screen": "AdminDashboard",
  "event": "ADMIN_DATA_LOADED",
  "empNo": "1011",
  "employeeName": "Sathi Sri Kalyan Reddy",
  "branch": "Corporate Office",
  "timestamp": "2026-05-16T12:44:09.484Z"
}
16/5/2026, 6:14:08 pm | [2026-05-16T12:44:09.712Z] [LOG] {
  "screen": "AdminDashboard",
  "event": "DASHBOARD_DATA_LOADED",
  "submitted": 0,
  "pending": 56,
  "totalAmount": 0,
  "average": 0,
  "refreshedAt": "6:14 pm",
  "timestamp": "2026-05-16T12:44:09.712Z"
}
16/5/2026, 6:14:08 pm | [2026-05-16T12:44:09.712Z] [LOG] {
  "screen": "AdminDashboard",
  "event": "LOADING_COMPLETED",
  "timestamp": "2026-05-16T12:44:09.712Z"
}
16/5/2026, 6:21:33 pm | [2026-05-16T12:51:34.494Z] [LOG] {
  "screen": "WelcomeScreen",
  "event": "SCREEN_OPENED",
  "timestamp": "2026-05-16T12:51:34.494Z"
}
16/5/2026, 6:21:33 pm | [2026-05-16T12:51:34.265Z] [LOG] Running "CashClosingApp"
16/5/2026, 6:21:34 pm | [2026-05-16T12:51:35.702Z] [LOG] {
  "screen": "WelcomeScreen",
  "event": "LOGIN_BUTTON_CLICKED",
  "timestamp": "2026-05-16T12:51:35.702Z"
}
16/5/2026, 6:21:34 pm | [2026-05-16T12:51:35.742Z] [LOG] {
  "screen": "LoginScreen",
  "event": "SCREEN_OPENED",
  "timestamp": "2026-05-16T12:51:35.741Z"
}
16/5/2026, 6:21:39 pm | [2026-05-16T12:51:40.455Z] [LOG] {
  "screen": "LoginScreen",
  "event": "LOADING_STARTED",
  "timestamp": "2026-05-16T12:51:40.455Z"
}
16/5/2026, 6:21:39 pm | [2026-05-16T12:51:40.453Z] [LOG] {
  "screen": "LoginScreen",
  "event": "LOGIN_BUTTON_CLICKED",
  "timestamp": "2026-05-16T12:51:40.453Z"
}
16/5/2026, 6:21:39 pm | [2026-05-16T12:51:40.659Z] [LOG] {
  "screen": "LoginScreen",
  "event": "LOGIN_SUCCESS",
  "user": {
    "empNo": "1011",
    "employeeName": "Sathi Sri Kalyan Reddy",
    "branchCode": "9999",
    "branchName": "Corporate Office",
    "designation": "Asstt. Manager (IT)"
  },
  "timestamp": "2026-05-16T12:51:40.659Z"
}
16/5/2026, 6:21:39 pm | [2026-05-16T12:51:40.680Z] [LOG] {
  "screen": "LoginScreen",
  "event": "USER_DATA_SAVED",
  "timestamp": "2026-05-16T12:51:40.680Z"
}
16/5/2026, 6:21:39 pm | [2026-05-16T12:51:40.683Z] [LOG] {
  "event": "NAVIGATING_TO_ADMIN"
}
16/5/2026, 6:21:39 pm | [2026-05-16T12:51:40.684Z] [LOG] {
  "screen": "LoginScreen",
  "event": "LOADING_COMPLETED",
  "timestamp": "2026-05-16T12:51:40.684Z"
}
16/5/2026, 6:21:39 pm | [2026-05-16T12:51:40.473Z] [LOG] {
  "empNo": "",
  "deviceId": "9b069c4d515098f8"
}
16/5/2026, 6:21:39 pm | [2026-05-16T12:51:40.472Z] [LOG] {
  "screen": "LoginScreen",
  "event": "DEVICE_ID_FETCHED",
  "deviceId": "9b069c4d515098f8",
  "timestamp": "2026-05-16T12:51:40.472Z"
}
16/5/2026, 6:21:39 pm | [2026-05-16T12:51:40.714Z] [LOG] {
  "screen": "AdminDashboard",
  "event": "SCREEN_OPENED",
  "timestamp": "2026-05-16T12:51:40.714Z"
}
16/5/2026, 6:21:39 pm | [2026-05-16T12:51:40.474Z] [LOG] {
  "screen": "LoginScreen",
  "event": "LOGIN_API_STARTED",
  "deviceId": "9b069c4d515098f8",
  "timestamp": "2026-05-16T12:51:40.474Z"
}
16/5/2026, 6:21:39 pm | [2026-05-16T12:51:40.724Z] [LOG] {
  "screen": "AdminDashboard",
  "event": "LOGGED_USER_FETCHED",
  "hasUser": true,
  "timestamp": "2026-05-16T12:51:40.723Z"
}
16/5/2026, 6:21:39 pm | [2026-05-16T12:51:40.716Z] [LOG] {
  "screen": "AdminDashboard",
  "event": "LOAD_ADMIN_STARTED",
  "timestamp": "2026-05-16T12:51:40.716Z"
}
16/5/2026, 6:21:39 pm | [2026-05-16T12:51:40.724Z] [LOG] {
  "screen": "AdminDashboard",
  "event": "ADMIN_API_STARTED",
  "empNo": "1011",
  "timestamp": "2026-05-16T12:51:40.724Z"
}
16/5/2026, 6:21:39 pm | [2026-05-16T12:51:41.037Z] [LOG] {
  "screen": "AdminDashboard",
  "event": "DASHBOARD_API_STARTED",
  "empNo": "1011",
  "timestamp": "2026-05-16T12:51:41.037Z"
}
16/5/2026, 6:21:39 pm | [2026-05-16T12:51:41.034Z] [LOG] {
  "screen": "AdminDashboard",
  "event": "ADMIN_DATA_LOADED",
  "empNo": "1011",
  "employeeName": "Sathi Sri Kalyan Reddy",
  "branch": "Corporate Office",
  "timestamp": "2026-05-16T12:51:41.034Z"
}
16/5/2026, 6:21:40 pm | [2026-05-16T12:51:41.252Z] [LOG] {
  "screen": "AdminDashboard",
  "event": "DASHBOARD_DATA_LOADED",
  "submitted": 0,
  "pending": 56,
  "totalAmount": 0,
  "average": 0,
  "refreshedAt": "6:21 pm",
  "timestamp": "2026-05-16T12:51:41.251Z"
}
16/5/2026, 6:21:40 pm | [2026-05-16T12:51:41.253Z] [LOG] {
  "screen": "AdminDashboard",
  "event": "LOADING_COMPLETED",
  "timestamp": "2026-05-16T12:51:41.253Z"
}
16/5/2026, 6:21:43 pm | [2026-05-16T12:51:45.085Z] [LOG] {
  "screen": "AdminDashboard",
  "event": "REFRESH_STARTED",
  "timestamp": "2026-05-16T12:51:45.085Z"
}
16/5/2026, 6:21:43 pm | [2026-05-16T12:51:45.087Z] [LOG] {
  "screen": "AdminDashboard",
  "event": "LOAD_ADMIN_STARTED",
  "timestamp": "2026-05-16T12:51:45.087Z"
}
16/5/2026, 6:21:43 pm | [2026-05-16T12:51:45.132Z] [LOG] {
  "screen": "AdminDashboard",
  "event": "LOGGED_USER_FETCHED",
  "hasUser": true,
  "timestamp": "2026-05-16T12:51:45.132Z"
}
16/5/2026, 6:21:44 pm | [2026-05-16T12:51:45.132Z] [LOG] {
  "screen": "AdminDashboard",
  "event": "ADMIN_API_STARTED",
  "empNo": "1011",
  "timestamp": "2026-05-16T12:51:45.132Z"
}
16/5/2026, 6:21:44 pm | [2026-05-16T12:51:45.289Z] [LOG] {
  "screen": "AdminDashboard",
  "event": "DASHBOARD_API_STARTED",
  "empNo": "1011",
  "timestamp": "2026-05-16T12:51:45.289Z"
}
16/5/2026, 6:21:44 pm | [2026-05-16T12:51:45.288Z] [LOG] {
  "screen": "AdminDashboard",
  "event": "ADMIN_DATA_LOADED",
  "empNo": "1011",
  "employeeName": "Sathi Sri Kalyan Reddy",
  "branch": "Corporate Office",
  "timestamp": "2026-05-16T12:51:45.288Z"
}
16/5/2026, 6:21:44 pm | [2026-05-16T12:51:45.425Z] [LOG] {
  "screen": "AdminDashboard",
  "event": "LOADING_COMPLETED",
  "timestamp": "2026-05-16T12:51:45.425Z"
}
16/5/2026, 6:21:44 pm | [2026-05-16T12:51:45.424Z] [LOG] {
  "screen": "AdminDashboard",
  "event": "DASHBOARD_DATA_LOADED",
  "submitted": 0,
  "pending": 56,
  "totalAmount": 0,
  "average": 0,
  "refreshedAt": "6:21 pm",
  "timestamp": "2026-05-16T12:51:45.424Z"
}
16/5/2026, 6:21:44 pm | [2026-05-16T12:51:45.429Z] [LOG] {
  "screen": "AdminDashboard",
  "event": "REFRESH_COMPLETED",
  "refreshedAt": "6:21 pm",
  "timestamp": "2026-05-16T12:51:45.429Z"
}
16/5/2026, 6:21:47 pm | [2026-05-16T12:51:48.593Z] [LOG] {
  "screen": "WelcomeScreen",
  "event": "LOGIN_BUTTON_CLICKED",
  "timestamp": "2026-05-16T12:51:48.593Z"
}
16/5/2026, 6:21:47 pm | [2026-05-16T12:51:48.627Z] [LOG] {
  "screen": "LoginScreen",
  "event": "SCREEN_OPENED",
  "timestamp": "2026-05-16T12:51:48.627Z"
}
16/5/2026, 6:21:52 pm | [2026-05-16T12:51:53.289Z] [LOG] {
  "screen": "LoginScreen",
  "event": "LOADING_STARTED",
  "timestamp": "2026-05-16T12:51:53.289Z"
}
16/5/2026, 6:21:52 pm | [2026-05-16T12:51:53.286Z] [LOG] {
  "screen": "LoginScreen",
  "event": "LOGIN_BUTTON_CLICKED",
  "timestamp": "2026-05-16T12:51:53.286Z"
}
16/5/2026, 6:21:52 pm | [2026-05-16T12:51:53.503Z] [ERROR] {
  "screen": "LoginScreen",
  "event": "LOGIN_FAILED",
  "error": {
    "success": false,
    "message": "Invalid MPIN"
  },
  "timestamp": "2026-05-16T12:51:53.502Z"
}
16/5/2026, 6:21:52 pm | [2026-05-16T12:51:53.543Z] [LOG] {
  "screen": "LoginScreen",
  "event": "LOADING_COMPLETED",
  "timestamp": "2026-05-16T12:51:53.543Z"
}
16/5/2026, 6:21:52 pm | [2026-05-16T12:51:53.307Z] [LOG] {
  "screen": "LoginScreen",
  "event": "DEVICE_ID_FETCHED",
  "deviceId": "9b069c4d515098f8",
  "timestamp": "2026-05-16T12:51:53.307Z"
}
16/5/2026, 6:21:52 pm | [2026-05-16T12:51:53.309Z] [LOG] {
  "screen": "LoginScreen",
  "event": "LOGIN_API_STARTED",
  "deviceId": "9b069c4d515098f8",
  "timestamp": "2026-05-16T12:51:53.309Z"
}
16/5/2026, 6:21:52 pm | [2026-05-16T12:51:53.308Z] [LOG] {
  "empNo": "",
  "deviceId": "9b069c4d515098f8"
}
