16/5/2026, 4:32:14 pm | [2026-05-16T11:02:15.332Z] [LOG] {"page":"CashClosingDashboard","event":"CASH_CLOSING_DASHBOARD_PAGE_LOADED","timestamp":"2026-05-16T11:02:15.331Z"}
16/5/2026, 4:32:14 pm | [2026-05-16T11:02:15.343Z] [LOG] {"page":"CashClosingDashboard","event":"CASH_CLOSING_DASHBOARD_PAGE_LOADED","timestamp":"2026-05-16T11:02:15.343Z"}
16/5/2026, 4:32:40 pm | [2026-05-16T11:02:40.158Z] [LOG] {"page":"CashClosingDashboard","event":"CASH_CLOSING_DASHBOARD_PAGE_LOADED","timestamp":"2026-05-16T11:02:40.158Z"}
16/5/2026, 4:32:40 pm | [2026-05-16T11:02:40.145Z] [LOG] {"page":"CashClosingDashboard","event":"CASH_CLOSING_DASHBOARD_PAGE_LOADED","timestamp":"2026-05-16T11:02:40.144Z"}
16/5/2026, 4:32:40 pm | [2026-05-16T11:02:40.171Z] [LOG] {"page":"CashClosingDashboard","event":"CASH_CLOSING_INITIAL_FETCH_STARTED","timestamp":"2026-05-16T11:02:40.171Z"}
16/5/2026, 4:32:40 pm | [2026-05-16T11:02:40.174Z] [LOG] {"page":"CashClosingDashboard","event":"CASH_CLOSING_INITIAL_FETCH_STARTED","timestamp":"2026-05-16T11:02:40.174Z"}
16/5/2026, 4:32:41 pm | [2026-05-16T11:02:40.342Z] [LOG] {"page":"CashClosingDashboard","event":"CASH_CLOSING_INITIAL_FETCH_SUCCESS","totalRecords":55,"totalClusters":4,"totalBranches":56,"timestamp":"2026-05-16T11:02:40.342Z"}
16/5/2026, 4:32:41 pm | [2026-05-16T11:02:40.345Z] [LOG] {"page":"CashClosingDashboard","event":"CASH_CLOSING_INITIAL_FETCH_SUCCESS","totalRecords":55,"totalClusters":4,"totalBranches":56,"timestamp":"2026-05-16T11:02:40.345Z"}
16/5/2026, 4:32:41 pm | [2026-05-16T11:02:40.347Z] [LOG] {"page":"CashClosingDashboard","event":"CASH_CLOSING_DASHBOARD_PAGE_LOADED","timestamp":"2026-05-16T11:02:40.347Z"}
16/5/2026, 4:32:41 pm | [2026-05-16T11:02:40.355Z] [LOG] {"page":"CashClosingDashboard","event":"CASH_CLOSING_DASHBOARD_PAGE_LOADED","timestamp":"2026-05-16T11:02:40.355Z"}
16/5/2026, 4:32:42 pm | [2026-05-16T11:02:41.986Z] [LOG] {"page":"CashClosingDashboard","event":"CASH_CLOSING_FILTER_CHANGED","field":"branch","value":"Anakapalli","timestamp":"2026-05-16T11:02:41.986Z"}
16/5/2026, 4:32:42 pm | [2026-05-16T11:02:41.987Z] [LOG] {"page":"CashClosingDashboard","event":"CASH_CLOSING_DASHBOARD_PAGE_LOADED","timestamp":"2026-05-16T11:02:41.987Z"}
16/5/2026, 4:32:42 pm | [2026-05-16T11:02:41.992Z] [LOG] {"page":"CashClosingDashboard","event":"CASH_CLOSING_DASHBOARD_PAGE_LOADED","timestamp":"2026-05-16T11:02:41.992Z"}
16/5/2026, 4:32:43 pm | [2026-05-16T11:02:42.521Z] [LOG] {"page":"CashClosingDashboard","event":"CASH_CLOSING_SEARCH_CLICKED","filters":{"cluster":"","branch":"Anakapalli","fromDate":"","toDate":"","status":""},"timestamp":"2026-05-16T11:02:42.521Z"}
16/5/2026, 4:32:43 pm | [2026-05-16T11:02:42.572Z] [LOG] {"page":"CashClosingDashboard","event":"CASH_CLOSING_SEARCH_SUCCESS","totalRecords":1,"filters":{"cluster":"","branch":"Anakapalli","fromDate":"","toDate":"","status":""},"timestamp":"2026-05-16T11:02:42.572Z"}
16/5/2026, 4:32:43 pm | [2026-05-16T11:02:42.575Z] [LOG] {"page":"CashClosingDashboard","event":"CASH_CLOSING_DASHBOARD_PAGE_LOADED","timestamp":"2026-05-16T11:02:42.575Z"}
16/5/2026, 4:32:43 pm | [2026-05-16T11:02:42.578Z] [LOG] {"page":"CashClosingDashboard","event":"CASH_CLOSING_DASHBOARD_PAGE_LOADED","timestamp":"2026-05-16T11:02:42.578Z"}
16/5/2026, 4:33:01 pm | [2026-05-16T11:03:00.208Z] [LOG] {"page":"CashClosingDashboard","event":"CASH_CLOSING_RESET_CLICKED","timestamp":"2026-05-16T11:03:00.208Z"}
16/5/2026, 4:33:01 pm | [2026-05-16T11:03:00.212Z] [LOG] {"page":"CashClosingDashboard","event":"CASH_CLOSING_DASHBOARD_PAGE_LOADED","timestamp":"2026-05-16T11:03:00.212Z"}
16/5/2026, 4:33:01 pm | [2026-05-16T11:03:00.210Z] [LOG] {"page":"CashClosingDashboard","event":"CASH_CLOSING_DASHBOARD_PAGE_LOADED","timestamp":"2026-05-16T11:03:00.210Z"}
16/5/2026, 4:33:01 pm | [2026-05-16T11:03:00.349Z] [LOG] {"page":"CashClosingDashboard","event":"CASH_CLOSING_RESET_SUCCESS","totalRecords":55,"timestamp":"2026-05-16T11:03:00.349Z"}
16/5/2026, 4:33:01 pm | [2026-05-16T11:03:00.351Z] [LOG] {"page":"CashClosingDashboard","event":"CASH_CLOSING_DASHBOARD_PAGE_LOADED","timestamp":"2026-05-16T11:03:00.351Z"}
16/5/2026, 4:33:01 pm | [2026-05-16T11:03:00.353Z] [LOG] {"page":"CashClosingDashboard","event":"CASH_CLOSING_DASHBOARD_PAGE_LOADED","timestamp":"2026-05-16T11:03:00.353Z"}
16/5/2026, 4:37:40 pm | [2026-05-16T11:07:39.888Z] [LOG] {"page":"CashClosingDashboard","event":"CASH_CLOSING_RESET_CLICKED","timestamp":"2026-05-16T11:07:39.888Z"}
16/5/2026, 4:37:40 pm | [2026-05-16T11:07:39.890Z] [LOG] {"page":"CashClosingDashboard","event":"CASH_CLOSING_DASHBOARD_PAGE_LOADED","timestamp":"2026-05-16T11:07:39.890Z"}
16/5/2026, 4:37:40 pm | [2026-05-16T11:07:39.893Z] [LOG] {"page":"CashClosingDashboard","event":"CASH_CLOSING_DASHBOARD_PAGE_LOADED","timestamp":"2026-05-16T11:07:39.893Z"}
16/5/2026, 4:37:40 pm | [2026-05-16T11:07:40.137Z] [LOG] {"page":"CashClosingDashboard","event":"CASH_CLOSING_DASHBOARD_PAGE_LOADED","timestamp":"2026-05-16T11:07:40.137Z"}
16/5/2026, 4:37:40 pm | [2026-05-16T11:07:40.135Z] [LOG] {"page":"CashClosingDashboard","event":"CASH_CLOSING_RESET_SUCCESS","totalRecords":55,"timestamp":"2026-05-16T11:07:40.135Z"}
16/5/2026, 4:37:40 pm | [2026-05-16T11:07:40.141Z] [LOG] {"page":"CashClosingDashboard","event":"CASH_CLOSING_DASHBOARD_PAGE_LOADED","timestamp":"2026-05-16T11:07:40.141Z"}
16/5/2026, 4:37:42 pm | [2026-05-16T11:07:42.000Z] [LOG] {"page":"CashClosingDashboard","event":"CASH_CLOSING_FILTER_CHANGED","field":"fromDate","value":"2026-05-15","timestamp":"2026-05-16T11:07:42.000Z"}
16/5/2026, 4:37:42 pm | [2026-05-16T11:07:42.003Z] [LOG] {"page":"CashClosingDashboard","event":"CASH_CLOSING_DASHBOARD_PAGE_LOADED","timestamp":"2026-05-16T11:07:42.003Z"}
16/5/2026, 4:37:42 pm | [2026-05-16T11:07:42.001Z] [LOG] {"page":"CashClosingDashboard","event":"CASH_CLOSING_DASHBOARD_PAGE_LOADED","timestamp":"2026-05-16T11:07:42.001Z"}
16/5/2026, 4:37:44 pm | [2026-05-16T11:07:43.911Z] [LOG] {"page":"CashClosingDashboard","event":"CASH_CLOSING_DASHBOARD_PAGE_LOADED","timestamp":"2026-05-16T11:07:43.911Z"}
16/5/2026, 4:37:44 pm | [2026-05-16T11:07:43.910Z] [LOG] {"page":"CashClosingDashboard","event":"CASH_CLOSING_FILTER_CHANGED","field":"toDate","value":"2026-05-15","timestamp":"2026-05-16T11:07:43.910Z"}
16/5/2026, 4:37:44 pm | [2026-05-16T11:07:43.914Z] [LOG] {"page":"CashClosingDashboard","event":"CASH_CLOSING_DASHBOARD_PAGE_LOADED","timestamp":"2026-05-16T11:07:43.914Z"}
16/5/2026, 4:37:45 pm | [2026-05-16T11:07:44.929Z] [LOG] {"page":"CashClosingDashboard","event":"CASH_CLOSING_SEARCH_CLICKED","filters":{"cluster":"","branch":"","fromDate":"2026-05-15","toDate":"2026-05-15","status":""},"timestamp":"2026-05-16T11:07:44.929Z"}
16/5/2026, 4:37:45 pm | [2026-05-16T11:07:44.982Z] [LOG] {"page":"CashClosingDashboard","event":"CASH_CLOSING_SEARCH_SUCCESS","totalRecords":55,"filters":{"cluster":"","branch":"","fromDate":"2026-05-15","toDate":"2026-05-15","status":""},"timestamp":"2026-05-16T11:07:44.982Z"}
16/5/2026, 4:37:45 pm | [2026-05-16T11:07:44.983Z] [LOG] {"page":"CashClosingDashboard","event":"CASH_CLOSING_DASHBOARD_PAGE_LOADED","timestamp":"2026-05-16T11:07:44.983Z"}
16/5/2026, 4:37:45 pm | [2026-05-16T11:07:44.985Z] [LOG] {"page":"CashClosingDashboard","event":"CASH_CLOSING_DASHBOARD_PAGE_LOADED","timestamp":"2026-05-16T11:07:44.985Z"}
16/5/2026, 4:38:14 pm | [2026-05-16T11:08:13.657Z] [LOG] {"page":"CashClosingDashboard","event":"CASH_CLOSING_RESET_CLICKED","timestamp":"2026-05-16T11:08:13.657Z"}
16/5/2026, 4:38:14 pm | [2026-05-16T11:08:13.663Z] [LOG] {"page":"CashClosingDashboard","event":"CASH_CLOSING_DASHBOARD_PAGE_LOADED","timestamp":"2026-05-16T11:08:13.663Z"}
16/5/2026, 4:38:14 pm | [2026-05-16T11:08:13.660Z] [LOG] {"page":"CashClosingDashboard","event":"CASH_CLOSING_DASHBOARD_PAGE_LOADED","timestamp":"2026-05-16T11:08:13.660Z"}
16/5/2026, 4:38:14 pm | [2026-05-16T11:08:13.834Z] [LOG] {"page":"CashClosingDashboard","event":"CASH_CLOSING_RESET_SUCCESS","totalRecords":55,"timestamp":"2026-05-16T11:08:13.834Z"}
16/5/2026, 4:38:14 pm | [2026-05-16T11:08:13.835Z] [LOG] {"page":"CashClosingDashboard","event":"CASH_CLOSING_DASHBOARD_PAGE_LOADED","timestamp":"2026-05-16T11:08:13.835Z"}
16/5/2026, 4:38:14 pm | [2026-05-16T11:08:13.838Z] [LOG] {"page":"CashClosingDashboard","event":"CASH_CLOSING_DASHBOARD_PAGE_LOADED","timestamp":"2026-05-16T11:08:13.838Z"}
16/5/2026, 4:39:13 pm | [2026-05-16T11:09:12.912Z] [LOG] {"page":"CashClosingDashboard","event":"CASH_CLOSING_SEARCH_CLICKED","filters":{"cluster":"","branch":"","fromDate":"","toDate":"","status":""},"timestamp":"2026-05-16T11:09:12.912Z"}
16/5/2026, 4:39:13 pm | [2026-05-16T11:09:13.142Z] [LOG] {"page":"CashClosingDashboard","event":"CASH_CLOSING_DASHBOARD_PAGE_LOADED","timestamp":"2026-05-16T11:09:13.142Z"}
16/5/2026, 4:39:13 pm | [2026-05-16T11:09:13.140Z] [LOG] {"page":"CashClosingDashboard","event":"CASH_CLOSING_SEARCH_SUCCESS","totalRecords":55,"filters":{"cluster":"","branch":"","fromDate":"","toDate":"","status":""},"timestamp":"2026-05-16T11:09:13.140Z"}
16/5/2026, 4:39:13 pm | [2026-05-16T11:09:13.146Z] [LOG] {"page":"CashClosingDashboard","event":"CASH_CLOSING_DASHBOARD_PAGE_LOADED","timestamp":"2026-05-16T11:09:13.146Z"}
16/5/2026, 4:39:14 pm | [2026-05-16T11:09:13.833Z] [LOG] {"page":"CashClosingDashboard","event":"CASH_CLOSING_SEARCH_CLICKED","filters":{"cluster":"","branch":"","fromDate":"","toDate":"","status":""},"timestamp":"2026-05-16T11:09:13.833Z"}
16/5/2026, 4:39:14 pm | [2026-05-16T11:09:13.900Z] [LOG] {"page":"CashClosingDashboard","event":"CASH_CLOSING_DASHBOARD_PAGE_LOADED","timestamp":"2026-05-16T11:09:13.900Z"}
16/5/2026, 4:39:14 pm | [2026-05-16T11:09:13.902Z] [LOG] {"page":"CashClosingDashboard","event":"CASH_CLOSING_DASHBOARD_PAGE_LOADED","timestamp":"2026-05-16T11:09:13.902Z"}
16/5/2026, 4:39:14 pm | [2026-05-16T11:09:13.899Z] [LOG] {"page":"CashClosingDashboard","event":"CASH_CLOSING_SEARCH_SUCCESS","totalRecords":55,"filters":{"cluster":"","branch":"","fromDate":"","toDate":"","status":""},"timestamp":"2026-05-16T11:09:13.899Z"}
16/5/2026, 4:39:14 pm | [2026-05-16T11:09:14.008Z] [LOG] {"page":"CashClosingDashboard","event":"CASH_CLOSING_SEARCH_CLICKED","filters":{"cluster":"","branch":"","fromDate":"","toDate":"","status":""},"timestamp":"2026-05-16T11:09:14.008Z"}
16/5/2026, 4:39:14 pm | [2026-05-16T11:09:14.072Z] [LOG] {"page":"CashClosingDashboard","event":"CASH_CLOSING_SEARCH_SUCCESS","totalRecords":55,"filters":{"cluster":"","branch":"","fromDate":"","toDate":"","status":""},"timestamp":"2026-05-16T11:09:14.072Z"}
16/5/2026, 4:39:14 pm | [2026-05-16T11:09:14.073Z] [LOG] {"page":"CashClosingDashboard","event":"CASH_CLOSING_DASHBOARD_PAGE_LOADED","timestamp":"2026-05-16T11:09:14.073Z"}
16/5/2026, 4:39:14 pm | [2026-05-16T11:09:14.076Z] [LOG] {"page":"CashClosingDashboard","event":"CASH_CLOSING_DASHBOARD_PAGE_LOADED","timestamp":"2026-05-16T11:09:14.076Z"}
16/5/2026, 4:39:17 pm | [2026-05-16T11:09:17.009Z] [LOG] {"page":"CashClosingDashboard","event":"CASH_CLOSING_SEARCH_CLICKED","filters":{"cluster":"","branch":"","fromDate":"","toDate":"","status":""},"timestamp":"2026-05-16T11:09:17.009Z"}
16/5/2026, 4:39:17 pm | [2026-05-16T11:09:17.060Z] [LOG] {"page":"CashClosingDashboard","event":"CASH_CLOSING_DASHBOARD_PAGE_LOADED","timestamp":"2026-05-16T11:09:17.060Z"}
16/5/2026, 4:39:17 pm | [2026-05-16T11:09:17.059Z] [LOG] {"page":"CashClosingDashboard","event":"CASH_CLOSING_SEARCH_SUCCESS","totalRecords":55,"filters":{"cluster":"","branch":"","fromDate":"","toDate":"","status":""},"timestamp":"2026-05-16T11:09:17.059Z"}
16/5/2026, 4:39:17 pm | [2026-05-16T11:09:17.063Z] [LOG] {"page":"CashClosingDashboard","event":"CASH_CLOSING_DASHBOARD_PAGE_LOADED","timestamp":"2026-05-16T11:09:17.063Z"}
16/5/2026, 4:39:17 pm | [2026-05-16T11:09:17.216Z] [LOG] {"page":"CashClosingDashboard","event":"CASH_CLOSING_SEARCH_CLICKED","filters":{"cluster":"","branch":"","fromDate":"","toDate":"","status":""},"timestamp":"2026-05-16T11:09:17.216Z"}
16/5/2026, 4:39:17 pm | [2026-05-16T11:09:17.268Z] [LOG] {"page":"CashClosingDashboard","event":"CASH_CLOSING_DASHBOARD_PAGE_LOADED","timestamp":"2026-05-16T11:09:17.268Z"}
16/5/2026, 4:39:17 pm | [2026-05-16T11:09:17.267Z] [LOG] {"page":"CashClosingDashboard","event":"CASH_CLOSING_SEARCH_SUCCESS","totalRecords":55,"filters":{"cluster":"","branch":"","fromDate":"","toDate":"","status":""},"timestamp":"2026-05-16T11:09:17.267Z"}
16/5/2026, 4:39:17 pm | [2026-05-16T11:09:17.270Z] [LOG] {"page":"CashClosingDashboard","event":"CASH_CLOSING_DASHBOARD_PAGE_LOADED","timestamp":"2026-05-16T11:09:17.270Z"}
16/5/2026, 4:39:18 pm | [2026-05-16T11:09:17.457Z] [LOG] {"page":"CashClosingDashboard","event":"CASH_CLOSING_SEARCH_CLICKED","filters":{"cluster":"","branch":"","fromDate":"","toDate":"","status":""},"timestamp":"2026-05-16T11:09:17.457Z"}
16/5/2026, 4:39:18 pm | [2026-05-16T11:09:17.509Z] [LOG] {"page":"CashClosingDashboard","event":"CASH_CLOSING_DASHBOARD_PAGE_LOADED","timestamp":"2026-05-16T11:09:17.509Z"}
16/5/2026, 4:39:18 pm | [2026-05-16T11:09:17.508Z] [LOG] {"page":"CashClosingDashboard","event":"CASH_CLOSING_SEARCH_SUCCESS","totalRecords":55,"filters":{"cluster":"","branch":"","fromDate":"","toDate":"","status":""},"timestamp":"2026-05-16T11:09:17.508Z"}
16/5/2026, 4:39:18 pm | [2026-05-16T11:09:17.513Z] [LOG] {"page":"CashClosingDashboard","event":"CASH_CLOSING_DASHBOARD_PAGE_LOADED","timestamp":"2026-05-16T11:09:17.513Z"}
16/5/2026, 4:39:19 pm | [2026-05-16T11:09:19.199Z] [LOG] {"page":"CashClosingDashboard","event":"CASH_CLOSING_DASHBOARD_PAGE_LOADED","timestamp":"2026-05-16T11:09:19.199Z"}
16/5/2026, 4:39:19 pm | [2026-05-16T11:09:19.218Z] [LOG] {"page":"CashClosingDashboard","event":"CASH_CLOSING_INITIAL_FETCH_STARTED","timestamp":"2026-05-16T11:09:19.218Z"}
16/5/2026, 4:39:19 pm | [2026-05-16T11:09:19.222Z] [LOG] {"page":"CashClosingDashboard","event":"CASH_CLOSING_INITIAL_FETCH_STARTED","timestamp":"2026-05-16T11:09:19.222Z"}
16/5/2026, 4:39:20 pm | [2026-05-16T11:09:19.205Z] [LOG] {"page":"CashClosingDashboard","event":"CASH_CLOSING_DASHBOARD_PAGE_LOADED","timestamp":"2026-05-16T11:09:19.205Z"}
16/5/2026, 4:39:20 pm | [2026-05-16T11:09:19.326Z] [LOG] {"page":"CashClosingDashboard","event":"CASH_CLOSING_INITIAL_FETCH_SUCCESS","totalRecords":55,"totalClusters":4,"totalBranches":56,"timestamp":"2026-05-16T11:09:19.326Z"}
16/5/2026, 4:39:20 pm | [2026-05-16T11:09:19.327Z] [LOG] {"page":"CashClosingDashboard","event":"CASH_CLOSING_DASHBOARD_PAGE_LOADED","timestamp":"2026-05-16T11:09:19.327Z"}
16/5/2026, 4:39:20 pm | [2026-05-16T11:09:19.330Z] [LOG] {"page":"CashClosingDashboard","event":"CASH_CLOSING_DASHBOARD_PAGE_LOADED","timestamp":"2026-05-16T11:09:19.330Z"}
16/5/2026, 4:39:20 pm | [2026-05-16T11:09:19.346Z] [LOG] {"page":"CashClosingDashboard","event":"CASH_CLOSING_INITIAL_FETCH_SUCCESS","totalRecords":55,"totalClusters":4,"totalBranches":56,"timestamp":"2026-05-16T11:09:19.346Z"}
16/5/2026, 4:39:20 pm | [2026-05-16T11:09:19.350Z] [LOG] {"page":"CashClosingDashboard","event":"CASH_CLOSING_DASHBOARD_PAGE_LOADED","timestamp":"2026-05-16T11:09:19.350Z"}
16/5/2026, 4:39:20 pm | [2026-05-16T11:09:19.347Z] [LOG] {"page":"CashClosingDashboard","event":"CASH_CLOSING_DASHBOARD_PAGE_LOADED","timestamp":"2026-05-16T11:09:19.347Z"}
16/5/2026, 4:39:44 pm | [2026-05-16T11:09:43.857Z] [LOG] {"page":"CashClosingDashboard","event":"CASH_CLOSING_SEARCH_CLICKED","filters":{"cluster":"","branch":"","fromDate":"","toDate":"","status":""},"timestamp":"2026-05-16T11:09:43.857Z"}
16/5/2026, 4:39:44 pm | [2026-05-16T11:09:44.048Z] [LOG] {"page":"CashClosingDashboard","event":"CASH_CLOSING_DASHBOARD_PAGE_LOADED","timestamp":"2026-05-16T11:09:44.048Z"}
16/5/2026, 4:39:44 pm | [2026-05-16T11:09:44.045Z] [LOG] {"page":"CashClosingDashboard","event":"CASH_CLOSING_SEARCH_SUCCESS","totalRecords":55,"filters":{"cluster":"","branch":"","fromDate":"","toDate":"","status":""},"timestamp":"2026-05-16T11:09:44.045Z"}
16/5/2026, 4:39:44 pm | [2026-05-16T11:09:44.051Z] [LOG] {"page":"CashClosingDashboard","event":"CASH_CLOSING_DASHBOARD_PAGE_LOADED","timestamp":"2026-05-16T11:09:44.051Z"}
16/5/2026, 4:40:00 pm | [2026-05-16T11:10:00.001Z] [LOG] {"page":"CashClosingDashboard","event":"CASH_CLOSING_SEARCH_CLICKED","filters":{"cluster":"","branch":"","fromDate":"","toDate":"","status":""},"timestamp":"2026-05-16T11:10:00.001Z"}
16/5/2026, 4:40:00 pm | [2026-05-16T11:10:00.197Z] [LOG] {"page":"CashClosingDashboard","event":"CASH_CLOSING_SEARCH_SUCCESS","totalRecords":55,"filters":{"cluster":"","branch":"","fromDate":"","toDate":"","status":""},"timestamp":"2026-05-16T11:10:00.196Z"}
16/5/2026, 4:40:00 pm | [2026-05-16T11:10:00.198Z] [LOG] {"page":"CashClosingDashboard","event":"CASH_CLOSING_DASHBOARD_PAGE_LOADED","timestamp":"2026-05-16T11:10:00.198Z"}
16/5/2026, 4:40:00 pm | [2026-05-16T11:10:00.201Z] [LOG] {"page":"CashClosingDashboard","event":"CASH_CLOSING_DASHBOARD_PAGE_LOADED","timestamp":"2026-05-16T11:10:00.201Z"}
16/5/2026, 4:41:27 pm | [2026-05-16T11:11:27.096Z] [LOG] {"page":"CashClosingDashboard","event":"CASH_CLOSING_SEARCH_CLICKED","filters":{"cluster":"","branch":"","fromDate":"","toDate":"","status":""},"timestamp":"2026-05-16T11:11:27.096Z"}
16/5/2026, 4:41:27 pm | [2026-05-16T11:11:27.288Z] [LOG] {"page":"CashClosingDashboard","event":"CASH_CLOSING_DASHBOARD_PAGE_LOADED","timestamp":"2026-05-16T11:11:27.288Z"}
16/5/2026, 4:41:27 pm | [2026-05-16T11:11:27.286Z] [LOG] {"page":"CashClosingDashboard","event":"CASH_CLOSING_SEARCH_SUCCESS","totalRecords":55,"filters":{"cluster":"","branch":"","fromDate":"","toDate":"","status":""},"timestamp":"2026-05-16T11:11:27.286Z"}
16/5/2026, 4:41:28 pm | [2026-05-16T11:11:27.290Z] [LOG] {"page":"CashClosingDashboard","event":"CASH_CLOSING_DASHBOARD_PAGE_LOADED","timestamp":"2026-05-16T11:11:27.290Z"}
16/5/2026, 4:41:36 pm | [2026-05-16T11:11:35.594Z] [LOG] {"page":"CashClosingDashboard","event":"CASH_CLOSING_DASHBOARD_PAGE_LOADED","timestamp":"2026-05-16T11:11:35.594Z"}
16/5/2026, 4:41:36 pm | [2026-05-16T11:11:35.607Z] [LOG] {"page":"CashClosingDashboard","event":"CASH_CLOSING_INITIAL_FETCH_STARTED","timestamp":"2026-05-16T11:11:35.607Z"}
16/5/2026, 4:41:36 pm | [2026-05-16T11:11:35.610Z] [LOG] {"page":"CashClosingDashboard","event":"CASH_CLOSING_INITIAL_FETCH_STARTED","timestamp":"2026-05-16T11:11:35.610Z"}
16/5/2026, 4:41:36 pm | [2026-05-16T11:11:35.595Z] [LOG] {"page":"CashClosingDashboard","event":"CASH_CLOSING_DASHBOARD_PAGE_LOADED","timestamp":"2026-05-16T11:11:35.595Z"}
16/5/2026, 4:41:36 pm | [2026-05-16T11:11:35.745Z] [LOG] {"page":"CashClosingDashboard","event":"CASH_CLOSING_DASHBOARD_PAGE_LOADED","timestamp":"2026-05-16T11:11:35.745Z"}
16/5/2026, 4:41:36 pm | [2026-05-16T11:11:35.743Z] [LOG] {"page":"CashClosingDashboard","event":"CASH_CLOSING_INITIAL_FETCH_SUCCESS","totalRecords":55,"totalClusters":4,"totalBranches":56,"timestamp":"2026-05-16T11:11:35.743Z"}
16/5/2026, 4:41:36 pm | [2026-05-16T11:11:35.749Z] [LOG] {"page":"CashClosingDashboard","event":"CASH_CLOSING_DASHBOARD_PAGE_LOADED","timestamp":"2026-05-16T11:11:35.749Z"}
16/5/2026, 4:41:36 pm | [2026-05-16T11:11:35.762Z] [LOG] {"page":"CashClosingDashboard","event":"CASH_CLOSING_INITIAL_FETCH_SUCCESS","totalRecords":55,"totalClusters":4,"totalBranches":56,"timestamp":"2026-05-16T11:11:35.762Z"}
16/5/2026, 4:41:36 pm | [2026-05-16T11:11:35.764Z] [LOG] {"page":"CashClosingDashboard","event":"CASH_CLOSING_DASHBOARD_PAGE_LOADED","timestamp":"2026-05-16T11:11:35.764Z"}
16/5/2026, 4:41:36 pm | [2026-05-16T11:11:35.767Z] [LOG] {"page":"CashClosingDashboard","event":"CASH_CLOSING_DASHBOARD_PAGE_LOADED","timestamp":"2026-05-16T11:11:35.767Z"}
16/5/2026, 4:49:09 pm | [2026-05-16T11:19:08.002Z] [LOG] {"page":"CashClosingDashboard","event":"CASH_CLOSING_SEARCH_CLICKED","filters":{"cluster":"","branch":"","fromDate":"","toDate":"","status":""},"timestamp":"2026-05-16T11:19:08.002Z"}
16/5/2026, 4:49:09 pm | [2026-05-16T11:19:08.381Z] [LOG] {"page":"CashClosingDashboard","event":"CASH_CLOSING_SEARCH_SUCCESS","totalRecords":55,"filters":{"cluster":"","branch":"","fromDate":"","toDate":"","status":""},"timestamp":"2026-05-16T11:19:08.381Z"}
16/5/2026, 4:49:09 pm | [2026-05-16T11:19:08.382Z] [LOG] {"page":"CashClosingDashboard","event":"CASH_CLOSING_DASHBOARD_PAGE_LOADED","timestamp":"2026-05-16T11:19:08.382Z"}
16/5/2026, 4:49:09 pm | [2026-05-16T11:19:08.384Z] [LOG] {"page":"CashClosingDashboard","event":"CASH_CLOSING_DASHBOARD_PAGE_LOADED","timestamp":"2026-05-16T11:19:08.384Z"}
16/5/2026, 4:58:11 pm | [2026-05-16T11:28:10.592Z] [LOG] {"page":"CashClosingDashboard","event":"CASH_CLOSING_SEARCH_CLICKED","filters":{"cluster":"","branch":"","fromDate":"","toDate":"","status":""},"timestamp":"2026-05-16T11:28:10.592Z"}
16/5/2026, 4:58:11 pm | [2026-05-16T11:28:10.747Z] [LOG] {"page":"CashClosingDashboard","event":"CASH_CLOSING_DASHBOARD_PAGE_LOADED","timestamp":"2026-05-16T11:28:10.747Z"}
16/5/2026, 4:58:11 pm | [2026-05-16T11:28:10.746Z] [LOG] {"page":"CashClosingDashboard","event":"CASH_CLOSING_SEARCH_SUCCESS","totalRecords":55,"filters":{"cluster":"","branch":"","fromDate":"","toDate":"","status":""},"timestamp":"2026-05-16T11:28:10.746Z"}
16/5/2026, 4:58:11 pm | [2026-05-16T11:28:10.749Z] [LOG] {"page":"CashClosingDashboard","event":"CASH_CLOSING_DASHBOARD_PAGE_LOADED","timestamp":"2026-05-16T11:28:10.749Z"}
16/5/2026, 4:58:29 pm | [2026-05-16T11:28:28.256Z] [LOG] {"page":"CashClosingDashboard","event":"CASH_CLOSING_RESET_CLICKED","timestamp":"2026-05-16T11:28:28.256Z"}
16/5/2026, 4:58:29 pm | [2026-05-16T11:28:28.263Z] [LOG] {"page":"CashClosingDashboard","event":"CASH_CLOSING_DASHBOARD_PAGE_LOADED","timestamp":"2026-05-16T11:28:28.263Z"}
16/5/2026, 4:58:29 pm | [2026-05-16T11:28:28.258Z] [LOG] {"page":"CashClosingDashboard","event":"CASH_CLOSING_DASHBOARD_PAGE_LOADED","timestamp":"2026-05-16T11:28:28.258Z"}
16/5/2026, 4:58:29 pm | [2026-05-16T11:28:28.380Z] [LOG] {"page":"CashClosingDashboard","event":"CASH_CLOSING_RESET_SUCCESS","totalRecords":55,"timestamp":"2026-05-16T11:28:28.380Z"}
16/5/2026, 4:58:29 pm | [2026-05-16T11:28:28.382Z] [LOG] {"page":"CashClosingDashboard","event":"CASH_CLOSING_DASHBOARD_PAGE_LOADED","timestamp":"2026-05-16T11:28:28.382Z"}
16/5/2026, 4:58:29 pm | [2026-05-16T11:28:28.381Z] [LOG] {"page":"CashClosingDashboard","event":"CASH_CLOSING_DASHBOARD_PAGE_LOADED","timestamp":"2026-05-16T11:28:28.381Z"}
16/5/2026, 4:58:29 pm | [2026-05-16T11:28:28.996Z] [LOG] {"page":"CashClosingDashboard","event":"CASH_CLOSING_DASHBOARD_PAGE_LOADED","timestamp":"2026-05-16T11:28:28.996Z"}
16/5/2026, 4:58:29 pm | [2026-05-16T11:28:28.993Z] [LOG] {"page":"CashClosingDashboard","event":"CASH_CLOSING_RESET_CLICKED","timestamp":"2026-05-16T11:28:28.993Z"}
16/5/2026, 4:58:29 pm | [2026-05-16T11:28:29.000Z] [LOG] {"page":"CashClosingDashboard","event":"CASH_CLOSING_DASHBOARD_PAGE_LOADED","timestamp":"2026-05-16T11:28:29.000Z"}
16/5/2026, 4:58:29 pm | [2026-05-16T11:28:29.046Z] [LOG] {"page":"CashClosingDashboard","event":"CASH_CLOSING_RESET_SUCCESS","totalRecords":55,"timestamp":"2026-05-16T11:28:29.046Z"}
16/5/2026, 4:58:29 pm | [2026-05-16T11:28:29.047Z] [LOG] {"page":"CashClosingDashboard","event":"CASH_CLOSING_DASHBOARD_PAGE_LOADED","timestamp":"2026-05-16T11:28:29.047Z"}
16/5/2026, 4:58:29 pm | [2026-05-16T11:28:29.051Z] [LOG] {"page":"CashClosingDashboard","event":"CASH_CLOSING_DASHBOARD_PAGE_LOADED","timestamp":"2026-05-16T11:28:29.051Z"}
16/5/2026, 4:58:29 pm | [2026-05-16T11:28:29.196Z] [LOG] {"page":"CashClosingDashboard","event":"CASH_CLOSING_DASHBOARD_PAGE_LOADED","timestamp":"2026-05-16T11:28:29.196Z"}
16/5/2026, 4:58:29 pm | [2026-05-16T11:28:29.193Z] [LOG] {"page":"CashClosingDashboard","event":"CASH_CLOSING_RESET_CLICKED","timestamp":"2026-05-16T11:28:29.193Z"}
16/5/2026, 4:58:29 pm | [2026-05-16T11:28:29.199Z] [LOG] {"page":"CashClosingDashboard","event":"CASH_CLOSING_DASHBOARD_PAGE_LOADED","timestamp":"2026-05-16T11:28:29.199Z"}
16/5/2026, 4:58:29 pm | [2026-05-16T11:28:29.249Z] [LOG] {"page":"CashClosingDashboard","event":"CASH_CLOSING_DASHBOARD_PAGE_LOADED","timestamp":"2026-05-16T11:28:29.249Z"}
16/5/2026, 4:58:29 pm | [2026-05-16T11:28:29.248Z] [LOG] {"page":"CashClosingDashboard","event":"CASH_CLOSING_RESET_SUCCESS","totalRecords":55,"timestamp":"2026-05-16T11:28:29.248Z"}
16/5/2026, 4:58:29 pm | [2026-05-16T11:28:29.252Z] [LOG] {"page":"CashClosingDashboard","event":"CASH_CLOSING_DASHBOARD_PAGE_LOADED","timestamp":"2026-05-16T11:28:29.252Z"}
16/5/2026, 4:58:30 pm | [2026-05-16T11:28:29.442Z] [LOG] {"page":"CashClosingDashboard","event":"CASH_CLOSING_DASHBOARD_PAGE_LOADED","timestamp":"2026-05-16T11:28:29.442Z"}
16/5/2026, 4:58:30 pm | [2026-05-16T11:28:29.440Z] [LOG] {"page":"CashClosingDashboard","event":"CASH_CLOSING_RESET_CLICKED","timestamp":"2026-05-16T11:28:29.440Z"}
16/5/2026, 4:58:30 pm | [2026-05-16T11:28:29.445Z] [LOG] {"page":"CashClosingDashboard","event":"CASH_CLOSING_DASHBOARD_PAGE_LOADED","timestamp":"2026-05-16T11:28:29.445Z"}
16/5/2026, 4:58:30 pm | [2026-05-16T11:28:29.495Z] [LOG] {"page":"CashClosingDashboard","event":"CASH_CLOSING_DASHBOARD_PAGE_LOADED","timestamp":"2026-05-16T11:28:29.495Z"}
16/5/2026, 4:58:30 pm | [2026-05-16T11:28:29.493Z] [LOG] {"page":"CashClosingDashboard","event":"CASH_CLOSING_RESET_SUCCESS","totalRecords":55,"timestamp":"2026-05-16T11:28:29.493Z"}
16/5/2026, 4:58:30 pm | [2026-05-16T11:28:29.498Z] [LOG] {"page":"CashClosingDashboard","event":"CASH_CLOSING_DASHBOARD_PAGE_LOADED","timestamp":"2026-05-16T11:28:29.498Z"}
