6/7/2026, 5:49:25 pm | [2026-07-06T12:19:27.060Z] [LOG] {"page":"CashClosingDashboard","event":"CASH_CLOSING_DASHBOARD_PAGE_LOADED","timestamp":"2026-07-06T12:19:27.060Z"}
6/7/2026, 5:49:25 pm | [2026-07-06T12:19:27.044Z] [LOG] {"page":"CashClosingDashboard","event":"CASH_CLOSING_DASHBOARD_PAGE_LOADED","timestamp":"2026-07-06T12:19:27.044Z"}
6/7/2026, 5:49:25 pm | [2026-07-06T12:19:27.065Z] [LOG] {"page":"CashClosingDashboard","event":"CASH_CLOSING_INITIAL_FETCH_STARTED","timestamp":"2026-07-06T12:19:27.065Z"}
6/7/2026, 5:49:25 pm | [2026-07-06T12:19:27.067Z] [LOG] {"page":"CashClosingDashboard","event":"CASH_CLOSING_INITIAL_FETCH_STARTED","timestamp":"2026-07-06T12:19:27.067Z"}
6/7/2026, 5:49:25 pm | [2026-07-06T12:19:27.558Z] [LOG] {"page":"CashClosingDashboard","event":"CASH_CLOSING_DASHBOARD_PAGE_LOADED","timestamp":"2026-07-06T12:19:27.558Z"}
6/7/2026, 5:49:25 pm | [2026-07-06T12:19:27.562Z] [LOG] {"page":"CashClosingDashboard","event":"CASH_CLOSING_DASHBOARD_PAGE_LOADED","timestamp":"2026-07-06T12:19:27.562Z"}
6/7/2026, 5:49:25 pm | [2026-07-06T12:19:27.558Z] [LOG] {"page":"CashClosingDashboard","event":"CASH_CLOSING_INITIAL_FETCH_SUCCESS","totalRecords":56,"totalClusters":4,"totalBranches":56,"timestamp":"2026-07-06T12:19:27.558Z"}
6/7/2026, 5:49:25 pm | [2026-07-06T12:19:27.573Z] [LOG] {"page":"CashClosingDashboard","event":"CASH_CLOSING_INITIAL_FETCH_SUCCESS","totalRecords":56,"totalClusters":4,"totalBranches":56,"timestamp":"2026-07-06T12:19:27.573Z"}
6/7/2026, 5:49:25 pm | [2026-07-06T12:19:27.574Z] [LOG] {"page":"CashClosingDashboard","event":"CASH_CLOSING_DASHBOARD_PAGE_LOADED","timestamp":"2026-07-06T12:19:27.574Z"}
6/7/2026, 5:49:25 pm | [2026-07-06T12:19:27.577Z] [LOG] {"page":"CashClosingDashboard","event":"CASH_CLOSING_DASHBOARD_PAGE_LOADED","timestamp":"2026-07-06T12:19:27.577Z"}
6/7/2026, 5:49:28 pm | [2026-07-06T12:19:30.418Z] [LOG] {"page":"CashClosingDashboard","event":"CASH_CLOSING_SEARCH_CLICKED","filters":{"cluster":"","branch":"","fromDate":"","toDate":"","status":""},"timestamp":"2026-07-06T12:19:30.418Z"}
6/7/2026, 5:49:28 pm | [2026-07-06T12:19:30.481Z] [LOG] {"page":"CashClosingDashboard","event":"CASH_CLOSING_SEARCH_SUCCESS","totalRecords":56,"filters":{"cluster":"","branch":"","fromDate":"","toDate":"","status":""},"timestamp":"2026-07-06T12:19:30.481Z"}
6/7/2026, 5:49:28 pm | [2026-07-06T12:19:30.482Z] [LOG] {"page":"CashClosingDashboard","event":"CASH_CLOSING_DASHBOARD_PAGE_LOADED","timestamp":"2026-07-06T12:19:30.482Z"}
6/7/2026, 5:49:28 pm | [2026-07-06T12:19:30.486Z] [LOG] {"page":"CashClosingDashboard","event":"CASH_CLOSING_DASHBOARD_PAGE_LOADED","timestamp":"2026-07-06T12:19:30.486Z"}
6/7/2026, 5:49:28 pm | [2026-07-06T12:19:30.603Z] [LOG] {"page":"CashClosingDashboard","event":"CASH_CLOSING_SEARCH_CLICKED","filters":{"cluster":"","branch":"","fromDate":"","toDate":"","status":""},"timestamp":"2026-07-06T12:19:30.603Z"}
6/7/2026, 5:49:29 pm | [2026-07-06T12:19:30.670Z] [LOG] {"page":"CashClosingDashboard","event":"CASH_CLOSING_SEARCH_SUCCESS","totalRecords":56,"filters":{"cluster":"","branch":"","fromDate":"","toDate":"","status":""},"timestamp":"2026-07-06T12:19:30.670Z"}
6/7/2026, 5:49:29 pm | [2026-07-06T12:19:30.672Z] [LOG] {"page":"CashClosingDashboard","event":"CASH_CLOSING_DASHBOARD_PAGE_LOADED","timestamp":"2026-07-06T12:19:30.672Z"}
6/7/2026, 5:49:29 pm | [2026-07-06T12:19:30.674Z] [LOG] {"page":"CashClosingDashboard","event":"CASH_CLOSING_DASHBOARD_PAGE_LOADED","timestamp":"2026-07-06T12:19:30.674Z"}
6/7/2026, 5:49:29 pm | [2026-07-06T12:19:30.794Z] [LOG] {"page":"CashClosingDashboard","event":"CASH_CLOSING_SEARCH_CLICKED","filters":{"cluster":"","branch":"","fromDate":"","toDate":"","status":""},"timestamp":"2026-07-06T12:19:30.794Z"}
6/7/2026, 5:49:29 pm | [2026-07-06T12:19:30.863Z] [LOG] {"page":"CashClosingDashboard","event":"CASH_CLOSING_SEARCH_SUCCESS","totalRecords":56,"filters":{"cluster":"","branch":"","fromDate":"","toDate":"","status":""},"timestamp":"2026-07-06T12:19:30.863Z"}
6/7/2026, 5:49:29 pm | [2026-07-06T12:19:30.863Z] [LOG] {"page":"CashClosingDashboard","event":"CASH_CLOSING_DASHBOARD_PAGE_LOADED","timestamp":"2026-07-06T12:19:30.863Z"}
6/7/2026, 5:49:29 pm | [2026-07-06T12:19:30.865Z] [LOG] {"page":"CashClosingDashboard","event":"CASH_CLOSING_DASHBOARD_PAGE_LOADED","timestamp":"2026-07-06T12:19:30.865Z"}
6/7/2026, 5:49:30 pm | [2026-07-06T12:19:32.158Z] [LOG] {"page":"CashClosingDashboard","event":"CASH_CLOSING_INITIAL_FETCH_STARTED","timestamp":"2026-07-06T12:19:32.158Z"}
6/7/2026, 5:49:30 pm | [2026-07-06T12:19:32.149Z] [LOG] {"page":"CashClosingDashboard","event":"CASH_CLOSING_DASHBOARD_PAGE_LOADED","timestamp":"2026-07-06T12:19:32.149Z"}
6/7/2026, 5:49:30 pm | [2026-07-06T12:19:32.161Z] [LOG] {"page":"CashClosingDashboard","event":"CASH_CLOSING_INITIAL_FETCH_STARTED","timestamp":"2026-07-06T12:19:32.161Z"}
6/7/2026, 5:49:30 pm | [2026-07-06T12:19:32.151Z] [LOG] {"page":"CashClosingDashboard","event":"CASH_CLOSING_DASHBOARD_PAGE_LOADED","timestamp":"2026-07-06T12:19:32.151Z"}
6/7/2026, 5:49:30 pm | [2026-07-06T12:19:32.322Z] [LOG] {"page":"CashClosingDashboard","event":"CASH_CLOSING_DASHBOARD_PAGE_LOADED","timestamp":"2026-07-06T12:19:32.321Z"}
6/7/2026, 5:49:30 pm | [2026-07-06T12:19:32.318Z] [LOG] {"page":"CashClosingDashboard","event":"CASH_CLOSING_INITIAL_FETCH_SUCCESS","totalRecords":56,"totalClusters":4,"totalBranches":56,"timestamp":"2026-07-06T12:19:32.318Z"}
6/7/2026, 5:49:30 pm | [2026-07-06T12:19:32.319Z] [LOG] {"page":"CashClosingDashboard","event":"CASH_CLOSING_DASHBOARD_PAGE_LOADED","timestamp":"2026-07-06T12:19:32.319Z"}
6/7/2026, 5:49:31 pm | [2026-07-06T12:19:32.982Z] [LOG] {"page":"CashClosingDashboard","event":"CASH_CLOSING_DASHBOARD_PAGE_LOADED","timestamp":"2026-07-06T12:19:32.982Z"}
6/7/2026, 5:49:31 pm | [2026-07-06T12:19:32.981Z] [LOG] {"page":"CashClosingDashboard","event":"CASH_CLOSING_INITIAL_FETCH_SUCCESS","totalRecords":56,"totalClusters":4,"totalBranches":56,"timestamp":"2026-07-06T12:19:32.981Z"}
6/7/2026, 5:49:31 pm | [2026-07-06T12:19:32.983Z] [LOG] {"page":"CashClosingDashboard","event":"CASH_CLOSING_DASHBOARD_PAGE_LOADED","timestamp":"2026-07-06T12:19:32.983Z"}
6/7/2026, 5:52:35 pm | [2026-07-06T12:22:36.352Z] [LOG] {"page":"CashClosingDashboard","event":"CASH_CLOSING_DASHBOARD_PAGE_LOADED","timestamp":"2026-07-06T12:22:36.352Z"}
6/7/2026, 5:52:35 pm | [2026-07-06T12:22:36.422Z] [LOG] {"page":"CashClosingDashboard","event":"CASH_CLOSING_INITIAL_FETCH_STARTED","timestamp":"2026-07-06T12:22:36.422Z"}
6/7/2026, 5:52:35 pm | [2026-07-06T12:22:36.419Z] [WARN] ⚠️ React Router Future Flag Warning: Relative route resolution within Splat routes is changing in v7. You can use the `v7_relativeSplatPath` future flag to opt-in early. For more information, see https://reactrouter.com/v6/upgrading/future#v7_relativesplatpath.
6/7/2026, 5:52:35 pm | [2026-07-06T12:22:36.407Z] [LOG] {"page":"CashClosingDashboard","event":"CASH_CLOSING_INITIAL_FETCH_STARTED","timestamp":"2026-07-06T12:22:36.407Z"}
6/7/2026, 5:52:35 pm | [2026-07-06T12:22:36.362Z] [LOG] {"page":"CashClosingDashboard","event":"CASH_CLOSING_DASHBOARD_PAGE_LOADED","timestamp":"2026-07-06T12:22:36.362Z"}
6/7/2026, 5:52:35 pm | [2026-07-06T12:22:36.418Z] [WARN] ⚠️ React Router Future Flag Warning: React Router will begin wrapping state updates in `React.startTransition` in v7. You can use the `v7_startTransition` future flag to opt-in early. For more information, see https://reactrouter.com/v6/upgrading/future#v7_starttransition.
6/7/2026, 5:52:35 pm | [2026-07-06T12:22:36.723Z] [LOG] {"page":"CashClosingDashboard","event":"CASH_CLOSING_INITIAL_FETCH_SUCCESS","totalRecords":56,"totalClusters":4,"totalBranches":56,"timestamp":"2026-07-06T12:22:36.723Z"}
6/7/2026, 5:52:35 pm | [2026-07-06T12:22:36.724Z] [LOG] {"page":"CashClosingDashboard","event":"CASH_CLOSING_DASHBOARD_PAGE_LOADED","timestamp":"2026-07-06T12:22:36.724Z"}
6/7/2026, 5:52:35 pm | [2026-07-06T12:22:36.735Z] [LOG] {"page":"CashClosingDashboard","event":"CASH_CLOSING_DASHBOARD_PAGE_LOADED","timestamp":"2026-07-06T12:22:36.735Z"}
6/7/2026, 5:52:35 pm | [2026-07-06T12:22:36.761Z] [LOG] {"page":"CashClosingDashboard","event":"CASH_CLOSING_INITIAL_FETCH_SUCCESS","totalRecords":56,"totalClusters":4,"totalBranches":56,"timestamp":"2026-07-06T12:22:36.761Z"}
6/7/2026, 5:52:35 pm | [2026-07-06T12:22:36.763Z] [LOG] {"page":"CashClosingDashboard","event":"CASH_CLOSING_DASHBOARD_PAGE_LOADED","timestamp":"2026-07-06T12:22:36.763Z"}
6/7/2026, 5:52:35 pm | [2026-07-06T12:22:36.771Z] [LOG] {"page":"CashClosingDashboard","event":"CASH_CLOSING_DASHBOARD_PAGE_LOADED","timestamp":"2026-07-06T12:22:36.771Z"}
6/7/2026, 6:32:34 pm | [2026-07-06T13:02:36.173Z] [LOG] {"page":"CashClosingDashboard","event":"CASH_CLOSING_DASHBOARD_PAGE_LOADED","timestamp":"2026-07-06T13:02:36.170Z"}
6/7/2026, 6:32:34 pm | [2026-07-06T13:02:36.195Z] [LOG] {"page":"CashClosingDashboard","event":"CASH_CLOSING_INITIAL_FETCH_STARTED","timestamp":"2026-07-06T13:02:36.195Z"}
6/7/2026, 6:32:34 pm | [2026-07-06T13:02:36.421Z] [LOG] {"page":"CashClosingDashboard","event":"CASH_CLOSING_INITIAL_FETCH_SUCCESS","totalRecords":56,"totalClusters":4,"totalBranches":56,"timestamp":"2026-07-06T13:02:36.421Z"}
6/7/2026, 6:32:34 pm | [2026-07-06T13:02:36.422Z] [LOG] {"page":"CashClosingDashboard","event":"CASH_CLOSING_DASHBOARD_PAGE_LOADED","timestamp":"2026-07-06T13:02:36.422Z"}
6/7/2026, 6:32:36 pm | [2026-07-06T13:02:38.194Z] [LOG] {"page":"CashClosingDashboard","event":"CASH_CLOSING_DASHBOARD_PAGE_LOADED","timestamp":"2026-07-06T13:02:38.194Z"}
6/7/2026, 6:32:36 pm | [2026-07-06T13:02:38.196Z] [LOG] {"page":"CashClosingDashboard","event":"CASH_CLOSING_INITIAL_FETCH_STARTED","timestamp":"2026-07-06T13:02:38.196Z"}
6/7/2026, 6:32:36 pm | [2026-07-06T13:02:38.250Z] [LOG] {"page":"CashClosingDashboard","event":"CASH_CLOSING_INITIAL_FETCH_SUCCESS","totalRecords":56,"totalClusters":4,"totalBranches":56,"timestamp":"2026-07-06T13:02:38.250Z"}
6/7/2026, 6:32:36 pm | [2026-07-06T13:02:38.251Z] [LOG] {"page":"CashClosingDashboard","event":"CASH_CLOSING_DASHBOARD_PAGE_LOADED","timestamp":"2026-07-06T13:02:38.251Z"}
6/7/2026, 6:32:37 pm | [2026-07-06T13:02:38.768Z] [LOG] {"page":"CashClosingDashboard","event":"CASH_CLOSING_INITIAL_FETCH_STARTED","timestamp":"2026-07-06T13:02:38.768Z"}
6/7/2026, 6:32:37 pm | [2026-07-06T13:02:38.767Z] [LOG] {"page":"CashClosingDashboard","event":"CASH_CLOSING_DASHBOARD_PAGE_LOADED","timestamp":"2026-07-06T13:02:38.767Z"}
6/7/2026, 6:32:37 pm | [2026-07-06T13:02:38.821Z] [LOG] {"page":"CashClosingDashboard","event":"CASH_CLOSING_INITIAL_FETCH_SUCCESS","totalRecords":56,"totalClusters":4,"totalBranches":56,"timestamp":"2026-07-06T13:02:38.821Z"}
6/7/2026, 6:32:37 pm | [2026-07-06T13:02:38.822Z] [LOG] {"page":"CashClosingDashboard","event":"CASH_CLOSING_DASHBOARD_PAGE_LOADED","timestamp":"2026-07-06T13:02:38.822Z"}
6/7/2026, 6:32:40 pm | [2026-07-06T13:02:41.789Z] [LOG] {"page":"CashClosingDashboard","event":"CASH_CLOSING_DASHBOARD_PAGE_LOADED","timestamp":"2026-07-06T13:02:41.789Z"}
6/7/2026, 6:32:40 pm | [2026-07-06T13:02:41.795Z] [LOG] {"page":"CashClosingDashboard","event":"CASH_CLOSING_INITIAL_FETCH_STARTED","timestamp":"2026-07-06T13:02:41.795Z"}
6/7/2026, 6:32:40 pm | [2026-07-06T13:02:41.875Z] [LOG] {"page":"CashClosingDashboard","event":"CASH_CLOSING_INITIAL_FETCH_SUCCESS","totalRecords":56,"totalClusters":4,"totalBranches":56,"timestamp":"2026-07-06T13:02:41.875Z"}
6/7/2026, 6:32:40 pm | [2026-07-06T13:02:41.876Z] [LOG] {"page":"CashClosingDashboard","event":"CASH_CLOSING_DASHBOARD_PAGE_LOADED","timestamp":"2026-07-06T13:02:41.876Z"}
6/7/2026, 6:33:14 pm | [2026-07-06T13:03:16.322Z] [LOG] {"page":"CashClosingDashboard","event":"CASH_CLOSING_DASHBOARD_PAGE_LOADED","timestamp":"2026-07-06T13:03:16.321Z"}
6/7/2026, 6:33:14 pm | [2026-07-06T13:03:16.334Z] [LOG] {"page":"CashClosingDashboard","event":"CASH_CLOSING_INITIAL_FETCH_STARTED","timestamp":"2026-07-06T13:03:16.334Z"}
6/7/2026, 6:33:14 pm | [2026-07-06T13:03:16.488Z] [LOG] {"page":"CashClosingDashboard","event":"CASH_CLOSING_INITIAL_FETCH_SUCCESS","totalRecords":56,"totalClusters":4,"totalBranches":56,"timestamp":"2026-07-06T13:03:16.488Z"}
6/7/2026, 6:33:14 pm | [2026-07-06T13:03:16.489Z] [LOG] {"page":"CashClosingDashboard","event":"CASH_CLOSING_DASHBOARD_PAGE_LOADED","timestamp":"2026-07-06T13:03:16.489Z"}
6/7/2026, 6:33:57 pm | [2026-07-06T13:03:59.266Z] [LOG] {"page":"CashClosingDashboard","event":"CASH_CLOSING_INITIAL_FETCH_STARTED","timestamp":"2026-07-06T13:03:59.266Z"}
6/7/2026, 6:33:57 pm | [2026-07-06T13:03:59.259Z] [LOG] {"page":"CashClosingDashboard","event":"CASH_CLOSING_DASHBOARD_PAGE_LOADED","timestamp":"2026-07-06T13:03:59.259Z"}
6/7/2026, 6:33:57 pm | [2026-07-06T13:03:59.423Z] [LOG] {"page":"CashClosingDashboard","event":"CASH_CLOSING_INITIAL_FETCH_SUCCESS","totalRecords":56,"totalClusters":4,"totalBranches":56,"timestamp":"2026-07-06T13:03:59.423Z"}
6/7/2026, 6:33:57 pm | [2026-07-06T13:03:59.424Z] [LOG] {"page":"CashClosingDashboard","event":"CASH_CLOSING_DASHBOARD_PAGE_LOADED","timestamp":"2026-07-06T13:03:59.424Z"}
6/7/2026, 6:34:00 pm | [2026-07-06T13:04:01.682Z] [LOG] {"page":"CashClosingDashboard","event":"CASH_CLOSING_SEARCH_CLICKED","filters":{"cluster":"","branch":"","fromDate":"","toDate":"","status":""},"timestamp":"2026-07-06T13:04:01.682Z"}
6/7/2026, 6:34:00 pm | [2026-07-06T13:04:01.731Z] [LOG] {"page":"CashClosingDashboard","event":"CASH_CLOSING_SEARCH_SUCCESS","totalRecords":56,"filters":{"cluster":"","branch":"","fromDate":"","toDate":"","status":""},"timestamp":"2026-07-06T13:04:01.731Z"}
6/7/2026, 6:34:00 pm | [2026-07-06T13:04:01.731Z] [LOG] {"page":"CashClosingDashboard","event":"CASH_CLOSING_DASHBOARD_PAGE_LOADED","timestamp":"2026-07-06T13:04:01.731Z"}
6/7/2026, 6:34:00 pm | [2026-07-06T13:04:01.977Z] [LOG] {"page":"CashClosingDashboard","event":"CASH_CLOSING_SEARCH_CLICKED","filters":{"cluster":"","branch":"","fromDate":"","toDate":"","status":""},"timestamp":"2026-07-06T13:04:01.977Z"}
6/7/2026, 6:34:00 pm | [2026-07-06T13:04:02.033Z] [LOG] {"page":"CashClosingDashboard","event":"CASH_CLOSING_SEARCH_SUCCESS","totalRecords":56,"filters":{"cluster":"","branch":"","fromDate":"","toDate":"","status":""},"timestamp":"2026-07-06T13:04:02.033Z"}
6/7/2026, 6:34:00 pm | [2026-07-06T13:04:02.034Z] [LOG] {"page":"CashClosingDashboard","event":"CASH_CLOSING_DASHBOARD_PAGE_LOADED","timestamp":"2026-07-06T13:04:02.034Z"}
6/7/2026, 6:34:00 pm | [2026-07-06T13:04:02.162Z] [LOG] {"page":"CashClosingDashboard","event":"CASH_CLOSING_SEARCH_CLICKED","filters":{"cluster":"","branch":"","fromDate":"","toDate":"","status":""},"timestamp":"2026-07-06T13:04:02.162Z"}
6/7/2026, 6:34:00 pm | [2026-07-06T13:04:02.214Z] [LOG] {"page":"CashClosingDashboard","event":"CASH_CLOSING_SEARCH_SUCCESS","totalRecords":56,"filters":{"cluster":"","branch":"","fromDate":"","toDate":"","status":""},"timestamp":"2026-07-06T13:04:02.214Z"}
6/7/2026, 6:34:00 pm | [2026-07-06T13:04:02.215Z] [LOG] {"page":"CashClosingDashboard","event":"CASH_CLOSING_DASHBOARD_PAGE_LOADED","timestamp":"2026-07-06T13:04:02.215Z"}
6/7/2026, 6:34:05 pm | [2026-07-06T13:04:06.761Z] [LOG] {"page":"CashClosingDashboard","event":"CASH_CLOSING_DASHBOARD_PAGE_LOADED","timestamp":"2026-07-06T13:04:06.760Z"}
6/7/2026, 6:34:05 pm | [2026-07-06T13:04:06.767Z] [LOG] {"page":"CashClosingDashboard","event":"CASH_CLOSING_INITIAL_FETCH_STARTED","timestamp":"2026-07-06T13:04:06.767Z"}
6/7/2026, 6:34:05 pm | [2026-07-06T13:04:06.876Z] [LOG] {"page":"CashClosingDashboard","event":"CASH_CLOSING_INITIAL_FETCH_SUCCESS","totalRecords":56,"totalClusters":4,"totalBranches":56,"timestamp":"2026-07-06T13:04:06.876Z"}
6/7/2026, 6:34:05 pm | [2026-07-06T13:04:06.876Z] [LOG] {"page":"CashClosingDashboard","event":"CASH_CLOSING_DASHBOARD_PAGE_LOADED","timestamp":"2026-07-06T13:04:06.876Z"}
6/7/2026, 6:34:37 pm | [2026-07-06T13:04:38.904Z] [LOG] {"page":"CashClosingDashboard","event":"CASH_CLOSING_DASHBOARD_PAGE_LOADED","timestamp":"2026-07-06T13:04:38.903Z"}
6/7/2026, 6:34:37 pm | [2026-07-06T13:04:38.948Z] [LOG] {"page":"CashClosingDashboard","event":"CASH_CLOSING_INITIAL_FETCH_STARTED","timestamp":"2026-07-06T13:04:38.948Z"}
6/7/2026, 6:34:37 pm | [2026-07-06T13:04:39.115Z] [LOG] {"page":"CashClosingDashboard","event":"CASH_CLOSING_INITIAL_FETCH_SUCCESS","totalRecords":56,"totalClusters":4,"totalBranches":56,"timestamp":"2026-07-06T13:04:39.114Z"}
6/7/2026, 6:34:37 pm | [2026-07-06T13:04:39.116Z] [LOG] {"page":"CashClosingDashboard","event":"CASH_CLOSING_DASHBOARD_PAGE_LOADED","timestamp":"2026-07-06T13:04:39.116Z"}
6/7/2026, 6:40:16 pm | [2026-07-06T13:10:17.914Z] [LOG] {"page":"CashClosingDashboard","event":"CASH_CLOSING_DASHBOARD_PAGE_LOADED","timestamp":"2026-07-06T13:10:17.914Z"}
6/7/2026, 6:40:16 pm | [2026-07-06T13:10:17.926Z] [LOG] {"page":"CashClosingDashboard","event":"CASH_CLOSING_INITIAL_FETCH_STARTED","timestamp":"2026-07-06T13:10:17.926Z"}
6/7/2026, 6:40:16 pm | [2026-07-06T13:10:18.161Z] [LOG] {"page":"CashClosingDashboard","event":"CASH_CLOSING_INITIAL_FETCH_SUCCESS","totalRecords":56,"totalClusters":4,"totalBranches":56,"timestamp":"2026-07-06T13:10:18.161Z"}
6/7/2026, 6:40:16 pm | [2026-07-06T13:10:18.162Z] [LOG] {"page":"CashClosingDashboard","event":"CASH_CLOSING_DASHBOARD_PAGE_LOADED","timestamp":"2026-07-06T13:10:18.162Z"}
6/7/2026, 6:40:29 pm | [2026-07-06T13:10:30.453Z] [LOG] {"page":"CashClosingDashboard","event":"CASH_CLOSING_DASHBOARD_PAGE_LOADED","timestamp":"2026-07-06T13:10:30.453Z"}
6/7/2026, 6:40:29 pm | [2026-07-06T13:10:30.463Z] [LOG] {"page":"CashClosingDashboard","event":"CASH_CLOSING_INITIAL_FETCH_STARTED","timestamp":"2026-07-06T13:10:30.463Z"}
6/7/2026, 6:40:29 pm | [2026-07-06T13:10:30.611Z] [LOG] {"page":"CashClosingDashboard","event":"CASH_CLOSING_INITIAL_FETCH_SUCCESS","totalRecords":56,"totalClusters":4,"totalBranches":56,"timestamp":"2026-07-06T13:10:30.611Z"}
6/7/2026, 6:40:29 pm | [2026-07-06T13:10:30.612Z] [LOG] {"page":"CashClosingDashboard","event":"CASH_CLOSING_DASHBOARD_PAGE_LOADED","timestamp":"2026-07-06T13:10:30.612Z"}
6/7/2026, 6:41:15 pm | [2026-07-06T13:11:16.984Z] [LOG] {"page":"CashClosingDashboard","event":"CASH_CLOSING_RESET_CLICKED","timestamp":"2026-07-06T13:11:16.984Z"}
6/7/2026, 6:41:15 pm | [2026-07-06T13:11:16.985Z] [LOG] {"page":"CashClosingDashboard","event":"CASH_CLOSING_DASHBOARD_PAGE_LOADED","timestamp":"2026-07-06T13:11:16.985Z"}
6/7/2026, 6:41:15 pm | [2026-07-06T13:11:17.139Z] [LOG] {"page":"CashClosingDashboard","event":"CASH_CLOSING_RESET_SUCCESS","totalRecords":56,"timestamp":"2026-07-06T13:11:17.139Z"}
6/7/2026, 6:41:15 pm | [2026-07-06T13:11:17.140Z] [LOG] {"page":"CashClosingDashboard","event":"CASH_CLOSING_DASHBOARD_PAGE_LOADED","timestamp":"2026-07-06T13:11:17.140Z"}
6/7/2026, 6:41:15 pm | [2026-07-06T13:11:17.152Z] [LOG] {"page":"CashClosingDashboard","event":"CASH_CLOSING_RESET_CLICKED","timestamp":"2026-07-06T13:11:17.152Z"}
6/7/2026, 6:41:15 pm | [2026-07-06T13:11:17.153Z] [LOG] {"page":"CashClosingDashboard","event":"CASH_CLOSING_DASHBOARD_PAGE_LOADED","timestamp":"2026-07-06T13:11:17.153Z"}
6/7/2026, 6:41:15 pm | [2026-07-06T13:11:17.218Z] [LOG] {"page":"CashClosingDashboard","event":"CASH_CLOSING_RESET_SUCCESS","totalRecords":56,"timestamp":"2026-07-06T13:11:17.218Z"}
6/7/2026, 6:41:15 pm | [2026-07-06T13:11:17.219Z] [LOG] {"page":"CashClosingDashboard","event":"CASH_CLOSING_DASHBOARD_PAGE_LOADED","timestamp":"2026-07-06T13:11:17.219Z"}
6/7/2026, 6:41:16 pm | [2026-07-06T13:11:17.400Z] [LOG] {"page":"CashClosingDashboard","event":"CASH_CLOSING_RESET_CLICKED","timestamp":"2026-07-06T13:11:17.400Z"}
6/7/2026, 6:41:16 pm | [2026-07-06T13:11:17.401Z] [LOG] {"page":"CashClosingDashboard","event":"CASH_CLOSING_DASHBOARD_PAGE_LOADED","timestamp":"2026-07-06T13:11:17.401Z"}
6/7/2026, 6:41:16 pm | [2026-07-06T13:11:17.452Z] [LOG] {"page":"CashClosingDashboard","event":"CASH_CLOSING_RESET_SUCCESS","totalRecords":56,"timestamp":"2026-07-06T13:11:17.452Z"}
6/7/2026, 6:41:16 pm | [2026-07-06T13:11:17.454Z] [LOG] {"page":"CashClosingDashboard","event":"CASH_CLOSING_DASHBOARD_PAGE_LOADED","timestamp":"2026-07-06T13:11:17.454Z"}
6/7/2026, 6:41:16 pm | [2026-07-06T13:11:17.552Z] [LOG] {"page":"CashClosingDashboard","event":"CASH_CLOSING_RESET_CLICKED","timestamp":"2026-07-06T13:11:17.552Z"}
6/7/2026, 6:41:16 pm | [2026-07-06T13:11:17.553Z] [LOG] {"page":"CashClosingDashboard","event":"CASH_CLOSING_DASHBOARD_PAGE_LOADED","timestamp":"2026-07-06T13:11:17.553Z"}
6/7/2026, 6:41:16 pm | [2026-07-06T13:11:17.605Z] [LOG] {"page":"CashClosingDashboard","event":"CASH_CLOSING_RESET_SUCCESS","totalRecords":56,"timestamp":"2026-07-06T13:11:17.605Z"}
6/7/2026, 6:41:16 pm | [2026-07-06T13:11:17.606Z] [LOG] {"page":"CashClosingDashboard","event":"CASH_CLOSING_DASHBOARD_PAGE_LOADED","timestamp":"2026-07-06T13:11:17.606Z"}
6/7/2026, 6:41:19 pm | [2026-07-06T13:11:20.600Z] [LOG] {"page":"CashClosingDashboard","event":"CASH_CLOSING_RESET_CLICKED","timestamp":"2026-07-06T13:11:20.600Z"}
6/7/2026, 6:41:19 pm | [2026-07-06T13:11:20.601Z] [LOG] {"page":"CashClosingDashboard","event":"CASH_CLOSING_DASHBOARD_PAGE_LOADED","timestamp":"2026-07-06T13:11:20.601Z"}
6/7/2026, 6:41:19 pm | [2026-07-06T13:11:20.654Z] [LOG] {"page":"CashClosingDashboard","event":"CASH_CLOSING_RESET_SUCCESS","totalRecords":56,"timestamp":"2026-07-06T13:11:20.654Z"}
6/7/2026, 6:41:19 pm | [2026-07-06T13:11:20.655Z] [LOG] {"page":"CashClosingDashboard","event":"CASH_CLOSING_DASHBOARD_PAGE_LOADED","timestamp":"2026-07-06T13:11:20.655Z"}
6/7/2026, 6:41:19 pm | [2026-07-06T13:11:20.752Z] [LOG] {"page":"CashClosingDashboard","event":"CASH_CLOSING_RESET_CLICKED","timestamp":"2026-07-06T13:11:20.752Z"}
6/7/2026, 6:41:19 pm | [2026-07-06T13:11:20.753Z] [LOG] {"page":"CashClosingDashboard","event":"CASH_CLOSING_DASHBOARD_PAGE_LOADED","timestamp":"2026-07-06T13:11:20.753Z"}
6/7/2026, 6:41:19 pm | [2026-07-06T13:11:20.806Z] [LOG] {"page":"CashClosingDashboard","event":"CASH_CLOSING_RESET_SUCCESS","totalRecords":56,"timestamp":"2026-07-06T13:11:20.806Z"}
6/7/2026, 6:41:19 pm | [2026-07-06T13:11:20.807Z] [LOG] {"page":"CashClosingDashboard","event":"CASH_CLOSING_DASHBOARD_PAGE_LOADED","timestamp":"2026-07-06T13:11:20.807Z"}
6/7/2026, 6:42:07 pm | [2026-07-06T13:12:09.565Z] [LOG] {"page":"CashClosingDashboard","event":"CASH_CLOSING_DASHBOARD_PAGE_LOADED","timestamp":"2026-07-06T13:12:09.565Z"}
6/7/2026, 6:42:07 pm | [2026-07-06T13:12:09.579Z] [LOG] {"page":"CashClosingDashboard","event":"CASH_CLOSING_INITIAL_FETCH_STARTED","timestamp":"2026-07-06T13:12:09.579Z"}
6/7/2026, 6:42:07 pm | [2026-07-06T13:12:09.772Z] [LOG] {"page":"CashClosingDashboard","event":"CASH_CLOSING_INITIAL_FETCH_SUCCESS","totalRecords":56,"totalClusters":4,"totalBranches":56,"timestamp":"2026-07-06T13:12:09.772Z"}
6/7/2026, 6:42:07 pm | [2026-07-06T13:12:09.774Z] [LOG] {"page":"CashClosingDashboard","event":"CASH_CLOSING_DASHBOARD_PAGE_LOADED","timestamp":"2026-07-06T13:12:09.774Z"}
6/7/2026, 6:42:09 pm | [2026-07-06T13:12:11.699Z] [LOG] {"page":"CashClosingDashboard","event":"CASH_CLOSING_RESET_CLICKED","timestamp":"2026-07-06T13:12:11.699Z"}
6/7/2026, 6:42:09 pm | [2026-07-06T13:12:11.700Z] [LOG] {"page":"CashClosingDashboard","event":"CASH_CLOSING_DASHBOARD_PAGE_LOADED","timestamp":"2026-07-06T13:12:11.700Z"}
6/7/2026, 6:42:09 pm | [2026-07-06T13:12:11.750Z] [LOG] {"page":"CashClosingDashboard","event":"CASH_CLOSING_RESET_SUCCESS","totalRecords":56,"timestamp":"2026-07-06T13:12:11.750Z"}
6/7/2026, 6:42:09 pm | [2026-07-06T13:12:11.751Z] [LOG] {"page":"CashClosingDashboard","event":"CASH_CLOSING_DASHBOARD_PAGE_LOADED","timestamp":"2026-07-06T13:12:11.751Z"}
6/7/2026, 6:42:09 pm | [2026-07-06T13:12:11.883Z] [LOG] {"page":"CashClosingDashboard","event":"CASH_CLOSING_RESET_CLICKED","timestamp":"2026-07-06T13:12:11.883Z"}
6/7/2026, 6:42:09 pm | [2026-07-06T13:12:11.884Z] [LOG] {"page":"CashClosingDashboard","event":"CASH_CLOSING_DASHBOARD_PAGE_LOADED","timestamp":"2026-07-06T13:12:11.884Z"}
6/7/2026, 6:42:10 pm | [2026-07-06T13:12:11.934Z] [LOG] {"page":"CashClosingDashboard","event":"CASH_CLOSING_RESET_SUCCESS","totalRecords":56,"timestamp":"2026-07-06T13:12:11.934Z"}
6/7/2026, 6:42:10 pm | [2026-07-06T13:12:11.934Z] [LOG] {"page":"CashClosingDashboard","event":"CASH_CLOSING_DASHBOARD_PAGE_LOADED","timestamp":"2026-07-06T13:12:11.934Z"}
6/7/2026, 6:42:15 pm | [2026-07-06T13:12:17.787Z] [LOG] {"page":"CashClosingDashboard","event":"CASH_CLOSING_DASHBOARD_PAGE_LOADED","timestamp":"2026-07-06T13:12:17.787Z"}
6/7/2026, 6:42:15 pm | [2026-07-06T13:12:17.787Z] [LOG] {"page":"CashClosingDashboard","event":"CASH_CLOSING_NEXT_PAGE","currentPage":2,"timestamp":"2026-07-06T13:12:17.787Z"}
6/7/2026, 6:42:16 pm | [2026-07-06T13:12:18.387Z] [LOG] {"page":"CashClosingDashboard","event":"CASH_CLOSING_NEXT_PAGE","currentPage":3,"timestamp":"2026-07-06T13:12:18.387Z"}
6/7/2026, 6:42:16 pm | [2026-07-06T13:12:18.388Z] [LOG] {"page":"CashClosingDashboard","event":"CASH_CLOSING_DASHBOARD_PAGE_LOADED","timestamp":"2026-07-06T13:12:18.388Z"}
6/7/2026, 6:42:18 pm | [2026-07-06T13:12:20.056Z] [LOG] {"page":"CashClosingDashboard","event":"CASH_CLOSING_RESET_CLICKED","timestamp":"2026-07-06T13:12:20.056Z"}
6/7/2026, 6:42:18 pm | [2026-07-06T13:12:20.058Z] [LOG] {"page":"CashClosingDashboard","event":"CASH_CLOSING_DASHBOARD_PAGE_LOADED","timestamp":"2026-07-06T13:12:20.058Z"}
6/7/2026, 6:42:18 pm | [2026-07-06T13:12:20.218Z] [LOG] {"page":"CashClosingDashboard","event":"CASH_CLOSING_RESET_SUCCESS","totalRecords":56,"timestamp":"2026-07-06T13:12:20.218Z"}
6/7/2026, 6:42:18 pm | [2026-07-06T13:12:20.219Z] [LOG] {"page":"CashClosingDashboard","event":"CASH_CLOSING_DASHBOARD_PAGE_LOADED","timestamp":"2026-07-06T13:12:20.219Z"}
6/7/2026, 6:42:21 pm | [2026-07-06T13:12:23.579Z] [LOG] {"page":"CashClosingDashboard","event":"CASH_CLOSING_RESET_CLICKED","timestamp":"2026-07-06T13:12:23.579Z"}
6/7/2026, 6:42:21 pm | [2026-07-06T13:12:23.580Z] [LOG] {"page":"CashClosingDashboard","event":"CASH_CLOSING_DASHBOARD_PAGE_LOADED","timestamp":"2026-07-06T13:12:23.580Z"}
6/7/2026, 6:42:21 pm | [2026-07-06T13:12:23.691Z] [LOG] {"page":"CashClosingDashboard","event":"CASH_CLOSING_RESET_SUCCESS","totalRecords":56,"timestamp":"2026-07-06T13:12:23.691Z"}
6/7/2026, 6:42:21 pm | [2026-07-06T13:12:23.692Z] [LOG] {"page":"CashClosingDashboard","event":"CASH_CLOSING_DASHBOARD_PAGE_LOADED","timestamp":"2026-07-06T13:12:23.692Z"}
6/7/2026, 6:52:25 pm | [2026-07-06T13:22:26.672Z] [LOG] {"page":"CashClosingDashboard","event":"CASH_CLOSING_RESET_CLICKED","timestamp":"2026-07-06T13:22:26.672Z"}
6/7/2026, 6:52:25 pm | [2026-07-06T13:22:26.675Z] [LOG] {"page":"CashClosingDashboard","event":"CASH_CLOSING_DASHBOARD_PAGE_LOADED","timestamp":"2026-07-06T13:22:26.675Z"}
6/7/2026, 6:52:25 pm | [2026-07-06T13:22:26.836Z] [LOG] {"page":"CashClosingDashboard","event":"CASH_CLOSING_RESET_SUCCESS","totalRecords":56,"timestamp":"2026-07-06T13:22:26.836Z"}
6/7/2026, 6:52:25 pm | [2026-07-06T13:22:26.838Z] [LOG] {"page":"CashClosingDashboard","event":"CASH_CLOSING_DASHBOARD_PAGE_LOADED","timestamp":"2026-07-06T13:22:26.838Z"}
6/7/2026, 6:52:25 pm | [2026-07-06T13:22:26.843Z] [LOG] {"page":"CashClosingDashboard","event":"CASH_CLOSING_RESET_CLICKED","timestamp":"2026-07-06T13:22:26.843Z"}
6/7/2026, 6:52:25 pm | [2026-07-06T13:22:26.844Z] [LOG] {"page":"CashClosingDashboard","event":"CASH_CLOSING_DASHBOARD_PAGE_LOADED","timestamp":"2026-07-06T13:22:26.844Z"}
6/7/2026, 6:52:25 pm | [2026-07-06T13:22:26.916Z] [LOG] {"page":"CashClosingDashboard","event":"CASH_CLOSING_RESET_SUCCESS","totalRecords":56,"timestamp":"2026-07-06T13:22:26.916Z"}
6/7/2026, 6:52:25 pm | [2026-07-06T13:22:26.916Z] [LOG] {"page":"CashClosingDashboard","event":"CASH_CLOSING_DASHBOARD_PAGE_LOADED","timestamp":"2026-07-06T13:22:26.916Z"}
6/7/2026, 6:52:25 pm | [2026-07-06T13:22:26.968Z] [LOG] {"page":"CashClosingDashboard","event":"CASH_CLOSING_RESET_CLICKED","timestamp":"2026-07-06T13:22:26.968Z"}
6/7/2026, 6:52:25 pm | [2026-07-06T13:22:26.969Z] [LOG] {"page":"CashClosingDashboard","event":"CASH_CLOSING_DASHBOARD_PAGE_LOADED","timestamp":"2026-07-06T13:22:26.969Z"}
6/7/2026, 6:52:25 pm | [2026-07-06T13:22:27.025Z] [LOG] {"page":"CashClosingDashboard","event":"CASH_CLOSING_RESET_SUCCESS","totalRecords":56,"timestamp":"2026-07-06T13:22:27.025Z"}
6/7/2026, 6:52:25 pm | [2026-07-06T13:22:27.026Z] [LOG] {"page":"CashClosingDashboard","event":"CASH_CLOSING_DASHBOARD_PAGE_LOADED","timestamp":"2026-07-06T13:22:27.026Z"}
6/7/2026, 6:52:25 pm | [2026-07-06T13:22:27.112Z] [LOG] {"page":"CashClosingDashboard","event":"CASH_CLOSING_RESET_CLICKED","timestamp":"2026-07-06T13:22:27.112Z"}
6/7/2026, 6:52:25 pm | [2026-07-06T13:22:27.113Z] [LOG] {"page":"CashClosingDashboard","event":"CASH_CLOSING_DASHBOARD_PAGE_LOADED","timestamp":"2026-07-06T13:22:27.113Z"}
6/7/2026, 6:52:25 pm | [2026-07-06T13:22:27.168Z] [LOG] {"page":"CashClosingDashboard","event":"CASH_CLOSING_RESET_SUCCESS","totalRecords":56,"timestamp":"2026-07-06T13:22:27.167Z"}
6/7/2026, 6:52:25 pm | [2026-07-06T13:22:27.168Z] [LOG] {"page":"CashClosingDashboard","event":"CASH_CLOSING_DASHBOARD_PAGE_LOADED","timestamp":"2026-07-06T13:22:27.168Z"}
6/7/2026, 6:52:29 pm | [2026-07-06T13:22:30.592Z] [LOG] {"page":"CashClosingDashboard","event":"CASH_CLOSING_NEXT_PAGE","currentPage":2,"timestamp":"2026-07-06T13:22:30.592Z"}
6/7/2026, 6:52:29 pm | [2026-07-06T13:22:30.593Z] [LOG] {"page":"CashClosingDashboard","event":"CASH_CLOSING_DASHBOARD_PAGE_LOADED","timestamp":"2026-07-06T13:22:30.592Z"}
6/7/2026, 6:52:30 pm | [2026-07-06T13:22:32.137Z] [LOG] {"page":"CashClosingDashboard","event":"CASH_CLOSING_NEXT_PAGE","currentPage":3,"timestamp":"2026-07-06T13:22:32.137Z"}
6/7/2026, 6:52:30 pm | [2026-07-06T13:22:32.137Z] [LOG] {"page":"CashClosingDashboard","event":"CASH_CLOSING_DASHBOARD_PAGE_LOADED","timestamp":"2026-07-06T13:22:32.137Z"}
6/7/2026, 6:52:31 pm | [2026-07-06T13:22:33.160Z] [LOG] {"page":"CashClosingDashboard","event":"CASH_CLOSING_NEXT_PAGE","currentPage":4,"timestamp":"2026-07-06T13:22:33.160Z"}
6/7/2026, 6:52:31 pm | [2026-07-06T13:22:33.161Z] [LOG] {"page":"CashClosingDashboard","event":"CASH_CLOSING_DASHBOARD_PAGE_LOADED","timestamp":"2026-07-06T13:22:33.161Z"}
