31/5/2026, 4:25:16 pm | {"api":"/login","event":"LOGIN_API_STARTED","mpin":"1689","deviceId":"f2b383b692d384f6","timestamp":"2026-05-31T10:55:16.255Z"}
31/5/2026, 4:25:16 pm | {"event":"LOGIN_REQUEST","mpin":"1689","deviceId":"f2b383b692d384f6","timestamp":"2026-05-31T10:55:16.256Z"}
31/5/2026, 4:25:16 pm | {"api":"/login","event":"LOGIN_DB_QUERY_STARTED","mpin":"1689","timestamp":"2026-05-31T10:55:16.257Z"}
31/5/2026, 4:25:16 pm | {"api":"/login","event":"LOGIN_USER_FOUND","empNo":"307","branch":"Kolluru","designation":"Branch Manager","timestamp":"2026-05-31T10:55:16.415Z"}
31/5/2026, 4:25:16 pm | {"api":"/login","event":"LOGIN_DEVICE_CHECK","empNo":"307","savedDevice":"f2b383b692d384f6","currentDevice":"f2b383b692d384f6","timestamp":"2026-05-31T10:55:16.416Z"}
31/5/2026, 4:25:16 pm | {"api":"/login","event":"LOGIN_SUCCESS","empNo":"307","branch":"Kolluru","designation":"Branch Manager","loginTime":"2026-05-31T10:55:16.426Z"}
31/5/2026, 4:25:16 pm | {"api":"/employee/:empNo","event":"EMPLOYEE_API_STARTED","empNo":"307","timestamp":"2026-05-31T10:55:16.564Z"}
31/5/2026, 4:25:16 pm | {"api":"/employee/:empNo","event":"EMPLOYEE_DB_QUERY_STARTED","empNo":"307","timestamp":"2026-05-31T10:55:16.565Z"}
31/5/2026, 4:25:16 pm | {"api":"/employee/:empNo","event":"EMPLOYEE_FETCH_SUCCESS","empNo":"307","employeeName":"P.L. Manikanta","branch":"Kolluru","designation":"Branch Manager","timestamp":"2026-05-31T10:55:16.571Z"}
31/5/2026, 4:25:16 pm | {"api":"/last-submission/:empNo","event":"LAST_SUBMISSION_API_STARTED","empNo":"307","timestamp":"2026-05-31T10:55:16.622Z"}
31/5/2026, 4:25:16 pm | {"api":"/last-submission/:empNo","event":"LAST_SUBMISSION_DB_QUERY_STARTED","empNo":"307","timestamp":"2026-05-31T10:55:16.623Z"}
31/5/2026, 4:25:16 pm | {"api":"/last-submission/:empNo","event":"LAST_SUBMISSION_FETCH_SUCCESS","empNo":"307","amount":2490839,"actionAt":"2026-05-30 17:59:16","timestamp":"2026-05-31T10:55:16.738Z"}
31/5/2026, 4:25:16 pm | {"api":"/today-cash/:empNo","event":"TODAY_CASH_API_STARTED","empNo":"307","timestamp":"2026-05-31T10:55:16.916Z"}
31/5/2026, 4:25:16 pm | {"api":"/today-cash/:empNo","event":"TODAY_CASH_DB_QUERY_STARTED","empNo":"307","timestamp":"2026-05-31T10:55:16.918Z"}
31/5/2026, 4:25:16 pm | {"api":"/today-cash/:empNo","event":"TODAY_CASH_NOT_FOUND","empNo":"307","timestamp":"2026-05-31T10:55:16.924Z"}
31/5/2026, 10:59:21 pm | {"api":"/login","event":"LOGIN_API_STARTED","mpin":"2580","deviceId":"81b65917c9367902","timestamp":"2026-05-31T17:29:21.022Z"}
31/5/2026, 10:59:21 pm | {"event":"LOGIN_REQUEST","mpin":"2580","deviceId":"81b65917c9367902","timestamp":"2026-05-31T17:29:21.024Z"}
31/5/2026, 10:59:21 pm | {"api":"/login","event":"LOGIN_DB_QUERY_STARTED","mpin":"2580","timestamp":"2026-05-31T17:29:21.024Z"}
31/5/2026, 10:59:36 pm | {"api":"/login","event":"LOGIN_API_ERROR","mpin":"2580","deviceId":"81b65917c9367902","error":"Failed to connect to 10.0.0.4:1433 in 15000ms","stack":"ConnectionError: Failed to connect to 10.0.0.4:1433 in 15000ms\n    at D:\\CashClosing\\node_modules\\mssql\\lib\\tedious\\connection-pool.js:86:17\n    at Connection.err (D:\\CashClosing\\node_modules\\tedious\\src\\connection.ts:1812:9)\n    at Object.onceWrapper (node:events:634:26)\n    at Connection.emit (node:events:519:28)\n    at Connection.emit (D:\\CashClosing\\node_modules\\tedious\\src\\connection.ts:1974:18)\n    at <anonymous> (D:\\CashClosing\\node_modules\\tedious\\src\\connection.ts:1834:14)\n    at process.processTicksAndRejections (node:internal/process/task_queues:85:11)","timestamp":"2026-05-31T17:29:36.040Z"}
31/5/2026, 10:59:40 pm | {"api":"/login","event":"LOGIN_API_STARTED","mpin":"2580","deviceId":"81b65917c9367902","timestamp":"2026-05-31T17:29:40.502Z"}
31/5/2026, 10:59:40 pm | {"event":"LOGIN_REQUEST","mpin":"2580","deviceId":"81b65917c9367902","timestamp":"2026-05-31T17:29:40.503Z"}
31/5/2026, 10:59:40 pm | {"api":"/login","event":"LOGIN_DB_QUERY_STARTED","mpin":"2580","timestamp":"2026-05-31T17:29:40.503Z"}
31/5/2026, 10:59:55 pm | {"api":"/login","event":"LOGIN_API_ERROR","mpin":"2580","deviceId":"81b65917c9367902","error":"Failed to connect to 10.0.0.4:1433 in 15000ms","stack":"ConnectionError: Failed to connect to 10.0.0.4:1433 in 15000ms\n    at D:\\CashClosing\\node_modules\\mssql\\lib\\tedious\\connection-pool.js:86:17\n    at Connection.err (D:\\CashClosing\\node_modules\\tedious\\src\\connection.ts:1812:9)\n    at Object.onceWrapper (node:events:634:26)\n    at Connection.emit (node:events:519:28)\n    at Connection.emit (D:\\CashClosing\\node_modules\\tedious\\src\\connection.ts:1974:18)\n    at <anonymous> (D:\\CashClosing\\node_modules\\tedious\\src\\connection.ts:1834:14)\n    at process.processTicksAndRejections (node:internal/process/task_queues:85:11)","timestamp":"2026-05-31T17:29:55.512Z"}
