16/5/2026, 6:02:02 pm | {"api":"/api/cash-closing-dashboard","event":"CASH_CLOSING_DASHBOARD_API_STARTED","filters":{"cluster":"","branch":"","fromDate":"","toDate":"","status":""},"timestamp":"2026-05-16T12:32:02.103Z"}
16/5/2026, 6:02:02 pm | {"api":"/api/cash-closing-dashboard","event":"CASH_CLOSING_DASHBOARD_DB_CONNECTED","timestamp":"2026-05-16T12:32:02.105Z"}
16/5/2026, 6:02:02 pm | {"api":"/api/cash-closing-dashboard","event":"CASH_CLOSING_DASHBOARD_QUERY_STARTED","filters":{"cluster":"","branch":"","fromDate":"","toDate":"","status":""},"timestamp":"2026-05-16T12:32:02.106Z"}
16/5/2026, 6:02:02 pm | {"api":"/api/cash-closing-dashboard","event":"CASH_CLOSING_DASHBOARD_DATA_FETCHED","totalRecords":55,"timestamp":"2026-05-16T12:32:02.119Z"}
16/5/2026, 6:02:02 pm | {"api":"/api/cash-closing-dashboard","event":"CASH_CLOSING_CLUSTER_FETCHED","totalClusters":4,"timestamp":"2026-05-16T12:32:02.124Z"}
16/5/2026, 6:02:02 pm | {"api":"/api/cash-closing-dashboard","event":"CASH_CLOSING_BRANCH_FETCHED","totalBranches":56,"timestamp":"2026-05-16T12:32:02.128Z"}
16/5/2026, 6:02:02 pm | {"api":"/api/cash-closing-dashboard","event":"CASH_CLOSING_DASHBOARD_SUCCESS","totalRecords":55,"filters":{"cluster":"","branch":"","fromDate":"","toDate":"","status":""},"timestamp":"2026-05-16T12:32:02.129Z"}
16/5/2026, 6:03:19 pm | {"api":"/employee/:empNo","event":"EMPLOYEE_API_STARTED","empNo":"1009","timestamp":"2026-05-16T12:33:19.173Z"}
16/5/2026, 6:03:19 pm | {"api":"/employee/:empNo","event":"EMPLOYEE_DB_QUERY_STARTED","empNo":"1009","timestamp":"2026-05-16T12:33:19.174Z"}
16/5/2026, 6:03:19 pm | {"api":"/employee/:empNo","event":"EMPLOYEE_FETCH_SUCCESS","empNo":"1009","employeeName":"PATHAN AMREEN","branch":"Corporate Office","designation":"Asstt. Manager (IT)","timestamp":"2026-05-16T12:33:19.184Z"}
16/5/2026, 6:03:19 pm | {"api":"/admin-dashboard","event":"ADMIN_DASHBOARD_API_STARTED","timestamp":"2026-05-16T12:33:19.237Z"}
16/5/2026, 6:03:19 pm | {"api":"/admin-dashboard","event":"ADMIN_DASHBOARD_DB_CONNECTED","timestamp":"2026-05-16T12:33:19.238Z"}
16/5/2026, 6:03:19 pm | {"api":"/admin-dashboard","event":"ADMIN_DASHBOARD_SUBMITTED_BRANCHES_FETCHED","count":0,"timestamp":"2026-05-16T12:33:19.245Z"}
16/5/2026, 6:03:19 pm | {"api":"/admin-dashboard","event":"ADMIN_DASHBOARD_SUBMITTED_FETCHED","submittedBranches":0,"totalAmount":0,"timestamp":"2026-05-16T12:33:19.249Z"}
16/5/2026, 6:03:19 pm | {"api":"/admin-dashboard","event":"ADMIN_DASHBOARD_PENDING_FETCHED","totalBranches":56,"pendingBranches":56,"timestamp":"2026-05-16T12:33:19.250Z"}
16/5/2026, 6:03:19 pm | {"api":"/admin-dashboard","event":"ADMIN_DASHBOARD_PENDING_BRANCHES_FETCHED","count":56,"timestamp":"2026-05-16T12:33:19.255Z"}
16/5/2026, 6:03:19 pm | {"api":"/admin-dashboard","event":"ADMIN_DASHBOARD_SUCCESS","submitted":0,"pending":56,"totalAmount":0,"average":0,"timestamp":"2026-05-16T12:33:19.256Z"}
16/5/2026, 6:03:24 pm | {"api":"/api/cash-closing-dashboard","event":"CASH_CLOSING_DASHBOARD_API_STARTED","filters":{"cluster":"","branch":"","fromDate":"","toDate":"","status":""},"timestamp":"2026-05-16T12:33:24.995Z"}
16/5/2026, 6:03:24 pm | {"api":"/api/cash-closing-dashboard","event":"CASH_CLOSING_DASHBOARD_DB_CONNECTED","timestamp":"2026-05-16T12:33:24.996Z"}
16/5/2026, 6:03:24 pm | {"api":"/api/cash-closing-dashboard","event":"CASH_CLOSING_DASHBOARD_QUERY_STARTED","filters":{"cluster":"","branch":"","fromDate":"","toDate":"","status":""},"timestamp":"2026-05-16T12:33:24.997Z"}
16/5/2026, 6:03:25 pm | {"api":"/api/cash-closing-dashboard","event":"CASH_CLOSING_DASHBOARD_DATA_FETCHED","totalRecords":55,"timestamp":"2026-05-16T12:33:25.003Z"}
16/5/2026, 6:03:25 pm | {"api":"/api/cash-closing-dashboard","event":"CASH_CLOSING_CLUSTER_FETCHED","totalClusters":4,"timestamp":"2026-05-16T12:33:25.006Z"}
16/5/2026, 6:03:25 pm | {"api":"/api/cash-closing-dashboard","event":"CASH_CLOSING_BRANCH_FETCHED","totalBranches":56,"timestamp":"2026-05-16T12:33:25.011Z"}
16/5/2026, 6:03:25 pm | {"api":"/api/cash-closing-dashboard","event":"CASH_CLOSING_DASHBOARD_SUCCESS","totalRecords":55,"filters":{"cluster":"","branch":"","fromDate":"","toDate":"","status":""},"timestamp":"2026-05-16T12:33:25.012Z"}
16/5/2026, 6:03:25 pm | {"api":"/api/cash-closing-dashboard","event":"CASH_CLOSING_DASHBOARD_API_STARTED","filters":{"cluster":"","branch":"","fromDate":"","toDate":"","status":""},"timestamp":"2026-05-16T12:33:25.836Z"}
16/5/2026, 6:03:25 pm | {"api":"/api/cash-closing-dashboard","event":"CASH_CLOSING_DASHBOARD_DB_CONNECTED","timestamp":"2026-05-16T12:33:25.837Z"}
16/5/2026, 6:03:25 pm | {"api":"/api/cash-closing-dashboard","event":"CASH_CLOSING_DASHBOARD_QUERY_STARTED","filters":{"cluster":"","branch":"","fromDate":"","toDate":"","status":""},"timestamp":"2026-05-16T12:33:25.838Z"}
16/5/2026, 6:03:25 pm | {"api":"/api/cash-closing-dashboard","event":"CASH_CLOSING_DASHBOARD_DATA_FETCHED","totalRecords":55,"timestamp":"2026-05-16T12:33:25.844Z"}
16/5/2026, 6:03:25 pm | {"api":"/api/cash-closing-dashboard","event":"CASH_CLOSING_CLUSTER_FETCHED","totalClusters":4,"timestamp":"2026-05-16T12:33:25.847Z"}
16/5/2026, 6:03:25 pm | {"api":"/api/cash-closing-dashboard","event":"CASH_CLOSING_BRANCH_FETCHED","totalBranches":56,"timestamp":"2026-05-16T12:33:25.854Z"}
16/5/2026, 6:03:25 pm | {"api":"/api/cash-closing-dashboard","event":"CASH_CLOSING_DASHBOARD_SUCCESS","totalRecords":55,"filters":{"cluster":"","branch":"","fromDate":"","toDate":"","status":""},"timestamp":"2026-05-16T12:33:25.855Z"}
16/5/2026, 6:03:31 pm | {"api":"/employee/:empNo","event":"EMPLOYEE_API_STARTED","empNo":"1009","timestamp":"2026-05-16T12:33:31.970Z"}
16/5/2026, 6:03:31 pm | {"api":"/employee/:empNo","event":"EMPLOYEE_DB_QUERY_STARTED","empNo":"1009","timestamp":"2026-05-16T12:33:31.971Z"}
16/5/2026, 6:03:31 pm | {"api":"/employee/:empNo","event":"EMPLOYEE_FETCH_SUCCESS","empNo":"1009","employeeName":"PATHAN AMREEN","branch":"Corporate Office","designation":"Asstt. Manager (IT)","timestamp":"2026-05-16T12:33:31.976Z"}
16/5/2026, 6:03:32 pm | {"api":"/admin-dashboard","event":"ADMIN_DASHBOARD_API_STARTED","timestamp":"2026-05-16T12:33:32.071Z"}
16/5/2026, 6:03:32 pm | {"api":"/admin-dashboard","event":"ADMIN_DASHBOARD_DB_CONNECTED","timestamp":"2026-05-16T12:33:32.072Z"}
16/5/2026, 6:03:32 pm | {"api":"/admin-dashboard","event":"ADMIN_DASHBOARD_SUBMITTED_BRANCHES_FETCHED","count":0,"timestamp":"2026-05-16T12:33:32.078Z"}
16/5/2026, 6:03:32 pm | {"api":"/admin-dashboard","event":"ADMIN_DASHBOARD_SUBMITTED_FETCHED","submittedBranches":0,"totalAmount":0,"timestamp":"2026-05-16T12:33:32.084Z"}
16/5/2026, 6:03:32 pm | {"api":"/admin-dashboard","event":"ADMIN_DASHBOARD_PENDING_FETCHED","totalBranches":56,"pendingBranches":56,"timestamp":"2026-05-16T12:33:32.085Z"}
16/5/2026, 6:03:32 pm | {"api":"/admin-dashboard","event":"ADMIN_DASHBOARD_PENDING_BRANCHES_FETCHED","count":56,"timestamp":"2026-05-16T12:33:32.089Z"}
16/5/2026, 6:03:32 pm | {"api":"/admin-dashboard","event":"ADMIN_DASHBOARD_SUCCESS","submitted":0,"pending":56,"totalAmount":0,"average":0,"timestamp":"2026-05-16T12:33:32.090Z"}
16/5/2026, 6:03:33 pm | {"api":"/employee/:empNo","event":"EMPLOYEE_API_STARTED","empNo":"1009","timestamp":"2026-05-16T12:33:33.440Z"}
16/5/2026, 6:03:33 pm | {"api":"/employee/:empNo","event":"EMPLOYEE_DB_QUERY_STARTED","empNo":"1009","timestamp":"2026-05-16T12:33:33.441Z"}
16/5/2026, 6:03:33 pm | {"api":"/employee/:empNo","event":"EMPLOYEE_FETCH_SUCCESS","empNo":"1009","employeeName":"PATHAN AMREEN","branch":"Corporate Office","designation":"Asstt. Manager (IT)","timestamp":"2026-05-16T12:33:33.445Z"}
16/5/2026, 6:03:33 pm | {"api":"/admin-dashboard","event":"ADMIN_DASHBOARD_API_STARTED","timestamp":"2026-05-16T12:33:33.536Z"}
16/5/2026, 6:03:33 pm | {"api":"/admin-dashboard","event":"ADMIN_DASHBOARD_DB_CONNECTED","timestamp":"2026-05-16T12:33:33.537Z"}
16/5/2026, 6:03:33 pm | {"api":"/admin-dashboard","event":"ADMIN_DASHBOARD_SUBMITTED_BRANCHES_FETCHED","count":0,"timestamp":"2026-05-16T12:33:33.543Z"}
16/5/2026, 6:03:33 pm | {"api":"/admin-dashboard","event":"ADMIN_DASHBOARD_SUBMITTED_FETCHED","submittedBranches":0,"totalAmount":0,"timestamp":"2026-05-16T12:33:33.546Z"}
16/5/2026, 6:03:33 pm | {"api":"/admin-dashboard","event":"ADMIN_DASHBOARD_PENDING_FETCHED","totalBranches":56,"pendingBranches":56,"timestamp":"2026-05-16T12:33:33.547Z"}
16/5/2026, 6:03:33 pm | {"api":"/admin-dashboard","event":"ADMIN_DASHBOARD_PENDING_BRANCHES_FETCHED","count":56,"timestamp":"2026-05-16T12:33:33.551Z"}
16/5/2026, 6:03:33 pm | {"api":"/admin-dashboard","event":"ADMIN_DASHBOARD_SUCCESS","submitted":0,"pending":56,"totalAmount":0,"average":0,"timestamp":"2026-05-16T12:33:33.552Z"}
16/5/2026, 6:03:38 pm | {"api":"/branch-contacts/:branchCode","event":"BRANCH_CONTACTS_API_STARTED","branchCode":"54","timestamp":"2026-05-16T12:33:38.945Z"}
16/5/2026, 6:03:38 pm | {"api":"/branch-contacts/:branchCode","event":"BRANCH_CONTACTS_DB_CONNECTED","branchCode":"54","timestamp":"2026-05-16T12:33:38.947Z"}
16/5/2026, 6:03:38 pm | {"api":"/branch-contacts/:branchCode","event":"BRANCH_CONTACTS_FETCH_SUCCESS","branchCode":"54","contactsCount":4,"timestamp":"2026-05-16T12:33:38.956Z"}
16/5/2026, 6:03:50 pm | {"api":"/api/cash-closing-dashboard","event":"CASH_CLOSING_DASHBOARD_API_STARTED","filters":{"cluster":"","branch":"Nidadavolu","fromDate":"","toDate":"","status":""},"timestamp":"2026-05-16T12:33:50.822Z"}
16/5/2026, 6:03:50 pm | {"api":"/api/cash-closing-dashboard","event":"CASH_CLOSING_DASHBOARD_DB_CONNECTED","timestamp":"2026-05-16T12:33:50.823Z"}
16/5/2026, 6:03:50 pm | {"api":"/api/cash-closing-dashboard","event":"CASH_CLOSING_DASHBOARD_QUERY_STARTED","filters":{"cluster":"","branch":"Nidadavolu","fromDate":"","toDate":"","status":""},"timestamp":"2026-05-16T12:33:50.824Z"}
16/5/2026, 6:03:50 pm | {"api":"/api/cash-closing-dashboard","event":"CASH_CLOSING_DASHBOARD_DATA_FETCHED","totalRecords":0,"timestamp":"2026-05-16T12:33:50.828Z"}
16/5/2026, 6:03:50 pm | {"api":"/api/cash-closing-dashboard","event":"CASH_CLOSING_CLUSTER_FETCHED","totalClusters":4,"timestamp":"2026-05-16T12:33:50.831Z"}
16/5/2026, 6:03:50 pm | {"api":"/api/cash-closing-dashboard","event":"CASH_CLOSING_BRANCH_FETCHED","totalBranches":56,"timestamp":"2026-05-16T12:33:50.835Z"}
16/5/2026, 6:03:50 pm | {"api":"/api/cash-closing-dashboard","event":"CASH_CLOSING_DASHBOARD_SUCCESS","totalRecords":0,"filters":{"cluster":"","branch":"Nidadavolu","fromDate":"","toDate":"","status":""},"timestamp":"2026-05-16T12:33:50.836Z"}
16/5/2026, 6:03:55 pm | {"api":"/api/cash-closing-dashboard","event":"CASH_CLOSING_DASHBOARD_API_STARTED","filters":{"cluster":"","branch":"","fromDate":"","toDate":"","status":""},"timestamp":"2026-05-16T12:33:55.600Z"}
16/5/2026, 6:03:55 pm | {"api":"/api/cash-closing-dashboard","event":"CASH_CLOSING_DASHBOARD_DB_CONNECTED","timestamp":"2026-05-16T12:33:55.602Z"}
16/5/2026, 6:03:55 pm | {"api":"/api/cash-closing-dashboard","event":"CASH_CLOSING_DASHBOARD_QUERY_STARTED","filters":{"cluster":"","branch":"","fromDate":"","toDate":"","status":""},"timestamp":"2026-05-16T12:33:55.602Z"}
16/5/2026, 6:03:55 pm | {"api":"/api/cash-closing-dashboard","event":"CASH_CLOSING_DASHBOARD_DATA_FETCHED","totalRecords":55,"timestamp":"2026-05-16T12:33:55.609Z"}
16/5/2026, 6:03:55 pm | {"api":"/api/cash-closing-dashboard","event":"CASH_CLOSING_CLUSTER_FETCHED","totalClusters":4,"timestamp":"2026-05-16T12:33:55.613Z"}
16/5/2026, 6:03:55 pm | {"api":"/api/cash-closing-dashboard","event":"CASH_CLOSING_BRANCH_FETCHED","totalBranches":56,"timestamp":"2026-05-16T12:33:55.616Z"}
16/5/2026, 6:03:55 pm | {"api":"/api/cash-closing-dashboard","event":"CASH_CLOSING_DASHBOARD_SUCCESS","totalRecords":55,"filters":{"cluster":"","branch":"","fromDate":"","toDate":"","status":""},"timestamp":"2026-05-16T12:33:55.617Z"}
16/5/2026, 6:04:04 pm | {"api":"/branch-contacts/:branchCode","event":"BRANCH_CONTACTS_API_STARTED","branchCode":"48","timestamp":"2026-05-16T12:34:04.146Z"}
16/5/2026, 6:04:04 pm | {"api":"/branch-contacts/:branchCode","event":"BRANCH_CONTACTS_DB_CONNECTED","branchCode":"48","timestamp":"2026-05-16T12:34:04.147Z"}
16/5/2026, 6:04:04 pm | {"api":"/branch-contacts/:branchCode","event":"BRANCH_CONTACTS_FETCH_SUCCESS","branchCode":"48","contactsCount":5,"timestamp":"2026-05-16T12:34:04.151Z"}
16/5/2026, 6:04:11 pm | {"api":"/branch-contacts/:branchCode","event":"BRANCH_CONTACTS_API_STARTED","branchCode":"20","timestamp":"2026-05-16T12:34:11.847Z"}
16/5/2026, 6:04:11 pm | {"api":"/branch-contacts/:branchCode","event":"BRANCH_CONTACTS_DB_CONNECTED","branchCode":"20","timestamp":"2026-05-16T12:34:11.848Z"}
16/5/2026, 6:04:11 pm | {"api":"/branch-contacts/:branchCode","event":"BRANCH_CONTACTS_FETCH_SUCCESS","branchCode":"20","contactsCount":5,"timestamp":"2026-05-16T12:34:11.852Z"}
16/5/2026, 6:04:16 pm | {"api":"/branch-contacts/:branchCode","event":"BRANCH_CONTACTS_API_STARTED","branchCode":"3","timestamp":"2026-05-16T12:34:16.970Z"}
16/5/2026, 6:04:16 pm | {"api":"/branch-contacts/:branchCode","event":"BRANCH_CONTACTS_DB_CONNECTED","branchCode":"3","timestamp":"2026-05-16T12:34:16.971Z"}
16/5/2026, 6:04:16 pm | {"api":"/branch-contacts/:branchCode","event":"BRANCH_CONTACTS_FETCH_SUCCESS","branchCode":"3","contactsCount":13,"timestamp":"2026-05-16T12:34:16.975Z"}
16/5/2026, 6:04:51 pm | {"api":"/branch-contacts/:branchCode","event":"BRANCH_CONTACTS_API_STARTED","branchCode":"3","timestamp":"2026-05-16T12:34:51.856Z"}
16/5/2026, 6:04:51 pm | {"api":"/branch-contacts/:branchCode","event":"BRANCH_CONTACTS_DB_CONNECTED","branchCode":"3","timestamp":"2026-05-16T12:34:51.857Z"}
16/5/2026, 6:04:51 pm | {"api":"/branch-contacts/:branchCode","event":"BRANCH_CONTACTS_FETCH_SUCCESS","branchCode":"3","contactsCount":13,"timestamp":"2026-05-16T12:34:51.866Z"}
16/5/2026, 6:05:05 pm | {"api":"/branch-contacts/:branchCode","event":"BRANCH_CONTACTS_API_STARTED","branchCode":"3","timestamp":"2026-05-16T12:35:05.266Z"}
16/5/2026, 6:05:05 pm | {"api":"/branch-contacts/:branchCode","event":"BRANCH_CONTACTS_DB_CONNECTED","branchCode":"3","timestamp":"2026-05-16T12:35:05.267Z"}
16/5/2026, 6:05:05 pm | {"api":"/branch-contacts/:branchCode","event":"BRANCH_CONTACTS_FETCH_SUCCESS","branchCode":"3","contactsCount":13,"timestamp":"2026-05-16T12:35:05.272Z"}
16/5/2026, 6:05:07 pm | {"api":"/branch-contacts/:branchCode","event":"BRANCH_CONTACTS_API_STARTED","branchCode":"15","timestamp":"2026-05-16T12:35:07.992Z"}
16/5/2026, 6:05:07 pm | {"api":"/branch-contacts/:branchCode","event":"BRANCH_CONTACTS_DB_CONNECTED","branchCode":"15","timestamp":"2026-05-16T12:35:07.993Z"}
16/5/2026, 6:05:07 pm | {"api":"/branch-contacts/:branchCode","event":"BRANCH_CONTACTS_FETCH_SUCCESS","branchCode":"15","contactsCount":7,"timestamp":"2026-05-16T12:35:07.997Z"}
16/5/2026, 6:05:10 pm | {"api":"/branch-contacts/:branchCode","event":"BRANCH_CONTACTS_API_STARTED","branchCode":"38","timestamp":"2026-05-16T12:35:10.712Z"}
16/5/2026, 6:05:10 pm | {"api":"/branch-contacts/:branchCode","event":"BRANCH_CONTACTS_DB_CONNECTED","branchCode":"38","timestamp":"2026-05-16T12:35:10.713Z"}
16/5/2026, 6:05:10 pm | {"api":"/branch-contacts/:branchCode","event":"BRANCH_CONTACTS_FETCH_SUCCESS","branchCode":"38","contactsCount":7,"timestamp":"2026-05-16T12:35:10.718Z"}
16/5/2026, 6:05:12 pm | 🚀 HTTPS Server Running On 5003
16/5/2026, 6:05:13 pm | ✅ CashClosing DB Connected
16/5/2026, 6:05:14 pm | {"api":"/branch-contacts/:branchCode","event":"BRANCH_CONTACTS_API_STARTED","branchCode":"3","timestamp":"2026-05-16T12:35:14.390Z"}
16/5/2026, 6:05:14 pm | {"api":"/branch-contacts/:branchCode","event":"BRANCH_CONTACTS_DB_CONNECTED","branchCode":"3","timestamp":"2026-05-16T12:35:14.391Z"}
16/5/2026, 6:05:14 pm | {"api":"/branch-contacts/:branchCode","event":"BRANCH_CONTACTS_FETCH_SUCCESS","branchCode":"3","contactsCount":13,"timestamp":"2026-05-16T12:35:14.424Z"}
16/5/2026, 6:05:19 pm | {"api":"/api/cash-closing-dashboard","event":"CASH_CLOSING_DASHBOARD_API_STARTED","filters":{"cluster":"","branch":"","fromDate":"","toDate":"","status":""},"timestamp":"2026-05-16T12:35:19.498Z"}
16/5/2026, 6:05:19 pm | {"api":"/api/cash-closing-dashboard","event":"CASH_CLOSING_DASHBOARD_DB_CONNECTED","timestamp":"2026-05-16T12:35:19.499Z"}
16/5/2026, 6:05:19 pm | {"api":"/api/cash-closing-dashboard","event":"CASH_CLOSING_DASHBOARD_QUERY_STARTED","filters":{"cluster":"","branch":"","fromDate":"","toDate":"","status":""},"timestamp":"2026-05-16T12:35:19.500Z"}
16/5/2026, 6:05:19 pm | {"api":"/api/cash-closing-dashboard","event":"CASH_CLOSING_DASHBOARD_API_STARTED","filters":{"cluster":"","branch":"","fromDate":"","toDate":"","status":""},"timestamp":"2026-05-16T12:35:19.506Z"}
16/5/2026, 6:05:19 pm | {"api":"/api/cash-closing-dashboard","event":"CASH_CLOSING_DASHBOARD_DB_CONNECTED","timestamp":"2026-05-16T12:35:19.507Z"}
16/5/2026, 6:05:19 pm | {"api":"/api/cash-closing-dashboard","event":"CASH_CLOSING_DASHBOARD_QUERY_STARTED","filters":{"cluster":"","branch":"","fromDate":"","toDate":"","status":""},"timestamp":"2026-05-16T12:35:19.508Z"}
16/5/2026, 6:05:19 pm | {"api":"/api/cash-closing-dashboard","event":"CASH_CLOSING_DASHBOARD_DATA_FETCHED","totalRecords":55,"timestamp":"2026-05-16T12:35:19.518Z"}
16/5/2026, 6:05:19 pm | {"api":"/api/cash-closing-dashboard","event":"CASH_CLOSING_DASHBOARD_DATA_FETCHED","totalRecords":55,"timestamp":"2026-05-16T12:35:19.524Z"}
16/5/2026, 6:05:19 pm | {"api":"/api/cash-closing-dashboard","event":"CASH_CLOSING_CLUSTER_FETCHED","totalClusters":4,"timestamp":"2026-05-16T12:35:19.528Z"}
16/5/2026, 6:05:19 pm | {"api":"/api/cash-closing-dashboard","event":"CASH_CLOSING_CLUSTER_FETCHED","totalClusters":4,"timestamp":"2026-05-16T12:35:19.531Z"}
16/5/2026, 6:05:19 pm | {"api":"/api/cash-closing-dashboard","event":"CASH_CLOSING_BRANCH_FETCHED","totalBranches":56,"timestamp":"2026-05-16T12:35:19.538Z"}
16/5/2026, 6:05:19 pm | {"api":"/api/cash-closing-dashboard","event":"CASH_CLOSING_DASHBOARD_SUCCESS","totalRecords":55,"filters":{"cluster":"","branch":"","fromDate":"","toDate":"","status":""},"timestamp":"2026-05-16T12:35:19.539Z"}
16/5/2026, 6:05:19 pm | {"api":"/api/cash-closing-dashboard","event":"CASH_CLOSING_BRANCH_FETCHED","totalBranches":56,"timestamp":"2026-05-16T12:35:19.542Z"}
16/5/2026, 6:05:19 pm | {"api":"/api/cash-closing-dashboard","event":"CASH_CLOSING_DASHBOARD_SUCCESS","totalRecords":55,"filters":{"cluster":"","branch":"","fromDate":"","toDate":"","status":""},"timestamp":"2026-05-16T12:35:19.542Z"}
16/5/2026, 6:05:38 pm | {"api":"/branch-contacts/:branchCode","event":"BRANCH_CONTACTS_API_STARTED","branchCode":"3","timestamp":"2026-05-16T12:35:38.181Z"}
16/5/2026, 6:05:38 pm | {"api":"/branch-contacts/:branchCode","event":"BRANCH_CONTACTS_DB_CONNECTED","branchCode":"3","timestamp":"2026-05-16T12:35:38.182Z"}
16/5/2026, 6:05:38 pm | {"api":"/branch-contacts/:branchCode","event":"BRANCH_CONTACTS_FETCH_SUCCESS","branchCode":"3","contactsCount":13,"timestamp":"2026-05-16T12:35:38.188Z"}
16/5/2026, 6:06:01 pm | {"api":"/branch-contacts/:branchCode","event":"BRANCH_CONTACTS_API_STARTED","branchCode":"19","timestamp":"2026-05-16T12:36:01.910Z"}
16/5/2026, 6:06:01 pm | {"api":"/branch-contacts/:branchCode","event":"BRANCH_CONTACTS_DB_CONNECTED","branchCode":"19","timestamp":"2026-05-16T12:36:01.911Z"}
16/5/2026, 6:06:01 pm | {"api":"/branch-contacts/:branchCode","event":"BRANCH_CONTACTS_FETCH_SUCCESS","branchCode":"19","contactsCount":6,"timestamp":"2026-05-16T12:36:01.917Z"}
16/5/2026, 6:06:06 pm | 🚀 HTTPS Server Running On 5003
16/5/2026, 6:06:06 pm | ✅ CashClosing DB Connected
16/5/2026, 6:06:09 pm | {"api":"/branch-contacts/:branchCode","event":"BRANCH_CONTACTS_API_STARTED","branchCode":"18","timestamp":"2026-05-16T12:36:09.319Z"}
16/5/2026, 6:06:09 pm | {"api":"/branch-contacts/:branchCode","event":"BRANCH_CONTACTS_DB_CONNECTED","branchCode":"18","timestamp":"2026-05-16T12:36:09.321Z"}
16/5/2026, 6:06:09 pm | {"api":"/branch-contacts/:branchCode","event":"BRANCH_CONTACTS_FETCH_SUCCESS","branchCode":"18","contactsCount":5,"timestamp":"2026-05-16T12:36:09.365Z"}
16/5/2026, 6:06:12 pm | {"api":"/api/cash-closing-dashboard","event":"CASH_CLOSING_DASHBOARD_API_STARTED","filters":{"cluster":"","branch":"","fromDate":"","toDate":"","status":""},"timestamp":"2026-05-16T12:36:12.294Z"}
16/5/2026, 6:06:12 pm | {"api":"/api/cash-closing-dashboard","event":"CASH_CLOSING_DASHBOARD_DB_CONNECTED","timestamp":"2026-05-16T12:36:12.295Z"}
16/5/2026, 6:06:12 pm | {"api":"/api/cash-closing-dashboard","event":"CASH_CLOSING_DASHBOARD_QUERY_STARTED","filters":{"cluster":"","branch":"","fromDate":"","toDate":"","status":""},"timestamp":"2026-05-16T12:36:12.296Z"}
16/5/2026, 6:06:12 pm | {"api":"/api/cash-closing-dashboard","event":"CASH_CLOSING_DASHBOARD_DATA_FETCHED","totalRecords":55,"timestamp":"2026-05-16T12:36:12.307Z"}
16/5/2026, 6:06:12 pm | {"api":"/api/cash-closing-dashboard","event":"CASH_CLOSING_CLUSTER_FETCHED","totalClusters":4,"timestamp":"2026-05-16T12:36:12.313Z"}
16/5/2026, 6:06:12 pm | {"api":"/api/cash-closing-dashboard","event":"CASH_CLOSING_BRANCH_FETCHED","totalBranches":55,"timestamp":"2026-05-16T12:36:12.321Z"}
16/5/2026, 6:06:12 pm | {"api":"/api/cash-closing-dashboard","event":"CASH_CLOSING_DASHBOARD_SUCCESS","totalRecords":55,"filters":{"cluster":"","branch":"","fromDate":"","toDate":"","status":""},"timestamp":"2026-05-16T12:36:12.322Z"}
16/5/2026, 6:06:12 pm | {"api":"/branch-contacts/:branchCode","event":"BRANCH_CONTACTS_API_STARTED","branchCode":"22","timestamp":"2026-05-16T12:36:12.603Z"}
16/5/2026, 6:06:12 pm | {"api":"/branch-contacts/:branchCode","event":"BRANCH_CONTACTS_DB_CONNECTED","branchCode":"22","timestamp":"2026-05-16T12:36:12.604Z"}
16/5/2026, 6:06:12 pm | {"api":"/branch-contacts/:branchCode","event":"BRANCH_CONTACTS_FETCH_SUCCESS","branchCode":"22","contactsCount":6,"timestamp":"2026-05-16T12:36:12.610Z"}
16/5/2026, 6:06:15 pm | {"api":"/branch-contacts/:branchCode","event":"BRANCH_CONTACTS_API_STARTED","branchCode":"21","timestamp":"2026-05-16T12:36:15.642Z"}
16/5/2026, 6:06:15 pm | {"api":"/branch-contacts/:branchCode","event":"BRANCH_CONTACTS_DB_CONNECTED","branchCode":"21","timestamp":"2026-05-16T12:36:15.643Z"}
16/5/2026, 6:06:15 pm | {"api":"/branch-contacts/:branchCode","event":"BRANCH_CONTACTS_FETCH_SUCCESS","branchCode":"21","contactsCount":8,"timestamp":"2026-05-16T12:36:15.648Z"}
16/5/2026, 6:06:19 pm | {"api":"/branch-contacts/:branchCode","event":"BRANCH_CONTACTS_API_STARTED","branchCode":"4","timestamp":"2026-05-16T12:36:19.647Z"}
16/5/2026, 6:06:19 pm | {"api":"/branch-contacts/:branchCode","event":"BRANCH_CONTACTS_DB_CONNECTED","branchCode":"4","timestamp":"2026-05-16T12:36:19.648Z"}
16/5/2026, 6:06:19 pm | {"api":"/branch-contacts/:branchCode","event":"BRANCH_CONTACTS_FETCH_SUCCESS","branchCode":"4","contactsCount":7,"timestamp":"2026-05-16T12:36:19.660Z"}
16/5/2026, 6:07:05 pm | {"api":"/branch-contacts/:branchCode","event":"BRANCH_CONTACTS_API_STARTED","branchCode":"3","timestamp":"2026-05-16T12:37:05.722Z"}
16/5/2026, 6:07:05 pm | {"api":"/branch-contacts/:branchCode","event":"BRANCH_CONTACTS_DB_CONNECTED","branchCode":"3","timestamp":"2026-05-16T12:37:05.723Z"}
16/5/2026, 6:07:05 pm | {"api":"/branch-contacts/:branchCode","event":"BRANCH_CONTACTS_FETCH_SUCCESS","branchCode":"3","contactsCount":13,"timestamp":"2026-05-16T12:37:05.737Z"}
16/5/2026, 6:07:40 pm | {"api":"/branch-contacts/:branchCode","event":"BRANCH_CONTACTS_API_STARTED","branchCode":"43","timestamp":"2026-05-16T12:37:40.492Z"}
16/5/2026, 6:07:40 pm | {"api":"/branch-contacts/:branchCode","event":"BRANCH_CONTACTS_DB_CONNECTED","branchCode":"43","timestamp":"2026-05-16T12:37:40.493Z"}
16/5/2026, 6:07:40 pm | {"api":"/branch-contacts/:branchCode","event":"BRANCH_CONTACTS_FETCH_SUCCESS","branchCode":"43","contactsCount":6,"timestamp":"2026-05-16T12:37:40.505Z"}
16/5/2026, 6:07:45 pm | {"api":"/branch-contacts/:branchCode","event":"BRANCH_CONTACTS_API_STARTED","branchCode":"42","timestamp":"2026-05-16T12:37:45.563Z"}
16/5/2026, 6:07:45 pm | {"api":"/branch-contacts/:branchCode","event":"BRANCH_CONTACTS_DB_CONNECTED","branchCode":"42","timestamp":"2026-05-16T12:37:45.565Z"}
16/5/2026, 6:07:45 pm | {"api":"/branch-contacts/:branchCode","event":"BRANCH_CONTACTS_FETCH_SUCCESS","branchCode":"42","contactsCount":7,"timestamp":"2026-05-16T12:37:45.571Z"}
16/5/2026, 6:07:48 pm | {"api":"/branch-contacts/:branchCode","event":"BRANCH_CONTACTS_API_STARTED","branchCode":"47","timestamp":"2026-05-16T12:37:48.844Z"}
16/5/2026, 6:07:48 pm | {"api":"/branch-contacts/:branchCode","event":"BRANCH_CONTACTS_DB_CONNECTED","branchCode":"47","timestamp":"2026-05-16T12:37:48.845Z"}
16/5/2026, 6:07:48 pm | {"api":"/branch-contacts/:branchCode","event":"BRANCH_CONTACTS_FETCH_SUCCESS","branchCode":"47","contactsCount":7,"timestamp":"2026-05-16T12:37:48.851Z"}
16/5/2026, 6:08:03 pm | {"api":"/branch-contacts/:branchCode","event":"BRANCH_CONTACTS_API_STARTED","branchCode":"1","timestamp":"2026-05-16T12:38:03.264Z"}
16/5/2026, 6:08:03 pm | {"api":"/branch-contacts/:branchCode","event":"BRANCH_CONTACTS_DB_CONNECTED","branchCode":"1","timestamp":"2026-05-16T12:38:03.265Z"}
16/5/2026, 6:08:03 pm | {"api":"/branch-contacts/:branchCode","event":"BRANCH_CONTACTS_FETCH_SUCCESS","branchCode":"1","contactsCount":10,"timestamp":"2026-05-16T12:38:03.270Z"}
16/5/2026, 6:08:07 pm | {"api":"/branch-contacts/:branchCode","event":"BRANCH_CONTACTS_API_STARTED","branchCode":"34","timestamp":"2026-05-16T12:38:07.011Z"}
16/5/2026, 6:08:07 pm | {"api":"/branch-contacts/:branchCode","event":"BRANCH_CONTACTS_DB_CONNECTED","branchCode":"34","timestamp":"2026-05-16T12:38:07.012Z"}
16/5/2026, 6:08:07 pm | {"api":"/branch-contacts/:branchCode","event":"BRANCH_CONTACTS_FETCH_SUCCESS","branchCode":"34","contactsCount":6,"timestamp":"2026-05-16T12:38:07.017Z"}
16/5/2026, 6:08:18 pm | {"api":"/branch-contacts/:branchCode","event":"BRANCH_CONTACTS_API_STARTED","branchCode":"3","timestamp":"2026-05-16T12:38:18.394Z"}
16/5/2026, 6:08:18 pm | {"api":"/branch-contacts/:branchCode","event":"BRANCH_CONTACTS_DB_CONNECTED","branchCode":"3","timestamp":"2026-05-16T12:38:18.395Z"}
16/5/2026, 6:08:18 pm | {"api":"/branch-contacts/:branchCode","event":"BRANCH_CONTACTS_FETCH_SUCCESS","branchCode":"3","contactsCount":13,"timestamp":"2026-05-16T12:38:18.403Z"}
16/5/2026, 6:08:29 pm | {"api":"/employee/:empNo","event":"EMPLOYEE_API_STARTED","empNo":"1009","timestamp":"2026-05-16T12:38:29.377Z"}
16/5/2026, 6:08:29 pm | {"api":"/employee/:empNo","event":"EMPLOYEE_DB_QUERY_STARTED","empNo":"1009","timestamp":"2026-05-16T12:38:29.378Z"}
16/5/2026, 6:08:29 pm | {"api":"/employee/:empNo","event":"EMPLOYEE_FETCH_SUCCESS","empNo":"1009","employeeName":"PATHAN AMREEN","branch":"Corporate Office","designation":"Asstt. Manager (IT)","timestamp":"2026-05-16T12:38:29.384Z"}
16/5/2026, 6:08:29 pm | {"api":"/admin-dashboard","event":"ADMIN_DASHBOARD_API_STARTED","timestamp":"2026-05-16T12:38:29.492Z"}
16/5/2026, 6:08:29 pm | {"api":"/admin-dashboard","event":"ADMIN_DASHBOARD_DB_CONNECTED","timestamp":"2026-05-16T12:38:29.494Z"}
16/5/2026, 6:08:29 pm | {"api":"/admin-dashboard","event":"ADMIN_DASHBOARD_SUBMITTED_BRANCHES_FETCHED","count":0,"timestamp":"2026-05-16T12:38:29.508Z"}
16/5/2026, 6:08:29 pm | {"api":"/admin-dashboard","event":"ADMIN_DASHBOARD_SUBMITTED_FETCHED","submittedBranches":0,"totalAmount":0,"timestamp":"2026-05-16T12:38:29.513Z"}
16/5/2026, 6:08:29 pm | {"api":"/admin-dashboard","event":"ADMIN_DASHBOARD_PENDING_FETCHED","totalBranches":56,"pendingBranches":56,"timestamp":"2026-05-16T12:38:29.514Z"}
16/5/2026, 6:08:29 pm | {"api":"/admin-dashboard","event":"ADMIN_DASHBOARD_PENDING_BRANCHES_FETCHED","count":56,"timestamp":"2026-05-16T12:38:29.519Z"}
16/5/2026, 6:08:29 pm | {"api":"/admin-dashboard","event":"ADMIN_DASHBOARD_SUCCESS","submitted":0,"pending":56,"totalAmount":0,"average":0,"timestamp":"2026-05-16T12:38:29.520Z"}
16/5/2026, 6:08:30 pm | {"api":"/employee/:empNo","event":"EMPLOYEE_API_STARTED","empNo":"1009","timestamp":"2026-05-16T12:38:30.365Z"}
16/5/2026, 6:08:30 pm | {"api":"/employee/:empNo","event":"EMPLOYEE_DB_QUERY_STARTED","empNo":"1009","timestamp":"2026-05-16T12:38:30.366Z"}
16/5/2026, 6:08:30 pm | {"api":"/employee/:empNo","event":"EMPLOYEE_FETCH_SUCCESS","empNo":"1009","employeeName":"PATHAN AMREEN","branch":"Corporate Office","designation":"Asstt. Manager (IT)","timestamp":"2026-05-16T12:38:30.375Z"}
16/5/2026, 6:08:30 pm | {"api":"/admin-dashboard","event":"ADMIN_DASHBOARD_API_STARTED","timestamp":"2026-05-16T12:38:30.445Z"}
16/5/2026, 6:08:30 pm | {"api":"/admin-dashboard","event":"ADMIN_DASHBOARD_DB_CONNECTED","timestamp":"2026-05-16T12:38:30.446Z"}
16/5/2026, 6:08:30 pm | {"api":"/admin-dashboard","event":"ADMIN_DASHBOARD_SUBMITTED_BRANCHES_FETCHED","count":0,"timestamp":"2026-05-16T12:38:30.457Z"}
16/5/2026, 6:08:30 pm | {"api":"/admin-dashboard","event":"ADMIN_DASHBOARD_SUBMITTED_FETCHED","submittedBranches":0,"totalAmount":0,"timestamp":"2026-05-16T12:38:30.461Z"}
16/5/2026, 6:08:30 pm | {"api":"/admin-dashboard","event":"ADMIN_DASHBOARD_PENDING_FETCHED","totalBranches":56,"pendingBranches":56,"timestamp":"2026-05-16T12:38:30.462Z"}
16/5/2026, 6:08:30 pm | {"api":"/admin-dashboard","event":"ADMIN_DASHBOARD_PENDING_BRANCHES_FETCHED","count":56,"timestamp":"2026-05-16T12:38:30.467Z"}
16/5/2026, 6:08:30 pm | {"api":"/admin-dashboard","event":"ADMIN_DASHBOARD_SUCCESS","submitted":0,"pending":56,"totalAmount":0,"average":0,"timestamp":"2026-05-16T12:38:30.468Z"}
16/5/2026, 6:08:36 pm | {"api":"/branch-contacts/:branchCode","event":"BRANCH_CONTACTS_API_STARTED","branchCode":"3","timestamp":"2026-05-16T12:38:36.125Z"}
16/5/2026, 6:08:36 pm | {"api":"/branch-contacts/:branchCode","event":"BRANCH_CONTACTS_DB_CONNECTED","branchCode":"3","timestamp":"2026-05-16T12:38:36.127Z"}
16/5/2026, 6:08:36 pm | {"api":"/branch-contacts/:branchCode","event":"BRANCH_CONTACTS_FETCH_SUCCESS","branchCode":"3","contactsCount":13,"timestamp":"2026-05-16T12:38:36.135Z"}
16/5/2026, 6:10:21 pm | {"api":"/employee/:empNo","event":"EMPLOYEE_API_STARTED","empNo":"1009","timestamp":"2026-05-16T12:40:21.861Z"}
16/5/2026, 6:10:21 pm | {"api":"/employee/:empNo","event":"EMPLOYEE_DB_QUERY_STARTED","empNo":"1009","timestamp":"2026-05-16T12:40:21.862Z"}
16/5/2026, 6:10:21 pm | {"api":"/employee/:empNo","event":"EMPLOYEE_FETCH_SUCCESS","empNo":"1009","employeeName":"PATHAN AMREEN","branch":"Corporate Office","designation":"Asstt. Manager (IT)","timestamp":"2026-05-16T12:40:21.881Z"}
16/5/2026, 6:10:21 pm | {"api":"/admin-dashboard","event":"ADMIN_DASHBOARD_API_STARTED","timestamp":"2026-05-16T12:40:21.952Z"}
16/5/2026, 6:10:21 pm | {"api":"/admin-dashboard","event":"ADMIN_DASHBOARD_DB_CONNECTED","timestamp":"2026-05-16T12:40:21.953Z"}
16/5/2026, 6:10:21 pm | {"api":"/admin-dashboard","event":"ADMIN_DASHBOARD_SUBMITTED_BRANCHES_FETCHED","count":0,"timestamp":"2026-05-16T12:40:21.961Z"}
16/5/2026, 6:10:21 pm | {"api":"/admin-dashboard","event":"ADMIN_DASHBOARD_SUBMITTED_FETCHED","submittedBranches":0,"totalAmount":0,"timestamp":"2026-05-16T12:40:21.965Z"}
16/5/2026, 6:10:21 pm | {"api":"/admin-dashboard","event":"ADMIN_DASHBOARD_PENDING_FETCHED","totalBranches":56,"pendingBranches":56,"timestamp":"2026-05-16T12:40:21.966Z"}
16/5/2026, 6:10:21 pm | {"api":"/admin-dashboard","event":"ADMIN_DASHBOARD_PENDING_BRANCHES_FETCHED","count":56,"timestamp":"2026-05-16T12:40:21.971Z"}
16/5/2026, 6:10:21 pm | {"api":"/admin-dashboard","event":"ADMIN_DASHBOARD_SUCCESS","submitted":0,"pending":56,"totalAmount":0,"average":0,"timestamp":"2026-05-16T12:40:21.972Z"}
16/5/2026, 6:10:28 pm | {"api":"/branch-contacts/:branchCode","event":"BRANCH_CONTACTS_API_STARTED","branchCode":"3","timestamp":"2026-05-16T12:40:28.694Z"}
16/5/2026, 6:10:28 pm | {"api":"/branch-contacts/:branchCode","event":"BRANCH_CONTACTS_DB_CONNECTED","branchCode":"3","timestamp":"2026-05-16T12:40:28.696Z"}
16/5/2026, 6:10:28 pm | {"api":"/branch-contacts/:branchCode","event":"BRANCH_CONTACTS_FETCH_SUCCESS","branchCode":"3","contactsCount":12,"timestamp":"2026-05-16T12:40:28.701Z"}
16/5/2026, 6:10:39 pm | {"api":"/api/cash-closing-dashboard","event":"CASH_CLOSING_DASHBOARD_API_STARTED","filters":{"cluster":"","branch":"Eluru","fromDate":"","toDate":"","status":""},"timestamp":"2026-05-16T12:40:39.651Z"}
16/5/2026, 6:10:39 pm | {"api":"/api/cash-closing-dashboard","event":"CASH_CLOSING_DASHBOARD_DB_CONNECTED","timestamp":"2026-05-16T12:40:39.653Z"}
16/5/2026, 6:10:39 pm | {"api":"/api/cash-closing-dashboard","event":"CASH_CLOSING_DASHBOARD_QUERY_STARTED","filters":{"cluster":"","branch":"Eluru","fromDate":"","toDate":"","status":""},"timestamp":"2026-05-16T12:40:39.654Z"}
16/5/2026, 6:10:39 pm | {"api":"/api/cash-closing-dashboard","event":"CASH_CLOSING_DASHBOARD_DATA_FETCHED","totalRecords":1,"timestamp":"2026-05-16T12:40:39.659Z"}
16/5/2026, 6:10:39 pm | {"api":"/api/cash-closing-dashboard","event":"CASH_CLOSING_CLUSTER_FETCHED","totalClusters":4,"timestamp":"2026-05-16T12:40:39.663Z"}
16/5/2026, 6:10:39 pm | {"api":"/api/cash-closing-dashboard","event":"CASH_CLOSING_BRANCH_FETCHED","totalBranches":55,"timestamp":"2026-05-16T12:40:39.670Z"}
16/5/2026, 6:10:39 pm | {"api":"/api/cash-closing-dashboard","event":"CASH_CLOSING_DASHBOARD_SUCCESS","totalRecords":1,"filters":{"cluster":"","branch":"Eluru","fromDate":"","toDate":"","status":""},"timestamp":"2026-05-16T12:40:39.671Z"}
16/5/2026, 6:10:46 pm | {"api":"/api/cash-closing-dashboard","event":"CASH_CLOSING_DASHBOARD_API_STARTED","filters":{"cluster":"","branch":"","fromDate":"","toDate":"","status":""},"timestamp":"2026-05-16T12:40:46.929Z"}
16/5/2026, 6:10:46 pm | {"api":"/api/cash-closing-dashboard","event":"CASH_CLOSING_DASHBOARD_DB_CONNECTED","timestamp":"2026-05-16T12:40:46.929Z"}
16/5/2026, 6:10:46 pm | {"api":"/api/cash-closing-dashboard","event":"CASH_CLOSING_DASHBOARD_QUERY_STARTED","filters":{"cluster":"","branch":"","fromDate":"","toDate":"","status":""},"timestamp":"2026-05-16T12:40:46.930Z"}
16/5/2026, 6:10:46 pm | {"api":"/api/cash-closing-dashboard","event":"CASH_CLOSING_DASHBOARD_API_STARTED","filters":{"cluster":"","branch":"","fromDate":"","toDate":"","status":""},"timestamp":"2026-05-16T12:40:46.931Z"}
16/5/2026, 6:10:46 pm | {"api":"/api/cash-closing-dashboard","event":"CASH_CLOSING_DASHBOARD_DB_CONNECTED","timestamp":"2026-05-16T12:40:46.932Z"}
16/5/2026, 6:10:46 pm | {"api":"/api/cash-closing-dashboard","event":"CASH_CLOSING_DASHBOARD_QUERY_STARTED","filters":{"cluster":"","branch":"","fromDate":"","toDate":"","status":""},"timestamp":"2026-05-16T12:40:46.933Z"}
16/5/2026, 6:10:46 pm | {"api":"/api/cash-closing-dashboard","event":"CASH_CLOSING_DASHBOARD_DATA_FETCHED","totalRecords":55,"timestamp":"2026-05-16T12:40:46.940Z"}
16/5/2026, 6:10:46 pm | {"api":"/api/cash-closing-dashboard","event":"CASH_CLOSING_DASHBOARD_DATA_FETCHED","totalRecords":55,"timestamp":"2026-05-16T12:40:46.946Z"}
16/5/2026, 6:10:46 pm | {"api":"/api/cash-closing-dashboard","event":"CASH_CLOSING_CLUSTER_FETCHED","totalClusters":4,"timestamp":"2026-05-16T12:40:46.949Z"}
16/5/2026, 6:10:46 pm | {"api":"/api/cash-closing-dashboard","event":"CASH_CLOSING_CLUSTER_FETCHED","totalClusters":4,"timestamp":"2026-05-16T12:40:46.952Z"}
16/5/2026, 6:10:46 pm | {"api":"/api/cash-closing-dashboard","event":"CASH_CLOSING_BRANCH_FETCHED","totalBranches":55,"timestamp":"2026-05-16T12:40:46.955Z"}
16/5/2026, 6:10:46 pm | {"api":"/api/cash-closing-dashboard","event":"CASH_CLOSING_DASHBOARD_SUCCESS","totalRecords":55,"filters":{"cluster":"","branch":"","fromDate":"","toDate":"","status":""},"timestamp":"2026-05-16T12:40:46.956Z"}
16/5/2026, 6:10:46 pm | {"api":"/api/cash-closing-dashboard","event":"CASH_CLOSING_BRANCH_FETCHED","totalBranches":55,"timestamp":"2026-05-16T12:40:46.958Z"}
16/5/2026, 6:10:46 pm | {"api":"/api/cash-closing-dashboard","event":"CASH_CLOSING_DASHBOARD_SUCCESS","totalRecords":55,"filters":{"cluster":"","branch":"","fromDate":"","toDate":"","status":""},"timestamp":"2026-05-16T12:40:46.959Z"}
16/5/2026, 6:11:36 pm | {"api":"/branch-contacts/:branchCode","event":"BRANCH_CONTACTS_API_STARTED","branchCode":"3","timestamp":"2026-05-16T12:41:36.947Z"}
16/5/2026, 6:11:36 pm | {"api":"/branch-contacts/:branchCode","event":"BRANCH_CONTACTS_DB_CONNECTED","branchCode":"3","timestamp":"2026-05-16T12:41:36.948Z"}
16/5/2026, 6:11:36 pm | {"api":"/branch-contacts/:branchCode","event":"BRANCH_CONTACTS_FETCH_SUCCESS","branchCode":"3","contactsCount":12,"timestamp":"2026-05-16T12:41:36.960Z"}
16/5/2026, 6:11:52 pm | {"api":"/employee/:empNo","event":"EMPLOYEE_API_STARTED","empNo":"1009","timestamp":"2026-05-16T12:41:52.516Z"}
16/5/2026, 6:11:52 pm | {"api":"/employee/:empNo","event":"EMPLOYEE_DB_QUERY_STARTED","empNo":"1009","timestamp":"2026-05-16T12:41:52.517Z"}
16/5/2026, 6:11:52 pm | {"api":"/employee/:empNo","event":"EMPLOYEE_FETCH_SUCCESS","empNo":"1009","employeeName":"PATHAN AMREEN","branch":"Corporate Office","designation":"Asstt. Manager (IT)","timestamp":"2026-05-16T12:41:52.521Z"}
16/5/2026, 6:11:52 pm | {"api":"/admin-dashboard","event":"ADMIN_DASHBOARD_API_STARTED","timestamp":"2026-05-16T12:41:52.579Z"}
16/5/2026, 6:11:52 pm | {"api":"/admin-dashboard","event":"ADMIN_DASHBOARD_DB_CONNECTED","timestamp":"2026-05-16T12:41:52.580Z"}
16/5/2026, 6:11:52 pm | {"api":"/admin-dashboard","event":"ADMIN_DASHBOARD_SUBMITTED_BRANCHES_FETCHED","count":0,"timestamp":"2026-05-16T12:41:52.587Z"}
16/5/2026, 6:11:52 pm | {"api":"/admin-dashboard","event":"ADMIN_DASHBOARD_SUBMITTED_FETCHED","submittedBranches":0,"totalAmount":0,"timestamp":"2026-05-16T12:41:52.591Z"}
16/5/2026, 6:11:52 pm | {"api":"/admin-dashboard","event":"ADMIN_DASHBOARD_PENDING_FETCHED","totalBranches":56,"pendingBranches":56,"timestamp":"2026-05-16T12:41:52.592Z"}
16/5/2026, 6:11:52 pm | {"api":"/admin-dashboard","event":"ADMIN_DASHBOARD_PENDING_BRANCHES_FETCHED","count":56,"timestamp":"2026-05-16T12:41:52.597Z"}
16/5/2026, 6:11:52 pm | {"api":"/admin-dashboard","event":"ADMIN_DASHBOARD_SUCCESS","submitted":0,"pending":56,"totalAmount":0,"average":0,"timestamp":"2026-05-16T12:41:52.598Z"}
16/5/2026, 6:12:12 pm | {"api":"/employee/:empNo","event":"EMPLOYEE_API_STARTED","empNo":"1009","timestamp":"2026-05-16T12:42:12.287Z"}
16/5/2026, 6:12:12 pm | {"api":"/employee/:empNo","event":"EMPLOYEE_DB_QUERY_STARTED","empNo":"1009","timestamp":"2026-05-16T12:42:12.288Z"}
16/5/2026, 6:12:12 pm | {"api":"/employee/:empNo","event":"EMPLOYEE_FETCH_SUCCESS","empNo":"1009","employeeName":"PATHAN AMREEN","branch":"Corporate Office","designation":"Asstt. Manager (IT)","timestamp":"2026-05-16T12:42:12.294Z"}
16/5/2026, 6:12:12 pm | {"api":"/admin-dashboard","event":"ADMIN_DASHBOARD_API_STARTED","timestamp":"2026-05-16T12:42:12.357Z"}
16/5/2026, 6:12:12 pm | {"api":"/admin-dashboard","event":"ADMIN_DASHBOARD_DB_CONNECTED","timestamp":"2026-05-16T12:42:12.358Z"}
16/5/2026, 6:12:12 pm | {"api":"/admin-dashboard","event":"ADMIN_DASHBOARD_SUBMITTED_BRANCHES_FETCHED","count":0,"timestamp":"2026-05-16T12:42:12.365Z"}
16/5/2026, 6:12:12 pm | {"api":"/admin-dashboard","event":"ADMIN_DASHBOARD_SUBMITTED_FETCHED","submittedBranches":0,"totalAmount":0,"timestamp":"2026-05-16T12:42:12.369Z"}
16/5/2026, 6:12:12 pm | {"api":"/admin-dashboard","event":"ADMIN_DASHBOARD_PENDING_FETCHED","totalBranches":56,"pendingBranches":56,"timestamp":"2026-05-16T12:42:12.369Z"}
16/5/2026, 6:12:12 pm | {"api":"/admin-dashboard","event":"ADMIN_DASHBOARD_PENDING_BRANCHES_FETCHED","count":56,"timestamp":"2026-05-16T12:42:12.375Z"}
16/5/2026, 6:12:12 pm | {"api":"/admin-dashboard","event":"ADMIN_DASHBOARD_SUCCESS","submitted":0,"pending":56,"totalAmount":0,"average":0,"timestamp":"2026-05-16T12:42:12.375Z"}
16/5/2026, 6:12:13 pm | {"api":"/employee/:empNo","event":"EMPLOYEE_API_STARTED","empNo":"1009","timestamp":"2026-05-16T12:42:13.225Z"}
16/5/2026, 6:12:13 pm | {"api":"/employee/:empNo","event":"EMPLOYEE_DB_QUERY_STARTED","empNo":"1009","timestamp":"2026-05-16T12:42:13.226Z"}
16/5/2026, 6:12:13 pm | {"api":"/employee/:empNo","event":"EMPLOYEE_FETCH_SUCCESS","empNo":"1009","employeeName":"PATHAN AMREEN","branch":"Corporate Office","designation":"Asstt. Manager (IT)","timestamp":"2026-05-16T12:42:13.233Z"}
16/5/2026, 6:12:13 pm | {"api":"/admin-dashboard","event":"ADMIN_DASHBOARD_API_STARTED","timestamp":"2026-05-16T12:42:13.303Z"}
16/5/2026, 6:12:13 pm | {"api":"/admin-dashboard","event":"ADMIN_DASHBOARD_DB_CONNECTED","timestamp":"2026-05-16T12:42:13.304Z"}
16/5/2026, 6:12:13 pm | {"api":"/admin-dashboard","event":"ADMIN_DASHBOARD_SUBMITTED_BRANCHES_FETCHED","count":0,"timestamp":"2026-05-16T12:42:13.313Z"}
16/5/2026, 6:12:13 pm | {"api":"/admin-dashboard","event":"ADMIN_DASHBOARD_SUBMITTED_FETCHED","submittedBranches":0,"totalAmount":0,"timestamp":"2026-05-16T12:42:13.317Z"}
16/5/2026, 6:12:13 pm | {"api":"/admin-dashboard","event":"ADMIN_DASHBOARD_PENDING_FETCHED","totalBranches":56,"pendingBranches":56,"timestamp":"2026-05-16T12:42:13.318Z"}
16/5/2026, 6:12:13 pm | {"api":"/admin-dashboard","event":"ADMIN_DASHBOARD_PENDING_BRANCHES_FETCHED","count":56,"timestamp":"2026-05-16T12:42:13.325Z"}
16/5/2026, 6:12:13 pm | {"api":"/admin-dashboard","event":"ADMIN_DASHBOARD_SUCCESS","submitted":0,"pending":56,"totalAmount":0,"average":0,"timestamp":"2026-05-16T12:42:13.326Z"}
16/5/2026, 6:13:00 pm | {"api":"/login","event":"LOGIN_API_STARTED","mpin":"1111","deviceId":"cc30d55445a55532","timestamp":"2026-05-16T12:43:00.814Z"}
16/5/2026, 6:13:00 pm | {"event":"LOGIN_REQUEST","mpin":"1111","deviceId":"cc30d55445a55532","timestamp":"2026-05-16T12:43:00.815Z"}
16/5/2026, 6:13:00 pm | {"api":"/login","event":"LOGIN_DB_QUERY_STARTED","mpin":"1111","timestamp":"2026-05-16T12:43:00.816Z"}
16/5/2026, 6:13:00 pm | {"api":"/login","event":"LOGIN_USER_FOUND","empNo":"1009","branch":"Corporate Office","designation":"Asstt. Manager (IT)","timestamp":"2026-05-16T12:43:00.827Z"}
16/5/2026, 6:13:00 pm | {"api":"/login","event":"LOGIN_DEVICE_CHECK","empNo":"1009","savedDevice":"cc30d55445a55532","currentDevice":"cc30d55445a55532","timestamp":"2026-05-16T12:43:00.827Z"}
16/5/2026, 6:13:00 pm | {"api":"/login","event":"LOGIN_SUCCESS","empNo":"1009","branch":"Corporate Office","designation":"Asstt. Manager (IT)","loginTime":"2026-05-16T12:43:00.835Z"}
16/5/2026, 6:13:01 pm | {"api":"/employee/:empNo","event":"EMPLOYEE_API_STARTED","empNo":"1009","timestamp":"2026-05-16T12:43:01.007Z"}
16/5/2026, 6:13:01 pm | {"api":"/employee/:empNo","event":"EMPLOYEE_DB_QUERY_STARTED","empNo":"1009","timestamp":"2026-05-16T12:43:01.008Z"}
16/5/2026, 6:13:01 pm | {"api":"/employee/:empNo","event":"EMPLOYEE_FETCH_SUCCESS","empNo":"1009","employeeName":"PATHAN AMREEN","branch":"Corporate Office","designation":"Asstt. Manager (IT)","timestamp":"2026-05-16T12:43:01.013Z"}
16/5/2026, 6:13:01 pm | {"api":"/admin-dashboard","event":"ADMIN_DASHBOARD_API_STARTED","timestamp":"2026-05-16T12:43:01.086Z"}
16/5/2026, 6:13:01 pm | {"api":"/admin-dashboard","event":"ADMIN_DASHBOARD_DB_CONNECTED","timestamp":"2026-05-16T12:43:01.087Z"}
16/5/2026, 6:13:01 pm | {"api":"/admin-dashboard","event":"ADMIN_DASHBOARD_SUBMITTED_BRANCHES_FETCHED","count":0,"timestamp":"2026-05-16T12:43:01.094Z"}
16/5/2026, 6:13:01 pm | {"api":"/admin-dashboard","event":"ADMIN_DASHBOARD_SUBMITTED_FETCHED","submittedBranches":0,"totalAmount":0,"timestamp":"2026-05-16T12:43:01.098Z"}
16/5/2026, 6:13:01 pm | {"api":"/admin-dashboard","event":"ADMIN_DASHBOARD_PENDING_FETCHED","totalBranches":56,"pendingBranches":56,"timestamp":"2026-05-16T12:43:01.099Z"}
16/5/2026, 6:13:01 pm | {"api":"/admin-dashboard","event":"ADMIN_DASHBOARD_PENDING_BRANCHES_FETCHED","count":56,"timestamp":"2026-05-16T12:43:01.103Z"}
16/5/2026, 6:13:01 pm | {"api":"/admin-dashboard","event":"ADMIN_DASHBOARD_SUCCESS","submitted":0,"pending":56,"totalAmount":0,"average":0,"timestamp":"2026-05-16T12:43:01.104Z"}
16/5/2026, 6:13:21 pm | {"api":"/branch-contacts/:branchCode","event":"BRANCH_CONTACTS_API_STARTED","branchCode":"54","timestamp":"2026-05-16T12:43:21.657Z"}
16/5/2026, 6:13:21 pm | {"api":"/branch-contacts/:branchCode","event":"BRANCH_CONTACTS_DB_CONNECTED","branchCode":"54","timestamp":"2026-05-16T12:43:21.659Z"}
16/5/2026, 6:13:21 pm | {"api":"/branch-contacts/:branchCode","event":"BRANCH_CONTACTS_FETCH_SUCCESS","branchCode":"54","contactsCount":4,"timestamp":"2026-05-16T12:43:21.664Z"}
16/5/2026, 6:13:35 pm | {"api":"/branch-contacts/:branchCode","event":"BRANCH_CONTACTS_API_STARTED","branchCode":"52","timestamp":"2026-05-16T12:43:35.147Z"}
16/5/2026, 6:13:35 pm | {"api":"/branch-contacts/:branchCode","event":"BRANCH_CONTACTS_DB_CONNECTED","branchCode":"52","timestamp":"2026-05-16T12:43:35.149Z"}
16/5/2026, 6:13:35 pm | {"api":"/branch-contacts/:branchCode","event":"BRANCH_CONTACTS_FETCH_SUCCESS","branchCode":"52","contactsCount":5,"timestamp":"2026-05-16T12:43:35.153Z"}
16/5/2026, 6:13:38 pm | {"api":"/employee/:empNo","event":"EMPLOYEE_API_STARTED","empNo":"1009","timestamp":"2026-05-16T12:43:38.722Z"}
16/5/2026, 6:13:38 pm | {"api":"/employee/:empNo","event":"EMPLOYEE_DB_QUERY_STARTED","empNo":"1009","timestamp":"2026-05-16T12:43:38.723Z"}
16/5/2026, 6:13:38 pm | {"api":"/employee/:empNo","event":"EMPLOYEE_FETCH_SUCCESS","empNo":"1009","employeeName":"PATHAN AMREEN","branch":"Corporate Office","designation":"Asstt. Manager (IT)","timestamp":"2026-05-16T12:43:38.731Z"}
16/5/2026, 6:13:38 pm | {"api":"/admin-dashboard","event":"ADMIN_DASHBOARD_API_STARTED","timestamp":"2026-05-16T12:43:38.838Z"}
16/5/2026, 6:13:38 pm | {"api":"/admin-dashboard","event":"ADMIN_DASHBOARD_DB_CONNECTED","timestamp":"2026-05-16T12:43:38.839Z"}
16/5/2026, 6:13:38 pm | {"api":"/admin-dashboard","event":"ADMIN_DASHBOARD_SUBMITTED_BRANCHES_FETCHED","count":0,"timestamp":"2026-05-16T12:43:38.848Z"}
16/5/2026, 6:13:38 pm | {"api":"/admin-dashboard","event":"ADMIN_DASHBOARD_SUBMITTED_FETCHED","submittedBranches":0,"totalAmount":0,"timestamp":"2026-05-16T12:43:38.851Z"}
16/5/2026, 6:13:38 pm | {"api":"/admin-dashboard","event":"ADMIN_DASHBOARD_PENDING_FETCHED","totalBranches":56,"pendingBranches":56,"timestamp":"2026-05-16T12:43:38.852Z"}
16/5/2026, 6:13:38 pm | {"api":"/admin-dashboard","event":"ADMIN_DASHBOARD_PENDING_BRANCHES_FETCHED","count":56,"timestamp":"2026-05-16T12:43:38.856Z"}
16/5/2026, 6:13:38 pm | {"api":"/admin-dashboard","event":"ADMIN_DASHBOARD_SUCCESS","submitted":0,"pending":56,"totalAmount":0,"average":0,"timestamp":"2026-05-16T12:43:38.857Z"}
16/5/2026, 6:13:39 pm | {"api":"/employee/:empNo","event":"EMPLOYEE_API_STARTED","empNo":"1009","timestamp":"2026-05-16T12:43:39.644Z"}
16/5/2026, 6:13:39 pm | {"api":"/employee/:empNo","event":"EMPLOYEE_DB_QUERY_STARTED","empNo":"1009","timestamp":"2026-05-16T12:43:39.645Z"}
16/5/2026, 6:13:39 pm | {"api":"/employee/:empNo","event":"EMPLOYEE_FETCH_SUCCESS","empNo":"1009","employeeName":"PATHAN AMREEN","branch":"Corporate Office","designation":"Asstt. Manager (IT)","timestamp":"2026-05-16T12:43:39.649Z"}
16/5/2026, 6:13:39 pm | {"api":"/admin-dashboard","event":"ADMIN_DASHBOARD_API_STARTED","timestamp":"2026-05-16T12:43:39.717Z"}
16/5/2026, 6:13:39 pm | {"api":"/admin-dashboard","event":"ADMIN_DASHBOARD_DB_CONNECTED","timestamp":"2026-05-16T12:43:39.718Z"}
16/5/2026, 6:13:39 pm | {"api":"/admin-dashboard","event":"ADMIN_DASHBOARD_SUBMITTED_BRANCHES_FETCHED","count":0,"timestamp":"2026-05-16T12:43:39.727Z"}
16/5/2026, 6:13:39 pm | {"api":"/admin-dashboard","event":"ADMIN_DASHBOARD_SUBMITTED_FETCHED","submittedBranches":0,"totalAmount":0,"timestamp":"2026-05-16T12:43:39.731Z"}
16/5/2026, 6:13:39 pm | {"api":"/admin-dashboard","event":"ADMIN_DASHBOARD_PENDING_FETCHED","totalBranches":56,"pendingBranches":56,"timestamp":"2026-05-16T12:43:39.731Z"}
16/5/2026, 6:13:39 pm | {"api":"/admin-dashboard","event":"ADMIN_DASHBOARD_PENDING_BRANCHES_FETCHED","count":56,"timestamp":"2026-05-16T12:43:39.736Z"}
16/5/2026, 6:13:39 pm | {"api":"/admin-dashboard","event":"ADMIN_DASHBOARD_SUCCESS","submitted":0,"pending":56,"totalAmount":0,"average":0,"timestamp":"2026-05-16T12:43:39.737Z"}
16/5/2026, 6:13:41 pm | {"api":"/api/cash-closing-dashboard","event":"CASH_CLOSING_DASHBOARD_API_STARTED","filters":{"cluster":"","branch":"","fromDate":"","toDate":"","status":""},"timestamp":"2026-05-16T12:43:41.201Z"}
16/5/2026, 6:13:41 pm | {"api":"/api/cash-closing-dashboard","event":"CASH_CLOSING_DASHBOARD_DB_CONNECTED","timestamp":"2026-05-16T12:43:41.202Z"}
16/5/2026, 6:13:41 pm | {"api":"/api/cash-closing-dashboard","event":"CASH_CLOSING_DASHBOARD_QUERY_STARTED","filters":{"cluster":"","branch":"","fromDate":"","toDate":"","status":""},"timestamp":"2026-05-16T12:43:41.203Z"}
16/5/2026, 6:13:41 pm | {"api":"/api/cash-closing-dashboard","event":"CASH_CLOSING_DASHBOARD_DATA_FETCHED","totalRecords":55,"timestamp":"2026-05-16T12:43:41.209Z"}
16/5/2026, 6:13:41 pm | {"api":"/api/cash-closing-dashboard","event":"CASH_CLOSING_CLUSTER_FETCHED","totalClusters":4,"timestamp":"2026-05-16T12:43:41.213Z"}
16/5/2026, 6:13:41 pm | {"api":"/api/cash-closing-dashboard","event":"CASH_CLOSING_BRANCH_FETCHED","totalBranches":55,"timestamp":"2026-05-16T12:43:41.217Z"}
16/5/2026, 6:13:41 pm | {"api":"/api/cash-closing-dashboard","event":"CASH_CLOSING_DASHBOARD_SUCCESS","totalRecords":55,"filters":{"cluster":"","branch":"","fromDate":"","toDate":"","status":""},"timestamp":"2026-05-16T12:43:41.218Z"}
16/5/2026, 6:13:41 pm | {"api":"/api/cash-closing-dashboard","event":"CASH_CLOSING_DASHBOARD_API_STARTED","filters":{"cluster":"","branch":"","fromDate":"","toDate":"","status":""},"timestamp":"2026-05-16T12:43:41.400Z"}
16/5/2026, 6:13:41 pm | {"api":"/api/cash-closing-dashboard","event":"CASH_CLOSING_DASHBOARD_DB_CONNECTED","timestamp":"2026-05-16T12:43:41.401Z"}
16/5/2026, 6:13:41 pm | {"api":"/api/cash-closing-dashboard","event":"CASH_CLOSING_DASHBOARD_QUERY_STARTED","filters":{"cluster":"","branch":"","fromDate":"","toDate":"","status":""},"timestamp":"2026-05-16T12:43:41.402Z"}
16/5/2026, 6:13:41 pm | {"api":"/api/cash-closing-dashboard","event":"CASH_CLOSING_DASHBOARD_DATA_FETCHED","totalRecords":55,"timestamp":"2026-05-16T12:43:41.410Z"}
16/5/2026, 6:13:41 pm | {"api":"/api/cash-closing-dashboard","event":"CASH_CLOSING_CLUSTER_FETCHED","totalClusters":4,"timestamp":"2026-05-16T12:43:41.416Z"}
16/5/2026, 6:13:41 pm | {"api":"/api/cash-closing-dashboard","event":"CASH_CLOSING_BRANCH_FETCHED","totalBranches":55,"timestamp":"2026-05-16T12:43:41.422Z"}
16/5/2026, 6:13:41 pm | {"api":"/api/cash-closing-dashboard","event":"CASH_CLOSING_DASHBOARD_SUCCESS","totalRecords":55,"filters":{"cluster":"","branch":"","fromDate":"","toDate":"","status":""},"timestamp":"2026-05-16T12:43:41.422Z"}
16/5/2026, 6:13:41 pm | {"api":"/api/cash-closing-dashboard","event":"CASH_CLOSING_DASHBOARD_API_STARTED","filters":{"cluster":"","branch":"","fromDate":"","toDate":"","status":""},"timestamp":"2026-05-16T12:43:41.805Z"}
16/5/2026, 6:13:41 pm | {"api":"/api/cash-closing-dashboard","event":"CASH_CLOSING_DASHBOARD_DB_CONNECTED","timestamp":"2026-05-16T12:43:41.806Z"}
16/5/2026, 6:13:41 pm | {"api":"/api/cash-closing-dashboard","event":"CASH_CLOSING_DASHBOARD_QUERY_STARTED","filters":{"cluster":"","branch":"","fromDate":"","toDate":"","status":""},"timestamp":"2026-05-16T12:43:41.807Z"}
16/5/2026, 6:13:41 pm | {"api":"/api/cash-closing-dashboard","event":"CASH_CLOSING_DASHBOARD_DATA_FETCHED","totalRecords":55,"timestamp":"2026-05-16T12:43:41.812Z"}
16/5/2026, 6:13:41 pm | {"api":"/api/cash-closing-dashboard","event":"CASH_CLOSING_CLUSTER_FETCHED","totalClusters":4,"timestamp":"2026-05-16T12:43:41.816Z"}
16/5/2026, 6:13:41 pm | {"api":"/api/cash-closing-dashboard","event":"CASH_CLOSING_BRANCH_FETCHED","totalBranches":55,"timestamp":"2026-05-16T12:43:41.820Z"}
16/5/2026, 6:13:41 pm | {"api":"/api/cash-closing-dashboard","event":"CASH_CLOSING_DASHBOARD_SUCCESS","totalRecords":55,"filters":{"cluster":"","branch":"","fromDate":"","toDate":"","status":""},"timestamp":"2026-05-16T12:43:41.820Z"}
16/5/2026, 6:13:42 pm | {"api":"/api/cash-closing-dashboard","event":"CASH_CLOSING_DASHBOARD_API_STARTED","filters":{"cluster":"","branch":"","fromDate":"","toDate":"","status":""},"timestamp":"2026-05-16T12:43:42.014Z"}
16/5/2026, 6:13:42 pm | {"api":"/api/cash-closing-dashboard","event":"CASH_CLOSING_DASHBOARD_DB_CONNECTED","timestamp":"2026-05-16T12:43:42.015Z"}
16/5/2026, 6:13:42 pm | {"api":"/api/cash-closing-dashboard","event":"CASH_CLOSING_DASHBOARD_QUERY_STARTED","filters":{"cluster":"","branch":"","fromDate":"","toDate":"","status":""},"timestamp":"2026-05-16T12:43:42.015Z"}
16/5/2026, 6:13:42 pm | {"api":"/api/cash-closing-dashboard","event":"CASH_CLOSING_DASHBOARD_DATA_FETCHED","totalRecords":55,"timestamp":"2026-05-16T12:43:42.021Z"}
16/5/2026, 6:13:42 pm | {"api":"/api/cash-closing-dashboard","event":"CASH_CLOSING_CLUSTER_FETCHED","totalClusters":4,"timestamp":"2026-05-16T12:43:42.025Z"}
16/5/2026, 6:13:42 pm | {"api":"/api/cash-closing-dashboard","event":"CASH_CLOSING_BRANCH_FETCHED","totalBranches":55,"timestamp":"2026-05-16T12:43:42.029Z"}
16/5/2026, 6:13:42 pm | {"api":"/api/cash-closing-dashboard","event":"CASH_CLOSING_DASHBOARD_SUCCESS","totalRecords":55,"filters":{"cluster":"","branch":"","fromDate":"","toDate":"","status":""},"timestamp":"2026-05-16T12:43:42.029Z"}
16/5/2026, 6:13:42 pm | {"api":"/api/cash-closing-dashboard","event":"CASH_CLOSING_DASHBOARD_API_STARTED","filters":{"cluster":"","branch":"","fromDate":"","toDate":"","status":""},"timestamp":"2026-05-16T12:43:42.551Z"}
16/5/2026, 6:13:42 pm | {"api":"/api/cash-closing-dashboard","event":"CASH_CLOSING_DASHBOARD_DB_CONNECTED","timestamp":"2026-05-16T12:43:42.552Z"}
16/5/2026, 6:13:42 pm | {"api":"/api/cash-closing-dashboard","event":"CASH_CLOSING_DASHBOARD_QUERY_STARTED","filters":{"cluster":"","branch":"","fromDate":"","toDate":"","status":""},"timestamp":"2026-05-16T12:43:42.552Z"}
16/5/2026, 6:13:42 pm | {"api":"/api/cash-closing-dashboard","event":"CASH_CLOSING_DASHBOARD_DATA_FETCHED","totalRecords":55,"timestamp":"2026-05-16T12:43:42.558Z"}
16/5/2026, 6:13:42 pm | {"api":"/api/cash-closing-dashboard","event":"CASH_CLOSING_CLUSTER_FETCHED","totalClusters":4,"timestamp":"2026-05-16T12:43:42.563Z"}
16/5/2026, 6:13:42 pm | {"api":"/api/cash-closing-dashboard","event":"CASH_CLOSING_BRANCH_FETCHED","totalBranches":55,"timestamp":"2026-05-16T12:43:42.568Z"}
16/5/2026, 6:13:42 pm | {"api":"/api/cash-closing-dashboard","event":"CASH_CLOSING_DASHBOARD_SUCCESS","totalRecords":55,"filters":{"cluster":"","branch":"","fromDate":"","toDate":"","status":""},"timestamp":"2026-05-16T12:43:42.568Z"}
16/5/2026, 6:13:42 pm | {"api":"/api/cash-closing-dashboard","event":"CASH_CLOSING_DASHBOARD_API_STARTED","filters":{"cluster":"","branch":"","fromDate":"","toDate":"","status":""},"timestamp":"2026-05-16T12:43:42.846Z"}
16/5/2026, 6:13:42 pm | {"api":"/api/cash-closing-dashboard","event":"CASH_CLOSING_DASHBOARD_DB_CONNECTED","timestamp":"2026-05-16T12:43:42.847Z"}
16/5/2026, 6:13:42 pm | {"api":"/api/cash-closing-dashboard","event":"CASH_CLOSING_DASHBOARD_QUERY_STARTED","filters":{"cluster":"","branch":"","fromDate":"","toDate":"","status":""},"timestamp":"2026-05-16T12:43:42.848Z"}
16/5/2026, 6:13:42 pm | {"api":"/api/cash-closing-dashboard","event":"CASH_CLOSING_DASHBOARD_DATA_FETCHED","totalRecords":55,"timestamp":"2026-05-16T12:43:42.854Z"}
16/5/2026, 6:13:42 pm | {"api":"/api/cash-closing-dashboard","event":"CASH_CLOSING_CLUSTER_FETCHED","totalClusters":4,"timestamp":"2026-05-16T12:43:42.859Z"}
16/5/2026, 6:13:42 pm | {"api":"/api/cash-closing-dashboard","event":"CASH_CLOSING_BRANCH_FETCHED","totalBranches":55,"timestamp":"2026-05-16T12:43:42.863Z"}
16/5/2026, 6:13:42 pm | {"api":"/api/cash-closing-dashboard","event":"CASH_CLOSING_DASHBOARD_SUCCESS","totalRecords":55,"filters":{"cluster":"","branch":"","fromDate":"","toDate":"","status":""},"timestamp":"2026-05-16T12:43:42.863Z"}
16/5/2026, 6:13:43 pm | {"api":"/api/cash-closing-dashboard","event":"CASH_CLOSING_DASHBOARD_API_STARTED","filters":{"cluster":"","branch":"","fromDate":"","toDate":"","status":""},"timestamp":"2026-05-16T12:43:43.229Z"}
16/5/2026, 6:13:43 pm | {"api":"/api/cash-closing-dashboard","event":"CASH_CLOSING_DASHBOARD_DB_CONNECTED","timestamp":"2026-05-16T12:43:43.230Z"}
16/5/2026, 6:13:43 pm | {"api":"/api/cash-closing-dashboard","event":"CASH_CLOSING_DASHBOARD_QUERY_STARTED","filters":{"cluster":"","branch":"","fromDate":"","toDate":"","status":""},"timestamp":"2026-05-16T12:43:43.230Z"}
16/5/2026, 6:13:43 pm | {"api":"/api/cash-closing-dashboard","event":"CASH_CLOSING_DASHBOARD_DATA_FETCHED","totalRecords":55,"timestamp":"2026-05-16T12:43:43.236Z"}
16/5/2026, 6:13:43 pm | {"api":"/api/cash-closing-dashboard","event":"CASH_CLOSING_CLUSTER_FETCHED","totalClusters":4,"timestamp":"2026-05-16T12:43:43.239Z"}
16/5/2026, 6:13:43 pm | {"api":"/api/cash-closing-dashboard","event":"CASH_CLOSING_BRANCH_FETCHED","totalBranches":55,"timestamp":"2026-05-16T12:43:43.242Z"}
16/5/2026, 6:13:43 pm | {"api":"/api/cash-closing-dashboard","event":"CASH_CLOSING_DASHBOARD_SUCCESS","totalRecords":55,"filters":{"cluster":"","branch":"","fromDate":"","toDate":"","status":""},"timestamp":"2026-05-16T12:43:43.243Z"}
16/5/2026, 6:13:43 pm | {"api":"/api/cash-closing-dashboard","event":"CASH_CLOSING_DASHBOARD_API_STARTED","filters":{"cluster":"","branch":"","fromDate":"","toDate":"","status":""},"timestamp":"2026-05-16T12:43:43.630Z"}
16/5/2026, 6:13:43 pm | {"api":"/api/cash-closing-dashboard","event":"CASH_CLOSING_DASHBOARD_DB_CONNECTED","timestamp":"2026-05-16T12:43:43.631Z"}
16/5/2026, 6:13:43 pm | {"api":"/api/cash-closing-dashboard","event":"CASH_CLOSING_DASHBOARD_QUERY_STARTED","filters":{"cluster":"","branch":"","fromDate":"","toDate":"","status":""},"timestamp":"2026-05-16T12:43:43.632Z"}
16/5/2026, 6:13:43 pm | {"api":"/api/cash-closing-dashboard","event":"CASH_CLOSING_DASHBOARD_DATA_FETCHED","totalRecords":55,"timestamp":"2026-05-16T12:43:43.639Z"}
16/5/2026, 6:13:43 pm | {"api":"/api/cash-closing-dashboard","event":"CASH_CLOSING_CLUSTER_FETCHED","totalClusters":4,"timestamp":"2026-05-16T12:43:43.644Z"}
16/5/2026, 6:13:43 pm | {"api":"/api/cash-closing-dashboard","event":"CASH_CLOSING_BRANCH_FETCHED","totalBranches":55,"timestamp":"2026-05-16T12:43:43.647Z"}
16/5/2026, 6:13:43 pm | {"api":"/api/cash-closing-dashboard","event":"CASH_CLOSING_DASHBOARD_SUCCESS","totalRecords":55,"filters":{"cluster":"","branch":"","fromDate":"","toDate":"","status":""},"timestamp":"2026-05-16T12:43:43.648Z"}
16/5/2026, 6:14:07 pm | {"api":"/login","event":"LOGIN_API_STARTED","mpin":"7890","deviceId":"9b069c4d515098f8","timestamp":"2026-05-16T12:44:07.868Z"}
16/5/2026, 6:14:07 pm | {"event":"LOGIN_REQUEST","mpin":"7890","deviceId":"9b069c4d515098f8","timestamp":"2026-05-16T12:44:07.869Z"}
16/5/2026, 6:14:07 pm | {"api":"/login","event":"LOGIN_DB_QUERY_STARTED","mpin":"7890","timestamp":"2026-05-16T12:44:07.870Z"}
16/5/2026, 6:14:07 pm | {"api":"/login","event":"LOGIN_USER_FOUND","empNo":"1011","branch":"Corporate Office","designation":"Asstt. Manager (IT)","timestamp":"2026-05-16T12:44:07.875Z"}
16/5/2026, 6:14:07 pm | {"api":"/login","event":"LOGIN_DEVICE_CHECK","empNo":"1011","savedDevice":"9b069c4d515098f8","currentDevice":"9b069c4d515098f8","timestamp":"2026-05-16T12:44:07.876Z"}
16/5/2026, 6:14:07 pm | {"api":"/login","event":"LOGIN_SUCCESS","empNo":"1011","branch":"Corporate Office","designation":"Asstt. Manager (IT)","loginTime":"2026-05-16T12:44:07.883Z"}
16/5/2026, 6:14:08 pm | {"api":"/employee/:empNo","event":"EMPLOYEE_API_STARTED","empNo":"1011","timestamp":"2026-05-16T12:44:08.213Z"}
16/5/2026, 6:14:08 pm | {"api":"/employee/:empNo","event":"EMPLOYEE_DB_QUERY_STARTED","empNo":"1011","timestamp":"2026-05-16T12:44:08.214Z"}
16/5/2026, 6:14:08 pm | {"api":"/employee/:empNo","event":"EMPLOYEE_FETCH_SUCCESS","empNo":"1011","employeeName":"Sathi Sri Kalyan Reddy","branch":"Corporate Office","designation":"Asstt. Manager (IT)","timestamp":"2026-05-16T12:44:08.219Z"}
16/5/2026, 6:14:08 pm | {"api":"/admin-dashboard","event":"ADMIN_DASHBOARD_API_STARTED","timestamp":"2026-05-16T12:44:08.358Z"}
16/5/2026, 6:14:08 pm | {"api":"/admin-dashboard","event":"ADMIN_DASHBOARD_DB_CONNECTED","timestamp":"2026-05-16T12:44:08.359Z"}
16/5/2026, 6:14:08 pm | {"api":"/admin-dashboard","event":"ADMIN_DASHBOARD_SUBMITTED_BRANCHES_FETCHED","count":0,"timestamp":"2026-05-16T12:44:08.366Z"}
16/5/2026, 6:14:08 pm | {"api":"/admin-dashboard","event":"ADMIN_DASHBOARD_SUBMITTED_FETCHED","submittedBranches":0,"totalAmount":0,"timestamp":"2026-05-16T12:44:08.370Z"}
16/5/2026, 6:14:08 pm | {"api":"/admin-dashboard","event":"ADMIN_DASHBOARD_PENDING_FETCHED","totalBranches":56,"pendingBranches":56,"timestamp":"2026-05-16T12:44:08.371Z"}
16/5/2026, 6:14:08 pm | {"api":"/admin-dashboard","event":"ADMIN_DASHBOARD_PENDING_BRANCHES_FETCHED","count":56,"timestamp":"2026-05-16T12:44:08.375Z"}
16/5/2026, 6:14:08 pm | {"api":"/admin-dashboard","event":"ADMIN_DASHBOARD_SUCCESS","submitted":0,"pending":56,"totalAmount":0,"average":0,"timestamp":"2026-05-16T12:44:08.376Z"}
16/5/2026, 6:21:39 pm | {"api":"/login","event":"LOGIN_API_STARTED","mpin":"7890","deviceId":"9b069c4d515098f8","timestamp":"2026-05-16T12:51:39.406Z"}
16/5/2026, 6:21:39 pm | {"event":"LOGIN_REQUEST","mpin":"7890","deviceId":"9b069c4d515098f8","timestamp":"2026-05-16T12:51:39.407Z"}
16/5/2026, 6:21:39 pm | {"api":"/login","event":"LOGIN_DB_QUERY_STARTED","mpin":"7890","timestamp":"2026-05-16T12:51:39.408Z"}
16/5/2026, 6:21:39 pm | {"api":"/login","event":"LOGIN_USER_FOUND","empNo":"1011","branch":"Corporate Office","designation":"Asstt. Manager (IT)","timestamp":"2026-05-16T12:51:39.421Z"}
16/5/2026, 6:21:39 pm | {"api":"/login","event":"LOGIN_DEVICE_CHECK","empNo":"1011","savedDevice":"9b069c4d515098f8","currentDevice":"9b069c4d515098f8","timestamp":"2026-05-16T12:51:39.422Z"}
16/5/2026, 6:21:39 pm | {"api":"/login","event":"LOGIN_SUCCESS","empNo":"1011","branch":"Corporate Office","designation":"Asstt. Manager (IT)","loginTime":"2026-05-16T12:51:39.431Z"}
16/5/2026, 6:21:39 pm | {"api":"/employee/:empNo","event":"EMPLOYEE_API_STARTED","empNo":"1011","timestamp":"2026-05-16T12:51:39.794Z"}
16/5/2026, 6:21:39 pm | {"api":"/employee/:empNo","event":"EMPLOYEE_DB_QUERY_STARTED","empNo":"1011","timestamp":"2026-05-16T12:51:39.795Z"}
16/5/2026, 6:21:39 pm | {"api":"/employee/:empNo","event":"EMPLOYEE_FETCH_SUCCESS","empNo":"1011","employeeName":"Sathi Sri Kalyan Reddy","branch":"Corporate Office","designation":"Asstt. Manager (IT)","timestamp":"2026-05-16T12:51:39.800Z"}
16/5/2026, 6:21:39 pm | {"api":"/admin-dashboard","event":"ADMIN_DASHBOARD_API_STARTED","timestamp":"2026-05-16T12:51:39.932Z"}
16/5/2026, 6:21:39 pm | {"api":"/admin-dashboard","event":"ADMIN_DASHBOARD_DB_CONNECTED","timestamp":"2026-05-16T12:51:39.933Z"}
16/5/2026, 6:21:39 pm | {"api":"/admin-dashboard","event":"ADMIN_DASHBOARD_SUBMITTED_BRANCHES_FETCHED","count":0,"timestamp":"2026-05-16T12:51:39.942Z"}
16/5/2026, 6:21:39 pm | {"api":"/admin-dashboard","event":"ADMIN_DASHBOARD_SUBMITTED_FETCHED","submittedBranches":0,"totalAmount":0,"timestamp":"2026-05-16T12:51:39.946Z"}
16/5/2026, 6:21:39 pm | {"api":"/admin-dashboard","event":"ADMIN_DASHBOARD_PENDING_FETCHED","totalBranches":56,"pendingBranches":56,"timestamp":"2026-05-16T12:51:39.947Z"}
16/5/2026, 6:21:39 pm | {"api":"/admin-dashboard","event":"ADMIN_DASHBOARD_PENDING_BRANCHES_FETCHED","count":56,"timestamp":"2026-05-16T12:51:39.952Z"}
16/5/2026, 6:21:39 pm | {"api":"/admin-dashboard","event":"ADMIN_DASHBOARD_SUCCESS","submitted":0,"pending":56,"totalAmount":0,"average":0,"timestamp":"2026-05-16T12:51:39.953Z"}
16/5/2026, 6:21:44 pm | {"api":"/employee/:empNo","event":"EMPLOYEE_API_STARTED","empNo":"1011","timestamp":"2026-05-16T12:51:44.045Z"}
16/5/2026, 6:21:44 pm | {"api":"/employee/:empNo","event":"EMPLOYEE_DB_QUERY_STARTED","empNo":"1011","timestamp":"2026-05-16T12:51:44.046Z"}
16/5/2026, 6:21:44 pm | {"api":"/employee/:empNo","event":"EMPLOYEE_FETCH_SUCCESS","empNo":"1011","employeeName":"Sathi Sri Kalyan Reddy","branch":"Corporate Office","designation":"Asstt. Manager (IT)","timestamp":"2026-05-16T12:51:44.051Z"}
16/5/2026, 6:21:44 pm | {"api":"/admin-dashboard","event":"ADMIN_DASHBOARD_API_STARTED","timestamp":"2026-05-16T12:51:44.163Z"}
16/5/2026, 6:21:44 pm | {"api":"/admin-dashboard","event":"ADMIN_DASHBOARD_DB_CONNECTED","timestamp":"2026-05-16T12:51:44.164Z"}
16/5/2026, 6:21:44 pm | {"api":"/admin-dashboard","event":"ADMIN_DASHBOARD_SUBMITTED_BRANCHES_FETCHED","count":0,"timestamp":"2026-05-16T12:51:44.171Z"}
16/5/2026, 6:21:44 pm | {"api":"/admin-dashboard","event":"ADMIN_DASHBOARD_SUBMITTED_FETCHED","submittedBranches":0,"totalAmount":0,"timestamp":"2026-05-16T12:51:44.175Z"}
16/5/2026, 6:21:44 pm | {"api":"/admin-dashboard","event":"ADMIN_DASHBOARD_PENDING_FETCHED","totalBranches":56,"pendingBranches":56,"timestamp":"2026-05-16T12:51:44.176Z"}
16/5/2026, 6:21:44 pm | {"api":"/admin-dashboard","event":"ADMIN_DASHBOARD_PENDING_BRANCHES_FETCHED","count":56,"timestamp":"2026-05-16T12:51:44.181Z"}
16/5/2026, 6:21:44 pm | {"api":"/admin-dashboard","event":"ADMIN_DASHBOARD_SUCCESS","submitted":0,"pending":56,"totalAmount":0,"average":0,"timestamp":"2026-05-16T12:51:44.182Z"}
16/5/2026, 6:21:52 pm | {"api":"/login","event":"LOGIN_API_STARTED","mpin":"2525","deviceId":"9b069c4d515098f8","timestamp":"2026-05-16T12:51:52.259Z"}
16/5/2026, 6:21:52 pm | {"event":"LOGIN_REQUEST","mpin":"2525","deviceId":"9b069c4d515098f8","timestamp":"2026-05-16T12:51:52.260Z"}
16/5/2026, 6:21:52 pm | {"api":"/login","event":"LOGIN_DB_QUERY_STARTED","mpin":"2525","timestamp":"2026-05-16T12:51:52.261Z"}
16/5/2026, 6:21:52 pm | {"api":"/login","event":"LOGIN_INVALID_MPIN","mpin":"2525","timestamp":"2026-05-16T12:51:52.266Z"}
16/5/2026, 6:27:29 pm | {"api":"/api/cash-closing-dashboard","event":"CASH_CLOSING_DASHBOARD_API_STARTED","filters":{"cluster":"","branch":"","fromDate":"","toDate":"","status":""},"timestamp":"2026-05-16T12:57:29.761Z"}
16/5/2026, 6:27:29 pm | {"api":"/api/cash-closing-dashboard","event":"CASH_CLOSING_DASHBOARD_DB_CONNECTED","timestamp":"2026-05-16T12:57:29.762Z"}
16/5/2026, 6:27:29 pm | {"api":"/api/cash-closing-dashboard","event":"CASH_CLOSING_DASHBOARD_QUERY_STARTED","filters":{"cluster":"","branch":"","fromDate":"","toDate":"","status":""},"timestamp":"2026-05-16T12:57:29.763Z"}
16/5/2026, 6:27:29 pm | {"api":"/api/cash-closing-dashboard","event":"CASH_CLOSING_DASHBOARD_DATA_FETCHED","totalRecords":55,"timestamp":"2026-05-16T12:57:29.776Z"}
16/5/2026, 6:27:29 pm | {"api":"/api/cash-closing-dashboard","event":"CASH_CLOSING_CLUSTER_FETCHED","totalClusters":4,"timestamp":"2026-05-16T12:57:29.780Z"}
16/5/2026, 6:27:29 pm | {"api":"/api/cash-closing-dashboard","event":"CASH_CLOSING_BRANCH_FETCHED","totalBranches":55,"timestamp":"2026-05-16T12:57:29.784Z"}
16/5/2026, 6:27:29 pm | {"api":"/api/cash-closing-dashboard","event":"CASH_CLOSING_DASHBOARD_SUCCESS","totalRecords":55,"filters":{"cluster":"","branch":"","fromDate":"","toDate":"","status":""},"timestamp":"2026-05-16T12:57:29.785Z"}
16/5/2026, 6:31:53 pm | {"api":"/api/cash-closing-dashboard","event":"CASH_CLOSING_DASHBOARD_API_STARTED","filters":{"cluster":"","branch":"","fromDate":"","toDate":"","status":""},"timestamp":"2026-05-16T13:01:53.430Z"}
16/5/2026, 6:31:53 pm | {"api":"/api/cash-closing-dashboard","event":"CASH_CLOSING_DASHBOARD_DB_CONNECTED","timestamp":"2026-05-16T13:01:53.431Z"}
16/5/2026, 6:31:53 pm | {"api":"/api/cash-closing-dashboard","event":"CASH_CLOSING_DASHBOARD_QUERY_STARTED","filters":{"cluster":"","branch":"","fromDate":"","toDate":"","status":""},"timestamp":"2026-05-16T13:01:53.431Z"}
16/5/2026, 6:31:53 pm | {"api":"/api/cash-closing-dashboard","event":"CASH_CLOSING_DASHBOARD_API_STARTED","filters":{"cluster":"","branch":"","fromDate":"","toDate":"","status":""},"timestamp":"2026-05-16T13:01:53.433Z"}
16/5/2026, 6:31:53 pm | {"api":"/api/cash-closing-dashboard","event":"CASH_CLOSING_DASHBOARD_DB_CONNECTED","timestamp":"2026-05-16T13:01:53.433Z"}
16/5/2026, 6:31:53 pm | {"api":"/api/cash-closing-dashboard","event":"CASH_CLOSING_DASHBOARD_QUERY_STARTED","filters":{"cluster":"","branch":"","fromDate":"","toDate":"","status":""},"timestamp":"2026-05-16T13:01:53.434Z"}
16/5/2026, 6:31:53 pm | {"api":"/api/cash-closing-dashboard","event":"CASH_CLOSING_DASHBOARD_DATA_FETCHED","totalRecords":55,"timestamp":"2026-05-16T13:01:53.445Z"}
16/5/2026, 6:31:53 pm | {"api":"/api/cash-closing-dashboard","event":"CASH_CLOSING_DASHBOARD_DATA_FETCHED","totalRecords":55,"timestamp":"2026-05-16T13:01:53.448Z"}
16/5/2026, 6:31:53 pm | {"api":"/api/cash-closing-dashboard","event":"CASH_CLOSING_CLUSTER_FETCHED","totalClusters":4,"timestamp":"2026-05-16T13:01:53.451Z"}
16/5/2026, 6:31:53 pm | {"api":"/api/cash-closing-dashboard","event":"CASH_CLOSING_CLUSTER_FETCHED","totalClusters":4,"timestamp":"2026-05-16T13:01:53.453Z"}
16/5/2026, 6:31:53 pm | {"api":"/api/cash-closing-dashboard","event":"CASH_CLOSING_BRANCH_FETCHED","totalBranches":55,"timestamp":"2026-05-16T13:01:53.456Z"}
16/5/2026, 6:31:53 pm | {"api":"/api/cash-closing-dashboard","event":"CASH_CLOSING_DASHBOARD_SUCCESS","totalRecords":55,"filters":{"cluster":"","branch":"","fromDate":"","toDate":"","status":""},"timestamp":"2026-05-16T13:01:53.456Z"}
16/5/2026, 6:31:53 pm | {"api":"/api/cash-closing-dashboard","event":"CASH_CLOSING_BRANCH_FETCHED","totalBranches":55,"timestamp":"2026-05-16T13:01:53.458Z"}
16/5/2026, 6:31:53 pm | {"api":"/api/cash-closing-dashboard","event":"CASH_CLOSING_DASHBOARD_SUCCESS","totalRecords":55,"filters":{"cluster":"","branch":"","fromDate":"","toDate":"","status":""},"timestamp":"2026-05-16T13:01:53.459Z"}
16/5/2026, 6:31:56 pm | {"api":"/api/cash-closing-dashboard","event":"CASH_CLOSING_DASHBOARD_API_STARTED","filters":{"cluster":"","branch":"","fromDate":"","toDate":"","status":""},"timestamp":"2026-05-16T13:01:56.057Z"}
16/5/2026, 6:31:56 pm | {"api":"/api/cash-closing-dashboard","event":"CASH_CLOSING_DASHBOARD_DB_CONNECTED","timestamp":"2026-05-16T13:01:56.058Z"}
16/5/2026, 6:31:56 pm | {"api":"/api/cash-closing-dashboard","event":"CASH_CLOSING_DASHBOARD_QUERY_STARTED","filters":{"cluster":"","branch":"","fromDate":"","toDate":"","status":""},"timestamp":"2026-05-16T13:01:56.060Z"}
16/5/2026, 6:31:56 pm | {"api":"/api/cash-closing-dashboard","event":"CASH_CLOSING_DASHBOARD_DATA_FETCHED","totalRecords":55,"timestamp":"2026-05-16T13:01:56.065Z"}
16/5/2026, 6:31:56 pm | {"api":"/api/cash-closing-dashboard","event":"CASH_CLOSING_CLUSTER_FETCHED","totalClusters":4,"timestamp":"2026-05-16T13:01:56.069Z"}
16/5/2026, 6:31:56 pm | {"api":"/api/cash-closing-dashboard","event":"CASH_CLOSING_BRANCH_FETCHED","totalBranches":55,"timestamp":"2026-05-16T13:01:56.072Z"}
16/5/2026, 6:31:56 pm | {"api":"/api/cash-closing-dashboard","event":"CASH_CLOSING_DASHBOARD_SUCCESS","totalRecords":55,"filters":{"cluster":"","branch":"","fromDate":"","toDate":"","status":""},"timestamp":"2026-05-16T13:01:56.073Z"}
16/5/2026, 6:31:59 pm | {"api":"/api/cash-closing-dashboard","event":"CASH_CLOSING_DASHBOARD_API_STARTED","filters":{"cluster":"","branch":"Akividu","fromDate":"","toDate":"","status":""},"timestamp":"2026-05-16T13:01:59.522Z"}
16/5/2026, 6:31:59 pm | {"api":"/api/cash-closing-dashboard","event":"CASH_CLOSING_DASHBOARD_DB_CONNECTED","timestamp":"2026-05-16T13:01:59.523Z"}
16/5/2026, 6:31:59 pm | {"api":"/api/cash-closing-dashboard","event":"CASH_CLOSING_DASHBOARD_QUERY_STARTED","filters":{"cluster":"","branch":"Akividu","fromDate":"","toDate":"","status":""},"timestamp":"2026-05-16T13:01:59.524Z"}
16/5/2026, 6:31:59 pm | {"api":"/api/cash-closing-dashboard","event":"CASH_CLOSING_DASHBOARD_DATA_FETCHED","totalRecords":1,"timestamp":"2026-05-16T13:01:59.537Z"}
16/5/2026, 6:31:59 pm | {"api":"/api/cash-closing-dashboard","event":"CASH_CLOSING_CLUSTER_FETCHED","totalClusters":4,"timestamp":"2026-05-16T13:01:59.541Z"}
16/5/2026, 6:31:59 pm | {"api":"/api/cash-closing-dashboard","event":"CASH_CLOSING_BRANCH_FETCHED","totalBranches":55,"timestamp":"2026-05-16T13:01:59.545Z"}
16/5/2026, 6:31:59 pm | {"api":"/api/cash-closing-dashboard","event":"CASH_CLOSING_DASHBOARD_SUCCESS","totalRecords":1,"filters":{"cluster":"","branch":"Akividu","fromDate":"","toDate":"","status":""},"timestamp":"2026-05-16T13:01:59.546Z"}
16/5/2026, 6:32:01 pm | {"api":"/api/cash-closing-dashboard","event":"CASH_CLOSING_DASHBOARD_API_STARTED","filters":{"cluster":"","branch":"","fromDate":"","toDate":"","status":""},"timestamp":"2026-05-16T13:02:01.303Z"}
16/5/2026, 6:32:01 pm | {"api":"/api/cash-closing-dashboard","event":"CASH_CLOSING_DASHBOARD_DB_CONNECTED","timestamp":"2026-05-16T13:02:01.304Z"}
16/5/2026, 6:32:01 pm | {"api":"/api/cash-closing-dashboard","event":"CASH_CLOSING_DASHBOARD_QUERY_STARTED","filters":{"cluster":"","branch":"","fromDate":"","toDate":"","status":""},"timestamp":"2026-05-16T13:02:01.305Z"}
16/5/2026, 6:32:01 pm | {"api":"/api/cash-closing-dashboard","event":"CASH_CLOSING_DASHBOARD_DATA_FETCHED","totalRecords":55,"timestamp":"2026-05-16T13:02:01.312Z"}
16/5/2026, 6:32:01 pm | {"api":"/api/cash-closing-dashboard","event":"CASH_CLOSING_CLUSTER_FETCHED","totalClusters":4,"timestamp":"2026-05-16T13:02:01.318Z"}
16/5/2026, 6:32:01 pm | {"api":"/api/cash-closing-dashboard","event":"CASH_CLOSING_BRANCH_FETCHED","totalBranches":55,"timestamp":"2026-05-16T13:02:01.321Z"}
16/5/2026, 6:32:01 pm | {"api":"/api/cash-closing-dashboard","event":"CASH_CLOSING_DASHBOARD_SUCCESS","totalRecords":55,"filters":{"cluster":"","branch":"","fromDate":"","toDate":"","status":""},"timestamp":"2026-05-16T13:02:01.322Z"}
16/5/2026, 6:33:00 pm | {"api":"/api/cash-closing-dashboard","event":"CASH_CLOSING_DASHBOARD_API_STARTED","filters":{"cluster":"","branch":"","fromDate":"","toDate":"","status":""},"timestamp":"2026-05-16T13:03:00.158Z"}
16/5/2026, 6:33:00 pm | {"api":"/api/cash-closing-dashboard","event":"CASH_CLOSING_DASHBOARD_DB_CONNECTED","timestamp":"2026-05-16T13:03:00.159Z"}
16/5/2026, 6:33:00 pm | {"api":"/api/cash-closing-dashboard","event":"CASH_CLOSING_DASHBOARD_QUERY_STARTED","filters":{"cluster":"","branch":"","fromDate":"","toDate":"","status":""},"timestamp":"2026-05-16T13:03:00.160Z"}
16/5/2026, 6:33:00 pm | {"api":"/api/cash-closing-dashboard","event":"CASH_CLOSING_DASHBOARD_DATA_FETCHED","totalRecords":55,"timestamp":"2026-05-16T13:03:00.172Z"}
16/5/2026, 6:33:00 pm | {"api":"/api/cash-closing-dashboard","event":"CASH_CLOSING_CLUSTER_FETCHED","totalClusters":4,"timestamp":"2026-05-16T13:03:00.178Z"}
16/5/2026, 6:33:00 pm | {"api":"/api/cash-closing-dashboard","event":"CASH_CLOSING_BRANCH_FETCHED","totalBranches":55,"timestamp":"2026-05-16T13:03:00.182Z"}
16/5/2026, 6:33:00 pm | {"api":"/api/cash-closing-dashboard","event":"CASH_CLOSING_DASHBOARD_SUCCESS","totalRecords":55,"filters":{"cluster":"","branch":"","fromDate":"","toDate":"","status":""},"timestamp":"2026-05-16T13:03:00.182Z"}
